C51 COMPILER V9.52.0.0   AT24C08                                                           06/02/2018 10:26:52 PAGE 1   


C51 COMPILER V9.52.0.0, COMPILATION OF MODULE AT24C08
OBJECT MODULE PLACED IN at24c08.OBJ
COMPILER INVOKED BY: C:\Keil\C51\BIN\C51.EXE at24c08.c LARGE OPTIMIZE(6,SPEED) BROWSE INCDIR(G:\CB589P) DEBUG OBJECTEXTE
                    -ND TABS(2)

line level    source

   1          #include "system.h"
   2          #include "at24c08.h"
   3          
   4          /*-------------------------------------------------------------------------
   5          *函数：initAt24c08  存储器初使化
   6          *参数：无  
   7          *返回值：无
   8          *-------------------------------------------------------------------------*/
   9          void initAt24c08(void)
  10          {
  11   1        
  12   1        P0MDL &= 0x0F; 
  13   1        P0MDL |= 0xa0;
  14   1        AT24C08_SDA = 1;
  15   1        AT24C08_SCL = 1;
  16   1      }
  17          /*-------------------------------------------------------------------------
  18          *函数：at24c08I2cStart  存储器启动
  19          *参数：无  
  20          *返回值：无
  21          *-------------------------------------------------------------------------*/
  22          void at24c08I2cStart(void)
  23          {
  24   1        AT24C08_SDA = 1;
  25   1        AT24C08_SCL = 1;
  26   1        delayus(2);
  27   1        AT24C08_SDA = 0;
  28   1        delayus(2);
  29   1        AT24C08_SCL = 0;
  30   1      }
  31          /*-------------------------------------------------------------------------
  32          *函数：at24c08I2cStop  存储器停止使用
  33          *参数：无  
  34          *返回值：无
  35          *-------------------------------------------------------------------------*/
  36          void at24c08I2cStop(void)
  37          {
  38   1        AT24C08_SDA = 0;
  39   1        delayus(2);
  40   1        AT24C08_SCL = 1;
  41   1        delayus(2);
  42   1        AT24C08_SDA = 1;
  43   1        delayus(2);
  44   1      }
  45          /*-------------------------------------------------------------------------
  46          *函数：at24c08RxAck  读1位存储器
  47          *参数：无  
  48          *返回值：无
  49          *-------------------------------------------------------------------------*/
  50          u8 at24c08RxAck(void)
  51          { 
  52   1        
  53   1        unsigned char tempTime=0;
  54   1        AT24C08_SCL = 0;
C51 COMPILER V9.52.0.0   AT24C08                                                           06/02/2018 10:26:52 PAGE 2   

  55   1        delayus(2);
  56   1        SET_AT24C08_SDA_IN;
  57   1        
  58   1        AT24C08_SCL = 1;
  59   1        delayus(2);
  60   1        while(AT24C08_SDA)
  61   1        {
  62   2          tempTime++;
  63   2          if(tempTime>250)
  64   2          {
  65   3            
  66   3            at24c08I2cStop();
  67   3            SET_AT24C08_SDA_OUT;
  68   3            return 1;
  69   3          }  
  70   2        } 
  71   1        
  72   1        AT24C08_SCL = 0;
  73   1        SET_AT24C08_SDA_OUT;
  74   1        delayus(2);
  75   1        return 0;
  76   1      }
  77          /*-------------------------------------------------------------------------
  78          *函数：at24c08TxAck  写1位存储器
  79          *参数：ACK要写的字  
  80          *返回值：无
  81          *-------------------------------------------------------------------------*/
  82          void at24c08TxAck(u8 ACK) 
  83          {
  84   1        AT24C08_SCL = 0;
  85   1        delayus(2);
  86   1        AT24C08_SDA = ACK;
  87   1        delayus(2);
  88   1        AT24C08_SCL = 1;
  89   1        delayus(2);
  90   1        AT24C08_SCL = 0;
  91   1        delayus(2); 
  92   1      }
  93          /*-------------------------------------------------------------------------
  94          *函数：at24c08I2cWriteByte  存储器写入字
  95          *参数：value   要写的字 
  96          *返回值：无
  97          *-------------------------------------------------------------------------*/
  98          void at24c08I2cWriteByte(u8 value)
  99          {
 100   1        unsigned char i;
 101   1        
 102   1        AT24C08_SCL = 0;
 103   1        for(i=0; i<8; i++)
 104   1        {
 105   2          if(value & 0x80)
 106   2          {
 107   3            AT24C08_SDA = 1;
 108   3          }
 109   2          else
 110   2          {
 111   3            AT24C08_SDA = 0;
 112   3          }
 113   2          delayus(2);
 114   2          AT24C08_SCL = 1;
 115   2          delayus(2);
 116   2          AT24C08_SCL = 0;
C51 COMPILER V9.52.0.0   AT24C08                                                           06/02/2018 10:26:52 PAGE 3   

 117   2          value <<= 1;
 118   2        }
 119   1      }
 120          /*-------------------------------------------------------------------------
 121          *函数：at24c08I2cReadByte  存储器读一字
 122          *参数：无  
 123          *返回值：读出的字
 124          *-------------------------------------------------------------------------*/
 125          u8 at24c08I2cReadByte(void)
 126          {
 127   1        u8 i,temp;
 128   1        
 129   1        AT24C08_SCL = 0;
 130   1        delayus(2);
 131   1        SET_AT24C08_SDA_IN;
 132   1        delayus(2);
 133   1        for(i=0; i<8; i++)
 134   1        {
 135   2          temp <<= 1;
 136   2          if(AT24C08_SDA)
 137   2          {
 138   3            temp |= 0x01;
 139   3          }
 140   2          delayus(2); 
 141   2          AT24C08_SCL = 1;
 142   2          delayus(2); 
 143   2          AT24C08_SCL = 0;
 144   2        }
 145   1        SET_AT24C08_SDA_OUT;
 146   1        return temp;
 147   1      }
 148          /*-------------------------------------------------------------------------
 149          *函数：eepromWriteByte  向存储器是写字
 150          *参数：page 存储器页   addr 存储器地址  value 写入的值 
 151          *返回值：无
 152          *-------------------------------------------------------------------------*/
 153          void eepromWriteByte(u8 page,u8 addr,u8 value)
 154          {
 155   1        at24c08I2cStart();
 156   1        at24c08I2cWriteByte(page);
 157   1        while(at24c08RxAck());
 158   1        at24c08I2cWriteByte(addr);
 159   1        while(at24c08RxAck());
 160   1        at24c08I2cWriteByte(value);
 161   1        while(at24c08RxAck());
 162   1        at24c08I2cStop();
 163   1        delayms(5);
 164   1      }
 165          /*-------------------------------------------------------------------------
 166          *函数：eepromWritePage  存储器写入
 167          *参数：无  
 168          *返回值：无
 169          *-------------------------------------------------------------------------*/
 170          void eepromWritePage(u8 page,u8 *p_value, u8 addr, u8 len)
 171          {
 172   1        u8 i;
 173   1        at24c08I2cStart();
 174   1        at24c08I2cWriteByte(page);
 175   1        while(at24c08RxAck());
 176   1        at24c08I2cWriteByte(addr);
 177   1        while(at24c08RxAck());
 178   1        
C51 COMPILER V9.52.0.0   AT24C08                                                           06/02/2018 10:26:52 PAGE 4   

 179   1        for(i=0; i<len; i++)
 180   1        {
 181   2          at24c08I2cWriteByte(*(p_value++));
 182   2          while(at24c08RxAck());
 183   2        }
 184   1        at24c08I2cStop();
 185   1        delayms(5);
 186   1      }
 187          /*-------------------------------------------------------------------------
 188          *函数：eepromReadByte  读存储器
 189          *参数：无  
 190          *返回值：所读的值
 191          *-------------------------------------------------------------------------*/
 192          u8 eepromReadByte(u8 page,u8 addr)
 193          {
 194   1        u8 value;
 195   1        
 196   1        at24c08I2cStart();
 197   1        at24c08I2cWriteByte(page);
 198   1        while(at24c08RxAck());
 199   1        at24c08I2cWriteByte(addr);
 200   1        while(at24c08RxAck());
 201   1        at24c08I2cStart();
 202   1        at24c08I2cWriteByte(page | 0x01);
 203   1        while(at24c08RxAck());
 204   1        value = at24c08I2cReadByte();
 205   1        at24c08TxAck(1);
 206   1        at24c08I2cStop();
 207   1        delayms(5);
 208   1        return value;
 209   1      }
 210          /*-------------------------------------------------------------------------
 211          *函数：eepromReadSequential  读存储器
 212          *参数：无  
 213          *返回值：无
 214          *-------------------------------------------------------------------------*/
 215          void eepromReadSequential(u8 page,u8 *p_data,u8 addr,u8 length)
 216          {
 217   1        u16 i;
 218   1      
 219   1        at24c08I2cStart();
 220   1        at24c08I2cWriteByte(page);
 221   1        while(at24c08RxAck());
 222   1        at24c08I2cWriteByte(addr);
 223   1        while(at24c08RxAck());
 224   1        at24c08I2cStart();
 225   1        at24c08I2cWriteByte(page | 0x01);
 226   1        while(at24c08RxAck());
 227   1        for(i=0; i<length-1; i++)  //最后一位要另外读，因为读完最后一位发非应答信号
 228   1        {
 229   2          *(p_data + i) = at24c08I2cReadByte();
 230   2          at24c08TxAck(0);
 231   2        }
 232   1        *(p_data + i) = at24c08I2cReadByte();
 233   1        at24c08TxAck(1);
 234   1      
 235   1        at24c08I2cStop();
 236   1      }


MODULE INFORMATION:   STATIC OVERLAYABLE
   CODE SIZE        =    738    ----
C51 COMPILER V9.52.0.0   AT24C08                                                           06/02/2018 10:26:52 PAGE 5   

   CONSTANT SIZE    =   ----    ----
   XDATA SIZE       =   ----      27
   PDATA SIZE       =   ----    ----
   DATA SIZE        =   ----    ----
   IDATA SIZE       =   ----    ----
   BIT SIZE         =   ----    ----
END OF MODULE INFORMATION.


C51 COMPILATION COMPLETE.  0 WARNING(S),  0 ERROR(S)
