BL51 BANKED LINKER/LOCATER V6.22                                                        06/02/2018  10:26:57  PAGE 1


BL51 BANKED LINKER/LOCATER V6.22, INVOKED BY:
C:\KEIL\C51\BIN\BL51.EXE main.obj, system.obj, TM1722.obj, Keys.obj, KB4815.obj, Menu.obj, at24c08.obj, memory.obj, hand
>> ler.obj, uart.obj, lcd.obj, CB_Line.obj, MenuEvent.obj TO CB589P RAMSIZE (256) DISABLEWARNING (16)


MEMORY MODEL: LARGE WITH FLOATING POINT ARITHMETIC


INPUT MODULES INCLUDED:
  main.obj (MAIN)
  system.obj (SYSTEM)
  TM1722.obj (TM1722)
  Keys.obj (KEYS)
  KB4815.obj (KB4815)
  Menu.obj (MENU)
  at24c08.obj (AT24C08)
  memory.obj (MEMORY)
  handler.obj (HANDLER)
  uart.obj (UART)
  lcd.obj (LCD)
  CB_Line.obj (CB_LINE)
  MenuEvent.obj (MENUEVENT)
  C:\KEIL\C51\LIB\C51FPL.LIB (?C?FPADD)
  C:\KEIL\C51\LIB\C51FPL.LIB (?C?FPMUL)
  C:\KEIL\C51\LIB\C51FPL.LIB (?C?FPDIV)
  C:\KEIL\C51\LIB\C51FPL.LIB (?C?FPCMP)
  C:\KEIL\C51\LIB\C51FPL.LIB (?C?FCAST)
  C:\KEIL\C51\LIB\C51FPL.LIB (?C?CASTF)
  C:\KEIL\C51\LIB\C51FPL.LIB (?C?FPGETOPN)
  C:\KEIL\C51\LIB\C51L.LIB (?C_STARTUP)
  C:\KEIL\C51\LIB\C51L.LIB (?C?SCDIV)
  C:\KEIL\C51\LIB\C51L.LIB (?C?CLDPTR)
  C:\KEIL\C51\LIB\C51L.LIB (?C?CSTOPTR)
  C:\KEIL\C51\LIB\C51L.LIB (?C?UIDIV)
  C:\KEIL\C51\LIB\C51L.LIB (?C?ILDIX)
  C:\KEIL\C51\LIB\C51L.LIB (?C?ULDIV)
  C:\KEIL\C51\LIB\C51L.LIB (?C?LNEG)
  C:\KEIL\C51\LIB\C51L.LIB (?C?ULCMP)
  C:\KEIL\C51\LIB\C51L.LIB (?C?ULSHR)
  C:\KEIL\C51\LIB\C51L.LIB (?C?LSHL)
  C:\KEIL\C51\LIB\C51L.LIB (?C?LSTXDATA)
  C:\KEIL\C51\LIB\C51L.LIB (?C?LSTKXDATA)
  C:\KEIL\C51\LIB\C51L.LIB (?C?CCASE)
  C:\KEIL\C51\LIB\C51L.LIB (?C_INIT)


LINK MAP OF MODULE:  CB589P (MAIN)


            TYPE    BASE      LENGTH    RELOCATION   SEGMENT NAME
            -----------------------------------------------------

            * * * * * * *   D A T A   M E M O R Y   * * * * * * *
            REG     0000H     0008H     ABSOLUTE     "REG BANK 0"
            IDATA   0008H     0001H     UNIT         ?STACK

            * * * * * * *  X D A T A   M E M O R Y  * * * * * * *
            XDATA   0000H     00F9H     UNIT         ?XD?KB4815
BL51 BANKED LINKER/LOCATER V6.22                                                      06/02/2018  10:26:57  PAGE 2


            XDATA   00F9H     006DH     UNIT         ?XD?SYSTEM
            XDATA   0166H     0057H     UNIT         ?XD?UART
            XDATA   01BDH     0051H     UNIT         ?XD?TM1722
            XDATA   020EH     0028H     UNIT         _XDATA_GROUP_
            XDATA   0236H     0014H     UNIT         ?XD?KEYS
            XDATA   024AH     0010H     UNIT         ?XD?GET_BATT_AD?SYSTEM
            XDATA   025AH     0010H     UNIT         ?XD?CB_LINE
            XDATA   026AH     000EH     UNIT         ?XD?MENU
            XDATA   0278H     0008H     UNIT         ?XD?_EEPROMREADSEQUENTIAL?AT24C08
            XDATA   0280H     0007H     UNIT         ?XD?_EEPROMWRITEPAGE?AT24C08
            XDATA   0287H     0006H     UNIT         ?XD?MAIN
            XDATA   028DH     0003H     UNIT         ?XD?_TM1722_WRITE_STRING?TM1722
            XDATA   0290H     0003H     UNIT         ?XD?LCD
            XDATA   0293H     0002H     UNIT         ?XD?CHECKBATT?CB_LINE
            XDATA   0295H     0002H     UNIT         ?XD?MENUEVENT
            XDATA   0297H     0001H     UNIT         ?XD?CHANNEL_FRECAL_UP_FUC?MENUEVENT
            XDATA   0298H     0001H     UNIT         ?XD?CHANNEL_FRECAL_DN_FUC?MENUEVENT

            * * * * * * *   C O D E   M E M O R Y   * * * * * * *
            CODE    0000H     0003H     ABSOLUTE     
            CODE    0003H     0008H     UNIT         ?PR?_UART1SENDBYTE?UART
            CODE    000BH     0003H     ABSOLUTE     
            CODE    000EH     0004H     UNIT         ?PR?SHOWFACTORYSETING?LCD
            CODE    0012H     0001H     UNIT         ?PR?LOADTOBK4815?MEMORY
            CODE    0013H     0003H     ABSOLUTE     
            CODE    0016H     000BH     UNIT         ?PR?INITAT24C08?AT24C08
                    0021H     0002H                  *** GAP ***
            CODE    0023H     0003H     ABSOLUTE     
            CODE    0026H     0D32H     UNIT         ?PR?_MENUOPERATE?MENU
            CODE    0D58H     06E8H     UNIT         ?PR?TWINKLE_CONTROL?LCD
            CODE    1440H     0614H     UNIT         ?C?LIB_CODE
            CODE    1A54H     0560H     UNIT         ?PR?INITBK4815?KB4815
            CODE    1FB4H     0552H     UNIT         ?PR?_SENDCOMMAND?UART
            CODE    2506H     0324H     UNIT         ?PR?_GET_AD?SYSTEM
            CODE    282AH     02EEH     UNIT         ?PR?STARTBK4815TX?KB4815
            CODE    2B18H     027FH     UNIT         ?PR?CHANNEL_AF_FUC?MENUEVENT
            CODE    2D97H     0277H     UNIT         ?PR?CHECKALLPARAM?HANDLER
            CODE    300EH     026EH     UNIT         ?PR?ENTERBK4815RX?KB4815
            CODE    327CH     0204H     UNIT         ?PR?SHOWCHANNEL?LCD
            CODE    3480H     01EBH     UNIT         ?PR?LOADALLPARAM?MEMORY
            CODE    366BH     01DBH     UNIT         ?C_INITSEG
            CODE    3846H     01D3H     UNIT         ?PR?IS_KEY2_PRESS?KEYS
            CODE    3A19H     01C2H     UNIT         ?PR?EVENHANDLER?CB_LINE
            CODE    3BDBH     019DH     UNIT         ?PR?_LCD_STRENGTH?TM1722
            CODE    3D78H     0189H     UNIT         ?PR?IS_KEY1_PRESS?KEYS
            CODE    3F01H     0189H     UNIT         ?PR?CHANNEL_FAF_PPT_FUC?MENUEVENT
            CODE    408AH     0183H     UNIT         ?PR?SAVEALLPARAM?MEMORY
            CODE    420DH     013CH     UNIT         ?PR?CHANNEL_LONGUP_FUC?MENUEVENT
            CODE    4349H     0131H     UNIT         ?PR?CHECK_DW?KEYS
            CODE    447AH     012FH     UNIT         ?PR?CHECKCHANNEL?MENUEVENT
            CODE    45A9H     012DH     UNIT         ?PR?GET_BATT_AD?SYSTEM
            CODE    46D6H     0124H     UNIT         ?PR?UART0?UART
            CODE    47FAH     011DH     UNIT         ?PR?CHANNEL_SQ_SET_DN_FUC?MENUEVENT
            CODE    4917H     0117H     UNIT         ?PR?CHANNEL_SQ_SET_UP_FUC?MENUEVENT
            CODE    4A2EH     0112H     UNIT         ?PR?RECEIVERSSI?UART
            CODE    4B40H     0112H     UNIT         ?PR?SHOWSQRESET?LCD
            CODE    4C52H     00EFH     UNIT         ?PR?CHANNEL_UP_FUC?MENUEVENT
BL51 BANKED LINKER/LOCATER V6.22                                                      06/02/2018  10:26:57  PAGE 3


            CODE    4D41H     00E4H     UNIT         ?PR?CHECK_SCAN?KEYS
            CODE    4E25H     00D6H     UNIT         ?PR?CHANNEL_LONGDN_FUC?MENUEVENT
            CODE    4EFBH     00D5H     UNIT         ?PR?SHOWFC?LCD
            CODE    4FD0H     00D1H     UNIT         ?PR?CHANNEL_DW_FUC?MENUEVENT
            CODE    50A1H     00CFH     UNIT         ?PR?CHANNEL_PPTDN_FUC?MENUEVENT
            CODE    5170H     00CEH     UNIT         ?PR?CHANNEL_DN_FUC?MENUEVENT
            CODE    523EH     00BFH     UNIT         ?PR?CHANNEL_LONG_AF_FUC?MENUEVENT
            CODE    52FDH     00B7H     UNIT         ?PR?_EEPROMREADSEQUENTIAL?AT24C08
            CODE    53B4H     00B4H     UNIT         ?PR?CHANNEL_EMG_FUC?MENUEVENT
            CODE    5468H     00A3H     UNIT         ?PR?SAVEDTMF?MEMORY
            CODE    550BH     00A0H     UNIT         ?CO?TM1722
            CODE    55ABH     00A0H     UNIT         ?PR?CHANNEL_SQ_VOLUP_FUC?MENUEVENT
            CODE    564BH     0098H     UNIT         ?PR?CHANNEL_SQ_VOLDN_FUC?MENUEVENT
            CODE    56E3H     0094H     UNIT         ?PR?PWR_MUTE_PRESS?KEYS
            CODE    5777H     008EH     UNIT         ?PR?_CHECK_KEY?KEYS
            CODE    5805H     008CH     UNIT         ?PR?CHANNEL_PPTUP_FUC?MENUEVENT
            CODE    5891H     008CH     UNIT         ?C_C51STARTUP
            CODE    591DH     0089H     UNIT         ?PR?TM1722_SHOW?TM1722
            CODE    59A6H     0080H     UNIT         ?CO?KB4815
            CODE    5A26H     007DH     UNIT         ?PR?SETDEFAULTPARAM?HANDLER
            CODE    5AA3H     007BH     UNIT         ?PR?SHOWFRECALSET?LCD
            CODE    5B1EH     007AH     UNIT         ?PR?WIRELESSCHECKREC?CB_LINE
            CODE    5B98H     0078H     UNIT         ?PR?MAIN?MAIN
            CODE    5C10H     0078H     UNIT         ?PR?RX_STRENGTH_SHOW?LCD
            CODE    5C88H     0078H     UNIT         ?PR?CHECKBATT?CB_LINE
            CODE    5D00H     0077H     UNIT         ?PR?IRQ_TIMER1?MAIN
            CODE    5D77H     0070H     UNIT         ?PR?CHANNEL_FAF_FUC?MENUEVENT
            CODE    5DE7H     006DH     UNIT         ?PR?_EEPROMWRITEPAGE?AT24C08
            CODE    5E54H     0064H     UNIT         ?PR?_BK_DTMF_TX?KB4815
            CODE    5EB8H     0062H     UNIT         ?PR?CHANNEL_FAF_UP_FUC?MENUEVENT
            CODE    5F1AH     0060H     UNIT         ?PR?LOADLCDBEEP?LCD
            CODE    5F7AH     0060H     UNIT         ?PR?CHANNEL_FAF_DN_FUC?MENUEVENT
            CODE    5FDAH     005EH     UNIT         ?PR?_BK_READ_REG?KB4815
            CODE    6038H     0057H     UNIT         ?PR?_EEPROMREADBYTE?AT24C08
            CODE    608FH     0057H     UNIT         ?PR?CHANNEL_DOUBLEMUTE_FUC?MENUEVENT
            CODE    60E6H     0055H     UNIT         ?PR?CHANNEL_LONGSQ_FUC?MENUEVENT
            CODE    613BH     0051H     UNIT         ?PR?CHANNEL_VOLUP_FUC?MENUEVENT
            CODE    618CH     0050H     UNIT         ?PR?_SHOWCONTRY?TM1722
            CODE    61DCH     004EH     UNIT         ?PR?WAITPOWERON?MAIN
            CODE    622AH     004EH     UNIT         ?PR?KEYS_PRESS_SCAN?CB_LINE
            CODE    6278H     004CH     UNIT         ?PR?BK_DTMF_RECIVE?KB4815
            CODE    62C4H     004CH     UNIT         ?PR?AT24C08I2CREADBYTE?AT24C08
            CODE    6310H     004CH     UNIT         ?PR?GET4815RSSI?CB_LINE
            CODE    635CH     004AH     UNIT         ?PR?CHECKHITPOWERPRESS?MAIN
            CODE    63A6H     004AH     UNIT         ?PR?_ISSENDCMDOK?UART
            CODE    63F0H     0044H     UNIT         ?PR?INITMENU?MENU
            CODE    6434H     0044H     UNIT         ?PR?AT24C08RXACK?AT24C08
            CODE    6478H     0043H     UNIT         ?PR?_EEPROMWRITEBYTE?AT24C08
            CODE    64BBH     0043H     UNIT         ?PR?CHECKHITPOWER?LCD
            CODE    64FEH     0043H     UNIT         ?PR?CHANNEL_MENU_BACK_FUC?MENUEVENT
            CODE    6541H     0043H     UNIT         ?PR?FACTORY_SETTING_FUC?MENUEVENT
            CODE    6584H     0042H     UNIT         ?PR?ISDTMFSENDOK?KB4815
            CODE    65C6H     0041H     UNIT         ?PR?INITKEY?KEYS
            CODE    6607H     0041H     UNIT         ?PR?SHOWSQSET?LCD
            CODE    6648H     0041H     UNIT         ?PR?CHANNEL_VOLDN_FUC?MENUEVENT
            CODE    6689H     0041H     UNIT         ?PR?CHANNEL_RFG_DN_FUC?MENUEVENT
            CODE    66CAH     0040H     UNIT         ?PR?LCD_CLEAR?TM1722
BL51 BANKED LINKER/LOCATER V6.22                                                      06/02/2018  10:26:57  PAGE 4


            CODE    670AH     0040H     UNIT         ?PR?_BK_WRITE_REG?KB4815
            CODE    674AH     0040H     UNIT         ?PR?CHANNEL_RFG_UP_FUC?MENUEVENT
            CODE    678AH     003FH     UNIT         ?PR?BK_DTMF_INTERUPT_CLEAR?KB4815
            CODE    67C9H     003FH     UNIT         ?PR?ISMODUCONSTANT?HANDLER
            CODE    6808H     003CH     UNIT         ?PR?GETSQSET?UART
            CODE    6844H     003BH     UNIT         ?PR?_TM1722_WRITE_STRING?TM1722
            CODE    687FH     003AH     UNIT         ?PR?IO_INIT?SYSTEM
            CODE    68B9H     0038H     UNIT         ?PR?_AT24C08I2CWRITEBYTE?AT24C08
            CODE    68F1H     0038H     UNIT         ?PR?SHOWRFG?LCD
            CODE    6929H     0037H     UNIT         ?PR?SHOWBP?LCD
            CODE    6960H     0037H     UNIT         ?PR?SHOWFB?LCD
            CODE    6997H     0036H     UNIT         ?PR?CHECKTXPOWER?HANDLER
            CODE    69CDH     0035H     UNIT         ?PR?TM1722_INIT?TM1722
            CODE    6A02H     0033H     UNIT         ?PR?SHOWSPEAKSWITCH?LCD
            CODE    6A35H     0031H     UNIT         ?PR?_SAVEDATA?MEMORY
            CODE    6A66H     0031H     UNIT         ?PR?SAVEMENUPARAM?MEMORY
            CODE    6A97H     0030H     UNIT         ?PR?BK_RX2TX?KB4815
            CODE    6AC7H     0030H     UNIT         ?PR?CHANNEL_LOCK_PRESSOTHER_FUC?MENUEVENT
            CODE    6AF7H     002FH     UNIT         ?PR?PLAYBUTTONTONE?LCD
            CODE    6B26H     002FH     UNIT         ?PR?CHANNEL_LONGF_F_F_FC_DN_FUC?MENUEVENT
            CODE    6B55H     002EH     UNIT         ?PR?PPT_PRESS?KEYS
            CODE    6B83H     002DH     UNIT         ?PR?CLOSE_SQ?CB_LINE
            CODE    6BB0H     002BH     UNIT         ?PR?CHANNEL_FRECAL_UP_FUC?MENUEVENT
            CODE    6BDBH     002BH     UNIT         ?PR?CHANNEL_FRECAL_DN_FUC?MENUEVENT
            CODE    6C06H     002AH     UNIT         ?PR?CLEARFLAG?HANDLER
            CODE    6C30H     002AH     UNIT         ?PR?ANALYSECMD?UART
            CODE    6C5AH     002AH     UNIT         ?PR?SHOWSQ?LCD
            CODE    6C84H     002AH     UNIT         ?PR?SHOWASQ?LCD
            CODE    6CAEH     0029H     UNIT         ?PR?_TM1722_WRITE_BYTE?TM1722
            CODE    6CD7H     0029H     UNIT         ?PR?_LOADDATA?MEMORY
            CODE    6D00H     0028H     UNIT         ?PR?_AT24C08TXACK?AT24C08
            CODE    6D28H     0028H     UNIT         ?PR?INITHANDLER?HANDLER
            CODE    6D50H     0028H     UNIT         ?PR?CHANNEL_LONGF_PB_UP_FUC?MENUEVENT
            CODE    6D78H     0028H     UNIT         ?PR?CHANNEL_LONGF_PB_DN_FUC?MENUEVENT
            CODE    6DA0H     0028H     UNIT         ?PR?CHANNEL_LONGF_F_F_FC_UP_FUC?MENUEVENT
            CODE    6DC8H     0028H     UNIT         ?PR?CHANNEL_LONGF_F_FB_UP_FUC?MENUEVENT
            CODE    6DF0H     0028H     UNIT         ?PR?CHANNEL_LONGF_F_FB_DN_FUC?MENUEVENT
            CODE    6E18H     0027H     UNIT         ?PR?CHANNEL_SCAN_SCAN_FUC?MENUEVENT
            CODE    6E3FH     0027H     UNIT         ?PR?CHANNEL_SQ_SET_F_FUC?MENUEVENT
            CODE    6E66H     0026H     UNIT         ?PR?INITBEEP?SYSTEM
            CODE    6E8CH     0026H     UNIT         ?PR?_TM1722_WRITE_WORD?TM1722
            CODE    6EB2H     0026H     UNIT         ?PR?BK_TX2RX?KB4815
            CODE    6ED8H     0025H     UNIT         ?PR?_LCD_NUM4?TM1722
            CODE    6EFDH     0025H     UNIT         ?PR?_LCD_NUM5?TM1722
            CODE    6F22H     0024H     UNIT         ?PR?CHANNEL_SCAN_FUC?MENUEVENT
            CODE    6F46H     0023H     UNIT         ?PR?_LCD_RX?TM1722
            CODE    6F69H     0023H     UNIT         ?PR?_LCD_TX?TM1722
            CODE    6F8CH     0023H     UNIT         ?PR?_LCD_EMG?TM1722
            CODE    6FAFH     0023H     UNIT         ?PR?_LCD_SCAN?TM1722
            CODE    6FD2H     0023H     UNIT         ?PR?_LCD_LOW?TM1722
            CODE    6FF5H     0023H     UNIT         ?PR?_LCD_DW?TM1722
            CODE    7018H     0023H     UNIT         ?PR?_LCD_BATT?TM1722
            CODE    703BH     0023H     UNIT         ?PR?_LCD_FM?TM1722
            CODE    705EH     0023H     UNIT         ?PR?_LCD_AM?TM1722
            CODE    7081H     0023H     UNIT         ?PR?_LCD_PS?TM1722
            CODE    70A4H     0023H     UNIT         ?PR?_LCD_LOCK?TM1722
            CODE    70C7H     0023H     UNIT         ?PR?_LCD_ASQ?TM1722
BL51 BANKED LINKER/LOCATER V6.22                                                      06/02/2018  10:26:57  PAGE 5


            CODE    70EAH     0023H     UNIT         ?PR?CHANNEL_LONGPOWER_FUC?MENUEVENT
            CODE    710DH     0020H     UNIT         ?PR?_DELAYMS?SYSTEM
            CODE    712DH     0020H     UNIT         ?PR?WRILESS_BUTTON?LCD
            CODE    714DH     0020H     UNIT         ?PR?SHOWVOL?LCD
            CODE    716DH     0020H     UNIT         ?PR?CHANNEL_SCAN_UP_FUC?MENUEVENT
            CODE    718DH     001FH     UNIT         ?PR?INITREG01_19?KB4815
            CODE    71ACH     001FH     UNIT         ?PR?_UART0SENDDATA?UART
            CODE    71CBH     001FH     UNIT         ?PR?CHANNEL_FUPAFRFGSCAN_DN_FUC?MENUEVENT
            CODE    71EAH     001FH     UNIT         ?PR?CHANNEL_FUPAFRFGSCAN_UP_FUC?MENUEVENT
            CODE    7209H     001EH     UNIT         ?PR?BK_RAMP_TABLE_INIT?KB4815
            CODE    7227H     001EH     UNIT         ?PR?BK_DTMF_RX_READ?KB4815
            CODE    7245H     001EH     UNIT         ?PR?CHANNEL_SCAN_DN_FUC?MENUEVENT
            CODE    7263H     001DH     UNIT         ?PR?SETBK4815PRAGRAM?CB_LINE
            CODE    7280H     001CH     UNIT         ?PR?SETCONTRY?LCD
            CODE    729CH     001AH     UNIT         ?PR?INITLCD?LCD
            CODE    72B6H     0019H     UNIT         ?PR?INT0_IRQ?MAIN
            CODE    72CFH     0019H     UNIT         ?PR?BK_ENABLE_TX_INBANDSIGNAL?KB4815
            CODE    72E8H     0019H     UNIT         ?PR?BK_DISABLE_TX_INBANDSIGNAL?KB4815
            CODE    7301H     0019H     UNIT         ?PR?SHOWTABLE?LCD
            CODE    731AH     0018H     UNIT         ?PR?SYSTEMCLK_INIT?SYSTEM
            CODE    7332H     0018H     UNIT         ?PR?UART1_INIT?SYSTEM
            CODE    734AH     0017H     UNIT         ?PR?INT1_INIT?SYSTEM
            CODE    7361H     0017H     UNIT         ?PR?_UART0SENDSTRING?UART
            CODE    7378H     0017H     UNIT         ?PR?CHANNEL_DOUBLEF_FUC?MENUEVENT
            CODE    738FH     0016H     UNIT         ?PR?AT24C08I2CSTOP?AT24C08
            CODE    73A5H     0016H     UNIT         ?PR?CHANNEL_SQ_FUC?MENUEVENT
            CODE    73BBH     0015H     UNIT         ?PR?INITTIMER0?SYSTEM
            CODE    73D0H     0013H     UNIT         ?PR?SYSTEMINIT?SYSTEM
            CODE    73E3H     0013H     UNIT         ?PR?_LCD_NUM1?TM1722
            CODE    73F6H     0013H     UNIT         ?PR?_LCD_NUM2?TM1722
            CODE    7409H     0013H     UNIT         ?PR?_LCD_NUM3?TM1722
            CODE    741CH     0013H     UNIT         ?PR?AT24C08I2CSTART?AT24C08
            CODE    742FH     0011H     UNIT         ?PR?UART0_INIT?SYSTEM
            CODE    7440H     0010H     UNIT         ?PR?BK4815SLEEP?KB4815
            CODE    7450H     0010H     UNIT         ?PR?CLEARUARTDATA?UART
            CODE    7460H     000FH     UNIT         ?PR?SHOWLCDLED?HANDLER
            CODE    746FH     000EH     UNIT         ?PR?BK4815RSSIANDSNR?KB4815
            CODE    747DH     000EH     UNIT         ?PR?LCDSHOWERROR?LCD
            CODE    748BH     000BH     UNIT         ?PR?CHANNEL_RFG_FUC?MENUEVENT
            CODE    7496H     0009H     UNIT         ?PR?SHOWBUTTONLED?HANDLER
            CODE    749FH     0009H     UNIT         ?PR?CHANNEL_SQ_SET_FUC?MENUEVENT
            CODE    74A8H     0008H     UNIT         ?PR?_UART0SENDBYTE?UART
            CODE    74B0H     0007H     UNIT         ?PR?INITMEMORY?MEMORY
            CODE    74B7H     0004H     UNIT         ?PR?SHOWHITPOWER?LCD
            CODE    74BBH     0004H     UNIT         ?PR?CHANNEL_FUC?MENUEVENT
            CODE    74BFH     0004H     UNIT         ?PR?CHANNEL_LONGF_PB_FUC?MENUEVENT
            CODE    74C3H     0004H     UNIT         ?PR?CHANNEL_LONGF_F_F_FC_FUC?MENUEVENT
            CODE    74C7H     0004H     UNIT         ?PR?CHANNEL_LONGF_F_FB_FUC?MENUEVENT
            CODE    74CBH     0004H     UNIT         ?PR?CHANNEL_TABLE_FUC?MENUEVENT
            CODE    74CFH     0004H     UNIT         ?PR?CHANNEL_FRECAL_FUC?MENUEVENT
            CODE    74D3H     0003H     UNIT         ?PR?_DELAYUS?SYSTEM



OVERLAY MAP OF MODULE:   CB589P (MAIN)


BL51 BANKED LINKER/LOCATER V6.22                                                      06/02/2018  10:26:57  PAGE 6


SEGMENT                                            XDATA_GROUP
  +--> CALLED SEGMENT                            START    LENGTH
----------------------------------------------------------------
?PR?UART0?UART                                   020EH    0002H
  +--> ?PR?ANALYSECMD?UART

?PR?ANALYSECMD?UART                              -----    -----
  +--> ?PR?RECEIVERSSI?UART
  +--> ?PR?GETSQSET?UART

?PR?RECEIVERSSI?UART                             -----    -----
  +--> ?PR?_LCD_RX?TM1722

*** NEW ROOT ***************************************************

?C_C51STARTUP                                    -----    -----
  +--> ?PR?MAIN?MAIN
  +--> ?C_INITSEG

?PR?MAIN?MAIN                                    0210H    0001H
  +--> ?PR?SYSTEMINIT?SYSTEM
  +--> ?PR?INITMEMORY?MEMORY
  +--> ?PR?CHECKHITPOWERPRESS?MAIN
  +--> ?PR?WAITPOWERON?MAIN
  +--> ?PR?LOADLCDBEEP?LCD
  +--> ?PR?INITLCD?LCD
  +--> ?PR?SETBK4815PRAGRAM?CB_LINE
  +--> ?PR?INITKEY?KEYS
  +--> ?PR?INITMENU?MENU
  +--> ?PR?INITHANDLER?HANDLER
  +--> ?PR?EVENHANDLER?CB_LINE
  +--> ?PR?_LCD_BATT?TM1722

?PR?SYSTEMINIT?SYSTEM                            -----    -----
  +--> ?PR?SYSTEMCLK_INIT?SYSTEM
  +--> ?PR?IO_INIT?SYSTEM
  +--> ?PR?INITTIMER0?SYSTEM
  +--> ?PR?UART0_INIT?SYSTEM
  +--> ?PR?INITBEEP?SYSTEM
  +--> ?PR?INT1_INIT?SYSTEM

?PR?INITMEMORY?MEMORY                            -----    -----
  +--> ?PR?INITAT24C08?AT24C08
  +--> ?PR?LOADALLPARAM?MEMORY

?PR?LOADALLPARAM?MEMORY                          0211H    0004H
  +--> ?PR?_LOADDATA?MEMORY
  +--> ?PR?SETDEFAULTPARAM?HANDLER
  +--> ?PR?SAVEALLPARAM?MEMORY
  +--> ?PR?SAVEDTMF?MEMORY
  +--> ?PR?CHECKALLPARAM?HANDLER

?PR?_LOADDATA?MEMORY                             -----    -----
  +--> ?PR?_EEPROMREADBYTE?AT24C08

?PR?_EEPROMREADBYTE?AT24C08                      0215H    0003H
  +--> ?PR?AT24C08I2CSTART?AT24C08
BL51 BANKED LINKER/LOCATER V6.22                                                      06/02/2018  10:26:57  PAGE 7


  +--> ?PR?_AT24C08I2CWRITEBYTE?AT24C08
  +--> ?PR?AT24C08RXACK?AT24C08
  +--> ?PR?AT24C08I2CREADBYTE?AT24C08
  +--> ?PR?_AT24C08TXACK?AT24C08
  +--> ?PR?AT24C08I2CSTOP?AT24C08
  +--> ?PR?_DELAYMS?SYSTEM

?PR?AT24C08I2CSTART?AT24C08                      -----    -----
  +--> ?PR?_DELAYUS?SYSTEM

?PR?_AT24C08I2CWRITEBYTE?AT24C08                 0223H    0002H
  +--> ?PR?_DELAYUS?SYSTEM

?PR?AT24C08RXACK?AT24C08                         0223H    0001H
  +--> ?PR?_DELAYUS?SYSTEM
  +--> ?PR?AT24C08I2CSTOP?AT24C08

?PR?AT24C08I2CSTOP?AT24C08                       -----    -----
  +--> ?PR?_DELAYUS?SYSTEM

?PR?AT24C08I2CREADBYTE?AT24C08                   0218H    0002H
  +--> ?PR?_DELAYUS?SYSTEM

?PR?_AT24C08TXACK?AT24C08                        0218H    0001H
  +--> ?PR?_DELAYUS?SYSTEM

?PR?SETDEFAULTPARAM?HANDLER                      -----    -----
  +--> ?PR?CLEARFLAG?HANDLER

?PR?SAVEALLPARAM?MEMORY                          021CH    0004H
  +--> ?PR?_SAVEDATA?MEMORY

?PR?_SAVEDATA?MEMORY                             -----    -----
  +--> ?PR?_EEPROMWRITEBYTE?AT24C08

?PR?_EEPROMWRITEBYTE?AT24C08                     0220H    0003H
  +--> ?PR?AT24C08I2CSTART?AT24C08
  +--> ?PR?_AT24C08I2CWRITEBYTE?AT24C08
  +--> ?PR?AT24C08RXACK?AT24C08
  +--> ?PR?AT24C08I2CSTOP?AT24C08
  +--> ?PR?_DELAYMS?SYSTEM

?PR?SAVEDTMF?MEMORY                              0215H    0004H
  +--> ?PR?_SAVEDATA?MEMORY

?PR?CHECKHITPOWERPRESS?MAIN                      -----    -----
  +--> ?PR?_GET_AD?SYSTEM

?PR?_GET_AD?SYSTEM                               021CH    001AH
  +--> ?PR?_DELAYUS?SYSTEM

?PR?WAITPOWERON?MAIN                             -----    -----
  +--> ?PR?_DELAYMS?SYSTEM

?PR?INITLCD?LCD                                  -----    -----
  +--> ?PR?TM1722_INIT?TM1722
  +--> ?PR?_DELAYMS?SYSTEM
BL51 BANKED LINKER/LOCATER V6.22                                                      06/02/2018  10:26:57  PAGE 8


  +--> ?PR?SETCONTRY?LCD

?PR?TM1722_INIT?TM1722                           -----    -----
  +--> ?PR?_DELAYUS?SYSTEM
  +--> ?PR?_TM1722_WRITE_BYTE?TM1722
  +--> ?PR?TM1722_SHOW?TM1722

?PR?_TM1722_WRITE_BYTE?TM1722                    0220H    0001H
  +--> ?PR?_DELAYUS?SYSTEM

?PR?TM1722_SHOW?TM1722                           -----    -----
  +--> ?PR?_TM1722_WRITE_WORD?TM1722
  +--> ?PR?_DELAYMS?SYSTEM

?PR?_TM1722_WRITE_WORD?TM1722                    021EH    0002H
  +--> ?PR?_TM1722_WRITE_BYTE?TM1722

?PR?SETCONTRY?LCD                                -----    -----
  +--> ?PR?LCD_CLEAR?TM1722
  +--> ?PR?_SHOWCONTRY?TM1722
  +--> ?PR?_DELAYMS?SYSTEM
  +--> ?PR?CHECKHITPOWER?LCD
  +--> ?PR?TM1722_SHOW?TM1722

?PR?_SHOWCONTRY?TM1722                           -----    -----
  +--> ?PR?TM1722_SHOW?TM1722

?PR?CHECKHITPOWER?LCD                            -----    -----
  +--> ?PR?LCD_CLEAR?TM1722
  +--> ?PR?_LCD_NUM1?TM1722
  +--> ?PR?_LCD_NUM2?TM1722
  +--> ?PR?_LCD_NUM3?TM1722
  +--> ?PR?TM1722_SHOW?TM1722
  +--> ?PR?_DELAYMS?SYSTEM
  +--> ?PR?_SAVEDATA?MEMORY

?PR?_LCD_NUM1?TM1722                             -----    -----
  +--> ?CO?TM1722

?PR?_LCD_NUM2?TM1722                             -----    -----
  +--> ?CO?TM1722

?PR?_LCD_NUM3?TM1722                             -----    -----
  +--> ?CO?TM1722

?PR?EVENHANDLER?CB_LINE                          0211H    0006H
  +--> ?PR?BK4815SLEEP?KB4815
  +--> ?PR?LCD_CLEAR?TM1722
  +--> ?PR?SHOWCHANNEL?LCD
  +--> ?PR?_LCD_RX?TM1722
  +--> ?PR?_DELAYMS?SYSTEM
  +--> ?PR?_ISSENDCMDOK?UART
  +--> ?PR?KEYS_PRESS_SCAN?CB_LINE
  +--> ?PR?INITBK4815?KB4815
  +--> ?PR?ENTERBK4815RX?KB4815
  +--> ?PR?BK_DTMF_RECIVE?KB4815
  +--> ?PR?WIRELESSCHECKREC?CB_LINE
BL51 BANKED LINKER/LOCATER V6.22                                                      06/02/2018  10:26:57  PAGE 9


  +--> ?PR?PPT_PRESS?KEYS
  +--> ?PR?PWR_MUTE_PRESS?KEYS
  +--> ?PR?WRILESS_BUTTON?LCD
  +--> ?PR?TM1722_SHOW?TM1722

?PR?BK4815SLEEP?KB4815                           -----    -----
  +--> ?PR?_BK_WRITE_REG?KB4815

?PR?SHOWCHANNEL?LCD                              -----    -----
  +--> ?PR?LCD_CLEAR?TM1722
  +--> ?PR?CHECKTXPOWER?HANDLER
  +--> ?PR?_LCD_FM?TM1722
  +--> ?PR?_LCD_AM?TM1722
  +--> ?PR?_LCD_NUM1?TM1722
  +--> ?PR?_LCD_NUM2?TM1722
  +--> ?PR?_LCD_NUM3?TM1722
  +--> ?PR?_LCD_NUM5?TM1722
  +--> ?PR?_LCD_LOW?TM1722
  +--> ?PR?_LCD_ASQ?TM1722
  +--> ?PR?_LCD_NUM4?TM1722
  +--> ?PR?_LCD_EMG?TM1722
  +--> ?PR?_LCD_SCAN?TM1722
  +--> ?PR?_LCD_DW?TM1722
  +--> ?PR?RX_STRENGTH_SHOW?LCD
  +--> ?PR?TM1722_SHOW?TM1722

?PR?_LCD_NUM5?TM1722                             -----    -----
  +--> ?CO?TM1722

?PR?_LCD_NUM4?TM1722                             -----    -----
  +--> ?CO?TM1722

?PR?RX_STRENGTH_SHOW?LCD                         -----    -----
  +--> ?PR?_LCD_STRENGTH?TM1722

?PR?_ISSENDCMDOK?UART                            021EH    0002H
  +--> ?PR?_SENDCOMMAND?UART
  +--> ?PR?_DELAYMS?SYSTEM

?PR?_SENDCOMMAND?UART                            0220H    0005H
  +--> ?PR?_UART0SENDDATA?UART

?PR?_UART0SENDDATA?UART                          -----    -----
  +--> ?PR?_UART0SENDBYTE?UART

?PR?KEYS_PRESS_SCAN?CB_LINE                      -----    -----
  +--> ?PR?IS_KEY1_PRESS?KEYS
  +--> ?PR?IS_KEY2_PRESS?KEYS
  +--> ?PR?PPT_PRESS?KEYS
  +--> ?PR?PWR_MUTE_PRESS?KEYS
  +--> ?PR?TWINKLE_CONTROL?LCD
  +--> ?PR?CHECK_SCAN?KEYS
  +--> ?PR?CHECK_DW?KEYS
  +--> ?PR?TM1722_SHOW?TM1722
  +--> ?PR?_MENUOPERATE?MENU

?PR?IS_KEY1_PRESS?KEYS                           -----    -----
BL51 BANKED LINKER/LOCATER V6.22                                                      06/02/2018  10:26:57  PAGE 10


  +--> ?PR?_CHECK_KEY?KEYS
  +--> ?PR?_MENUOPERATE?MENU
  +--> ?PR?_GET_AD?SYSTEM

?PR?_CHECK_KEY?KEYS                              0218H    0004H
  +--> ?PR?_GET_AD?SYSTEM
  +--> ?PR?_DELAYMS?SYSTEM

?PR?_MENUOPERATE?MENU                            0219H    0002H
  +--> ?PR?CHANNEL_FUC?MENUEVENT
  +--> ?PR?PLAYBUTTONTONE?LCD
  +--> ?PR?CHANNEL_FAF_FUC?MENUEVENT
  +--> ?PR?CHANNEL_AF_FUC?MENUEVENT
  +--> ?PR?CHANNEL_LONG_AF_FUC?MENUEVENT
  +--> ?PR?CHANNEL_RFG_FUC?MENUEVENT
  +--> ?PR?CHANNEL_PPTUP_FUC?MENUEVENT
  +--> ?PR?SHOWSPEAKSWITCH?LCD
  +--> ?PR?_DELAYMS?SYSTEM
  +--> ?PR?SHOWCHANNEL?LCD
  +--> ?PR?CHANNEL_DN_FUC?MENUEVENT
  +--> ?PR?_GET_AD?SYSTEM
  +--> ?PR?CHANNEL_LONGDN_FUC?MENUEVENT
  +--> ?PR?CHANNEL_UP_FUC?MENUEVENT
  +--> ?PR?CHANNEL_LONGUP_FUC?MENUEVENT
  +--> ?PR?CHANNEL_SQ_FUC?MENUEVENT
  +--> ?PR?CHANNEL_LONGSQ_FUC?MENUEVENT
  +--> ?PR?CHANNEL_SCAN_FUC?MENUEVENT
  +--> ?PR?CHANNEL_VOLUP_FUC?MENUEVENT
  +--> ?PR?CHANNEL_VOLDN_FUC?MENUEVENT
  +--> ?PR?CHANNEL_DOUBLEF_FUC?MENUEVENT
  +--> ?PR?CHANNEL_LONGF_PB_FUC?MENUEVENT
  +--> ?PR?FACTORY_SETTING_FUC?MENUEVENT
  +--> ?PR?CHANNEL_EMG_FUC?MENUEVENT
  +--> ?PR?CHANNEL_PPTDN_FUC?MENUEVENT
  +--> ?PR?CHANNEL_DOUBLEMUTE_FUC?MENUEVENT
  +--> ?PR?CHANNEL_LONGPOWER_FUC?MENUEVENT
  +--> ?PR?CHANNEL_DW_FUC?MENUEVENT
  +--> ?PR?CHANNEL_RFG_UP_FUC?MENUEVENT
  +--> ?PR?CHANNEL_RFG_DN_FUC?MENUEVENT
  +--> ?PR?CHANNEL_MENU_BACK_FUC?MENUEVENT
  +--> ?PR?CHANNEL_TABLE_FUC?MENUEVENT
  +--> ?PR?CHANNEL_SQ_VOLUP_FUC?MENUEVENT
  +--> ?PR?CHANNEL_SQ_VOLDN_FUC?MENUEVENT
  +--> ?PR?CHANNEL_SQ_SET_FUC?MENUEVENT
  +--> ?PR?CHANNEL_SQ_SET_UP_FUC?MENUEVENT
  +--> ?PR?CHANNEL_SQ_SET_DN_FUC?MENUEVENT
  +--> ?PR?CHANNEL_FRECAL_FUC?MENUEVENT
  +--> ?PR?CHANNEL_SQ_SET_F_FUC?MENUEVENT
  +--> ?PR?CHANNEL_SCAN_DN_FUC?MENUEVENT
  +--> ?PR?CHANNEL_SCAN_UP_FUC?MENUEVENT
  +--> ?PR?CHANNEL_SCAN_SCAN_FUC?MENUEVENT
  +--> ?PR?CHANNEL_LONGF_PB_UP_FUC?MENUEVENT
  +--> ?PR?CHANNEL_LONGF_PB_DN_FUC?MENUEVENT
  +--> ?PR?CHANNEL_LONGF_F_FB_FUC?MENUEVENT
  +--> ?PR?CHANNEL_LONGF_F_F_FC_UP_FUC?MENUE...
  +--> ?PR?CHANNEL_LONGF_F_F_FC_DN_FUC?MENUE...
  +--> ?PR?CHANNEL_LONGF_F_FB_UP_FUC?MENUEVENT
BL51 BANKED LINKER/LOCATER V6.22                                                      06/02/2018  10:26:57  PAGE 11


  +--> ?PR?CHANNEL_LONGF_F_FB_DN_FUC?MENUEVENT
  +--> ?PR?CHANNEL_LONGF_F_F_FC_FUC?MENUEVENT
  +--> ?PR?CHANNEL_LOCK_PRESSOTHER_FUC?MENUE...
  +--> ?PR?CHANNEL_FAF_DN_FUC?MENUEVENT
  +--> ?PR?CHANNEL_FAF_UP_FUC?MENUEVENT
  +--> ?PR?CHANNEL_FAF_PPT_FUC?MENUEVENT
  +--> ?PR?CHANNEL_FUPAFRFGSCAN_DN_FUC?MENUE...
  +--> ?PR?CHANNEL_FUPAFRFGSCAN_UP_FUC?MENUE...
  +--> ?PR?LCD_CLEAR?TM1722
  +--> ?PR?TM1722_SHOW?TM1722
  +--> ?PR?SHOWTABLE?LCD

?PR?CHANNEL_FUC?MENUEVENT                        -----    -----
  +--> ?PR?SHOWCHANNEL?LCD

?PR?CHANNEL_FAF_FUC?MENUEVENT                    021BH    0001H
  +--> ?PR?_DELAYMS?SYSTEM
  +--> ?PR?LCD_CLEAR?TM1722
  +--> ?PR?_SAVEDATA?MEMORY
  +--> ?PR?_SHOWCONTRY?TM1722

?PR?CHANNEL_AF_FUC?MENUEVENT                     021BH    0003H
  +--> ?PR?CHECKTXPOWER?HANDLER
  +--> ?PR?_ISSENDCMDOK?UART
  +--> ?PR?_SAVEDATA?MEMORY
  +--> ?PR?SHOWCHANNEL?LCD
  +--> ?PR?_DELAYMS?SYSTEM

?PR?CHANNEL_LONG_AF_FUC?MENUEVENT                021BH    0001H
  +--> ?PR?PLAYBUTTONTONE?LCD
  +--> ?PR?_ISSENDCMDOK?UART
  +--> ?PR?LCD_CLEAR?TM1722
  +--> ?PR?_SHOWCONTRY?TM1722
  +--> ?PR?_DELAYMS?SYSTEM
  +--> ?PR?SHOWCHANNEL?LCD
  +--> ?PR?CLOSE_SQ?CB_LINE
  +--> ?PR?CHECKTXPOWER?HANDLER

?PR?CLOSE_SQ?CB_LINE                             -----    -----
  +--> ?PR?_LCD_RX?TM1722

?PR?CHANNEL_RFG_FUC?MENUEVENT                    -----    -----
  +--> ?PR?_DELAYMS?SYSTEM
  +--> ?PR?SHOWRFG?LCD

?PR?SHOWRFG?LCD                                  -----    -----
  +--> ?PR?LCD_CLEAR?TM1722
  +--> ?PR?_LCD_NUM1?TM1722
  +--> ?PR?_LCD_NUM2?TM1722
  +--> ?PR?_LCD_NUM5?TM1722
  +--> ?PR?TM1722_SHOW?TM1722

?PR?CHANNEL_PPTUP_FUC?MENUEVENT                  -----    -----
  +--> ?PR?_ISSENDCMDOK?UART
  +--> ?PR?_DELAYMS?SYSTEM
  +--> ?PR?_LCD_TX?TM1722
  +--> ?PR?_LCD_STRENGTH?TM1722
BL51 BANKED LINKER/LOCATER V6.22                                                      06/02/2018  10:26:57  PAGE 12


  +--> ?PR?CLOSE_SQ?CB_LINE
  +--> ?PR?_SAVEDATA?MEMORY
  +--> ?PR?SHOWCHANNEL?LCD
  +--> ?PR?ENTERBK4815RX?KB4815
  +--> ?PR?TM1722_SHOW?TM1722

?PR?ENTERBK4815RX?KB4815                         0226H    000BH
  +--> ?PR?_BK_WRITE_REG?KB4815
  +--> ?PR?_DELAYMS?SYSTEM

?PR?SHOWSPEAKSWITCH?LCD                          -----    -----
  +--> ?PR?LCD_CLEAR?TM1722
  +--> ?PR?_LCD_NUM1?TM1722
  +--> ?PR?_LCD_NUM2?TM1722
  +--> ?PR?_LCD_NUM4?TM1722
  +--> ?PR?_LCD_NUM5?TM1722
  +--> ?PR?_LCD_NUM3?TM1722
  +--> ?PR?TM1722_SHOW?TM1722

?PR?CHANNEL_DN_FUC?MENUEVENT                     021BH    0002H
  +--> ?PR?CHECKCHANNEL?MENUEVENT
  +--> ?PR?CHECKTXPOWER?HANDLER
  +--> ?PR?_ISSENDCMDOK?UART
  +--> ?PR?CLOSE_SQ?CB_LINE
  +--> ?PR?_SAVEDATA?MEMORY
  +--> ?PR?SHOWCHANNEL?LCD
  +--> ?PR?LCDSHOWERROR?LCD

?PR?LCDSHOWERROR?LCD                             -----    -----
  +--> ?PR?_LCD_NUM1?TM1722
  +--> ?PR?_LCD_NUM2?TM1722
  +--> ?PR?TM1722_SHOW?TM1722

?PR?CHANNEL_LONGDN_FUC?MENUEVENT                 021BH    0002H
  +--> ?PR?CHECKCHANNEL?MENUEVENT
  +--> ?PR?CHECKTXPOWER?HANDLER
  +--> ?PR?_ISSENDCMDOK?UART
  +--> ?PR?CLOSE_SQ?CB_LINE
  +--> ?PR?_SAVEDATA?MEMORY
  +--> ?PR?SHOWCHANNEL?LCD
  +--> ?PR?LCDSHOWERROR?LCD
  +--> ?PR?_DELAYMS?SYSTEM

?PR?CHANNEL_UP_FUC?MENUEVENT                     021BH    0003H
  +--> ?PR?CHECKCHANNEL?MENUEVENT
  +--> ?PR?CHECKTXPOWER?HANDLER
  +--> ?PR?_ISSENDCMDOK?UART
  +--> ?PR?CLOSE_SQ?CB_LINE
  +--> ?PR?_SAVEDATA?MEMORY
  +--> ?PR?SHOWCHANNEL?LCD
  +--> ?PR?LCDSHOWERROR?LCD

?PR?CHANNEL_LONGUP_FUC?MENUEVENT                 021BH    0003H
  +--> ?PR?CHECKCHANNEL?MENUEVENT
  +--> ?PR?CHECKTXPOWER?HANDLER
  +--> ?PR?_ISSENDCMDOK?UART
  +--> ?PR?CLOSE_SQ?CB_LINE
BL51 BANKED LINKER/LOCATER V6.22                                                      06/02/2018  10:26:57  PAGE 13


  +--> ?PR?_SAVEDATA?MEMORY
  +--> ?PR?SHOWCHANNEL?LCD
  +--> ?PR?LCDSHOWERROR?LCD
  +--> ?PR?_DELAYMS?SYSTEM

?PR?CHANNEL_SQ_FUC?MENUEVENT                     -----    -----
  +--> ?PR?SHOWSQ?LCD
  +--> ?PR?SHOWASQ?LCD

?PR?SHOWSQ?LCD                                   -----    -----
  +--> ?PR?LCD_CLEAR?TM1722
  +--> ?PR?_LCD_NUM1?TM1722
  +--> ?PR?_LCD_NUM2?TM1722
  +--> ?PR?_LCD_NUM4?TM1722
  +--> ?PR?_LCD_NUM5?TM1722
  +--> ?PR?TM1722_SHOW?TM1722

?PR?SHOWASQ?LCD                                  -----    -----
  +--> ?PR?LCD_CLEAR?TM1722
  +--> ?PR?_LCD_NUM1?TM1722
  +--> ?PR?_LCD_NUM2?TM1722
  +--> ?PR?_LCD_NUM4?TM1722
  +--> ?PR?_LCD_NUM5?TM1722
  +--> ?PR?TM1722_SHOW?TM1722

?PR?CHANNEL_LONGSQ_FUC?MENUEVENT                 -----    -----
  +--> ?PR?_ISSENDCMDOK?UART
  +--> ?PR?LCDSHOWERROR?LCD
  +--> ?PR?_SAVEDATA?MEMORY
  +--> ?PR?SHOWCHANNEL?LCD

?PR?CHANNEL_VOLUP_FUC?MENUEVENT                  -----    -----
  +--> ?PR?_ISSENDCMDOK?UART
  +--> ?PR?_SAVEDATA?MEMORY
  +--> ?PR?SHOWVOL?LCD
  +--> ?PR?_DELAYMS?SYSTEM

?PR?SHOWVOL?LCD                                  -----    -----
  +--> ?PR?LCD_CLEAR?TM1722
  +--> ?PR?_LCD_NUM1?TM1722
  +--> ?PR?_LCD_NUM2?TM1722
  +--> ?PR?TM1722_SHOW?TM1722

?PR?CHANNEL_VOLDN_FUC?MENUEVENT                  -----    -----
  +--> ?PR?_ISSENDCMDOK?UART
  +--> ?PR?_SAVEDATA?MEMORY
  +--> ?PR?SHOWVOL?LCD
  +--> ?PR?_DELAYMS?SYSTEM

?PR?CHANNEL_DOUBLEF_FUC?MENUEVENT                -----    -----
  +--> ?PR?_LCD_LOCK?TM1722

?PR?CHANNEL_LONGF_PB_FUC?MENUEVENT               -----    -----
  +--> ?PR?SHOWBP?LCD

?PR?SHOWBP?LCD                                   -----    -----
  +--> ?PR?LCD_CLEAR?TM1722
BL51 BANKED LINKER/LOCATER V6.22                                                      06/02/2018  10:26:57  PAGE 14


  +--> ?PR?_LCD_NUM1?TM1722
  +--> ?PR?_LCD_NUM2?TM1722
  +--> ?PR?_LCD_NUM3?TM1722
  +--> ?PR?_LCD_NUM4?TM1722
  +--> ?PR?_LCD_NUM5?TM1722
  +--> ?PR?TM1722_SHOW?TM1722

?PR?FACTORY_SETTING_FUC?MENUEVENT                -----    -----
  +--> ?PR?LCD_CLEAR?TM1722
  +--> ?PR?SETDEFAULTPARAM?HANDLER
  +--> ?PR?SAVEALLPARAM?MEMORY
  +--> ?PR?SHOWFACTORYSETING?LCD
  +--> ?PR?SHOWCHANNEL?LCD
  +--> ?PR?_ISSENDCMDOK?UART

?PR?SHOWFACTORYSETING?LCD                        -----    -----
  +--> ?PR?INITLCD?LCD

?PR?CHANNEL_EMG_FUC?MENUEVENT                    021BH    0002H
  +--> ?PR?CHECKTXPOWER?HANDLER
  +--> ?PR?_ISSENDCMDOK?UART
  +--> ?PR?_SAVEDATA?MEMORY
  +--> ?PR?SHOWCHANNEL?LCD
  +--> ?PR?LCDSHOWERROR?LCD

?PR?CHANNEL_PPTDN_FUC?MENUEVENT                  -----    -----
  +--> ?PR?_ISSENDCMDOK?UART
  +--> ?PR?SHOWCHANNEL?LCD
  +--> ?PR?_LCD_TX?TM1722
  +--> ?PR?_LCD_STRENGTH?TM1722
  +--> ?PR?_LCD_RX?TM1722
  +--> ?PR?STARTBK4815TX?KB4815
  +--> ?PR?TM1722_SHOW?TM1722

?PR?STARTBK4815TX?KB4815                         021BH    000BH
  +--> ?PR?_BK_WRITE_REG?KB4815
  +--> ?PR?_DELAYMS?SYSTEM
  +--> ?PR?_BK_READ_REG?KB4815
  +--> ?PR?ISDTMFSENDOK?KB4815
  +--> ?PR?BK_RX2TX?KB4815
  +--> ?PR?_LCD_TX?TM1722
  +--> ?PR?_LCD_STRENGTH?TM1722
  +--> ?PR?ENTERBK4815RX?KB4815

?PR?_BK_READ_REG?KB4815                          0228H    0002H

?PR?ISDTMFSENDOK?KB4815                          -----    -----
  +--> ?PR?BK_DTMF_INTERUPT_CLEAR?KB4815
  +--> ?PR?_BK_DTMF_TX?KB4815
  +--> ?PR?ENTERBK4815RX?KB4815
  +--> ?PR?_DELAYMS?SYSTEM
  +--> ?PR?BK_DTMF_RX_READ?KB4815

?PR?BK_DTMF_INTERUPT_CLEAR?KB4815                0226H    0002H
  +--> ?PR?_BK_READ_REG?KB4815
  +--> ?PR?_BK_WRITE_REG?KB4815

BL51 BANKED LINKER/LOCATER V6.22                                                      06/02/2018  10:26:57  PAGE 15


?PR?_BK_DTMF_TX?KB4815                           -----    -----
  +--> ?PR?_BK_READ_REG?KB4815
  +--> ?PR?_BK_WRITE_REG?KB4815
  +--> ?PR?BK_RX2TX?KB4815
  +--> ?PR?BK_DISABLE_TX_INBANDSIGNAL?KB4815
  +--> ?CO?KB4815
  +--> ?PR?BK_ENABLE_TX_INBANDSIGNAL?KB4815
  +--> ?PR?_DELAYMS?SYSTEM

?PR?BK_RX2TX?KB4815                              -----    -----
  +--> ?PR?_BK_WRITE_REG?KB4815
  +--> ?PR?_BK_READ_REG?KB4815

?PR?BK_DISABLE_TX_INBANDSIGNAL?KB4815            -----    -----
  +--> ?PR?_BK_READ_REG?KB4815
  +--> ?PR?_BK_WRITE_REG?KB4815

?PR?BK_ENABLE_TX_INBANDSIGNAL?KB4815             -----    -----
  +--> ?PR?_BK_READ_REG?KB4815
  +--> ?PR?_BK_WRITE_REG?KB4815

?PR?BK_DTMF_RX_READ?KB4815                       -----    -----
  +--> ?PR?_BK_READ_REG?KB4815

?PR?CHANNEL_DOUBLEMUTE_FUC?MENUEVENT             -----    -----
  +--> ?PR?_ISSENDCMDOK?UART
  +--> ?PR?_LCD_NUM4?TM1722

?PR?CHANNEL_LONGPOWER_FUC?MENUEVENT              -----    -----
  +--> ?PR?BK4815SLEEP?KB4815
  +--> ?PR?LCD_CLEAR?TM1722
  +--> ?PR?TM1722_SHOW?TM1722
  +--> ?PR?SAVEALLPARAM?MEMORY

?PR?CHANNEL_DW_FUC?MENUEVENT                     -----    -----
  +--> ?PR?SHOWCHANNEL?LCD
  +--> ?PR?CHECKTXPOWER?HANDLER
  +--> ?PR?_ISSENDCMDOK?UART
  +--> ?PR?LCDSHOWERROR?LCD

?PR?CHANNEL_RFG_UP_FUC?MENUEVENT                 -----    -----
  +--> ?PR?_ISSENDCMDOK?UART
  +--> ?PR?_SAVEDATA?MEMORY
  +--> ?PR?SHOWRFG?LCD
  +--> ?PR?_DELAYMS?SYSTEM

?PR?CHANNEL_RFG_DN_FUC?MENUEVENT                 -----    -----
  +--> ?PR?_ISSENDCMDOK?UART
  +--> ?PR?_SAVEDATA?MEMORY
  +--> ?PR?SHOWRFG?LCD
  +--> ?PR?_DELAYMS?SYSTEM

?PR?CHANNEL_MENU_BACK_FUC?MENUEVENT              -----    -----
  +--> ?PR?SHOWCHANNEL?LCD
  +--> ?PR?_LCD_LOCK?TM1722
  +--> ?PR?SAVEALLPARAM?MEMORY
  +--> ?PR?SAVEMENUPARAM?MEMORY
BL51 BANKED LINKER/LOCATER V6.22                                                      06/02/2018  10:26:57  PAGE 16


  +--> ?PR?_DELAYMS?SYSTEM

?PR?SAVEMENUPARAM?MEMORY                         -----    -----
  +--> ?PR?_SAVEDATA?MEMORY

?PR?CHANNEL_TABLE_FUC?MENUEVENT                  -----    -----
  +--> ?PR?SHOWTABLE?LCD

?PR?SHOWTABLE?LCD                                -----    -----
  +--> ?PR?LCD_CLEAR?TM1722
  +--> ?PR?_LCD_NUM3?TM1722
  +--> ?PR?_LCD_NUM4?TM1722
  +--> ?PR?_LCD_NUM5?TM1722
  +--> ?PR?TM1722_SHOW?TM1722

?PR?CHANNEL_SQ_VOLUP_FUC?MENUEVENT               021BH    0001H
  +--> ?PR?_ISSENDCMDOK?UART
  +--> ?PR?_SAVEDATA?MEMORY
  +--> ?PR?SHOWSQ?LCD
  +--> ?PR?SHOWASQ?LCD
  +--> ?PR?_DELAYMS?SYSTEM

?PR?CHANNEL_SQ_VOLDN_FUC?MENUEVENT               021BH    0001H
  +--> ?PR?_ISSENDCMDOK?UART
  +--> ?PR?_SAVEDATA?MEMORY
  +--> ?PR?SHOWSQ?LCD
  +--> ?PR?SHOWASQ?LCD
  +--> ?PR?_DELAYMS?SYSTEM

?PR?CHANNEL_SQ_SET_FUC?MENUEVENT                 -----    -----
  +--> ?PR?_ISSENDCMDOK?UART
  +--> ?PR?SHOWSQRESET?LCD

?PR?SHOWSQRESET?LCD                              -----    -----
  +--> ?PR?LCD_CLEAR?TM1722
  +--> ?PR?_LCD_NUM4?TM1722
  +--> ?PR?_LCD_NUM5?TM1722
  +--> ?PR?_LCD_NUM3?TM1722
  +--> ?PR?_LCD_NUM1?TM1722
  +--> ?PR?_LCD_NUM2?TM1722
  +--> ?PR?_LCD_ASQ?TM1722
  +--> ?PR?TM1722_SHOW?TM1722

?PR?CHANNEL_SQ_SET_UP_FUC?MENUEVENT              021BH    0001H
  +--> ?PR?_ISSENDCMDOK?UART
  +--> ?PR?SHOWSQRESET?LCD
  +--> ?PR?_DELAYMS?SYSTEM

?PR?CHANNEL_SQ_SET_DN_FUC?MENUEVENT              021BH    0001H
  +--> ?PR?_ISSENDCMDOK?UART
  +--> ?PR?SHOWSQRESET?LCD
  +--> ?PR?_DELAYMS?SYSTEM

?PR?CHANNEL_FRECAL_FUC?MENUEVENT                 -----    -----
  +--> ?PR?SHOWFRECALSET?LCD

?PR?SHOWFRECALSET?LCD                            -----    -----
BL51 BANKED LINKER/LOCATER V6.22                                                      06/02/2018  10:26:57  PAGE 17


  +--> ?PR?_LCD_NUM1?TM1722
  +--> ?PR?_LCD_NUM2?TM1722
  +--> ?PR?_LCD_NUM3?TM1722
  +--> ?PR?_LCD_NUM4?TM1722
  +--> ?PR?_LCD_NUM5?TM1722

?PR?CHANNEL_SQ_SET_F_FUC?MENUEVENT               -----    -----
  +--> ?PR?SHOWSQRESET?LCD

?PR?CHANNEL_SCAN_SCAN_FUC?MENUEVENT              -----    -----
  +--> ?PR?SHOWCHANNEL?LCD
  +--> ?PR?_DELAYMS?SYSTEM

?PR?CHANNEL_LONGF_PB_UP_FUC?MENUEVENT            -----    -----
  +--> ?PR?_SAVEDATA?MEMORY
  +--> ?PR?SHOWBP?LCD
  +--> ?PR?_DELAYMS?SYSTEM

?PR?CHANNEL_LONGF_PB_DN_FUC?MENUEVENT            -----    -----
  +--> ?PR?_SAVEDATA?MEMORY
  +--> ?PR?SHOWBP?LCD
  +--> ?PR?_DELAYMS?SYSTEM

?PR?CHANNEL_LONGF_F_FB_FUC?MENUEVENT             -----    -----
  +--> ?PR?SHOWFB?LCD

?PR?SHOWFB?LCD                                   -----    -----
  +--> ?PR?LCD_CLEAR?TM1722
  +--> ?PR?_LCD_NUM1?TM1722
  +--> ?PR?_LCD_NUM2?TM1722
  +--> ?PR?_LCD_NUM3?TM1722
  +--> ?PR?_LCD_NUM4?TM1722
  +--> ?PR?_LCD_NUM5?TM1722
  +--> ?PR?TM1722_SHOW?TM1722

?PR?CHANNEL_LONGF_F_F_FC_UP_FUC?MENUE...         -----    -----
  +--> ?PR?_SAVEDATA?MEMORY
  +--> ?PR?SHOWFC?LCD
  +--> ?PR?_DELAYMS?SYSTEM

?PR?SHOWFC?LCD                                   -----    -----
  +--> ?PR?LCD_CLEAR?TM1722
  +--> ?PR?_LCD_NUM1?TM1722
  +--> ?PR?_LCD_NUM2?TM1722
  +--> ?PR?_LCD_NUM3?TM1722
  +--> ?PR?TM1722_SHOW?TM1722

?PR?CHANNEL_LONGF_F_F_FC_DN_FUC?MENUE...         -----    -----
  +--> ?PR?_DELAYMS?SYSTEM
  +--> ?PR?_SAVEDATA?MEMORY
  +--> ?PR?SHOWFC?LCD

?PR?CHANNEL_LONGF_F_FB_UP_FUC?MENUEVENT          -----    -----
  +--> ?PR?_SAVEDATA?MEMORY
  +--> ?PR?SHOWFB?LCD
  +--> ?PR?_DELAYMS?SYSTEM

BL51 BANKED LINKER/LOCATER V6.22                                                      06/02/2018  10:26:57  PAGE 18


?PR?CHANNEL_LONGF_F_FB_DN_FUC?MENUEVENT          -----    -----
  +--> ?PR?_SAVEDATA?MEMORY
  +--> ?PR?SHOWFB?LCD
  +--> ?PR?_DELAYMS?SYSTEM

?PR?CHANNEL_LONGF_F_F_FC_FUC?MENUEVENT           -----    -----
  +--> ?PR?SHOWFC?LCD

?PR?CHANNEL_LOCK_PRESSOTHER_FUC?MENUE...         021BH    0001H
  +--> ?PR?_LCD_LOCK?TM1722
  +--> ?PR?TM1722_SHOW?TM1722
  +--> ?PR?_DELAYMS?SYSTEM

?PR?CHANNEL_FAF_DN_FUC?MENUEVENT                 -----    -----
  +--> ?PR?LCD_CLEAR?TM1722
  +--> ?PR?_SHOWCONTRY?TM1722
  +--> ?PR?_DELAYMS?SYSTEM

?PR?CHANNEL_FAF_UP_FUC?MENUEVENT                 -----    -----
  +--> ?PR?LCD_CLEAR?TM1722
  +--> ?PR?_SHOWCONTRY?TM1722
  +--> ?PR?_DELAYMS?SYSTEM

?PR?CHANNEL_FAF_PPT_FUC?MENUEVENT                021BH    0001H
  +--> ?PR?_DELAYMS?SYSTEM
  +--> ?PR?CHECKTXPOWER?HANDLER
  +--> ?PR?_ISSENDCMDOK?UART
  +--> ?PR?SAVEALLPARAM?MEMORY
  +--> ?PR?INITMENU?MENU
  +--> ?PR?LCD_CLEAR?TM1722
  +--> ?PR?SHOWCHANNEL?LCD
  +--> ?PR?LCDSHOWERROR?LCD

?PR?CHANNEL_FUPAFRFGSCAN_DN_FUC?MENUE...         -----    -----
  +--> ?PR?SHOWTABLE?LCD
  +--> ?PR?_DELAYMS?SYSTEM

?PR?CHANNEL_FUPAFRFGSCAN_UP_FUC?MENUE...         -----    -----
  +--> ?PR?SHOWTABLE?LCD
  +--> ?PR?_DELAYMS?SYSTEM

?PR?IS_KEY2_PRESS?KEYS                           0217H    0001H
  +--> ?PR?_CHECK_KEY?KEYS
  +--> ?PR?CHANNEL_FUC?MENUEVENT
  +--> ?PR?SAVEMENUPARAM?MEMORY
  +--> ?PR?SAVEALLPARAM?MEMORY
  +--> ?PR?_LCD_LOCK?TM1722
  +--> ?PR?_MENUOPERATE?MENU
  +--> ?PR?_GET_AD?SYSTEM

?PR?PPT_PRESS?KEYS                               0217H    0002H
  +--> ?PR?_MENUOPERATE?MENU

?PR?PWR_MUTE_PRESS?KEYS                          -----    -----
  +--> ?PR?_MENUOPERATE?MENU
  +--> ?PR?PLAYBUTTONTONE?LCD

BL51 BANKED LINKER/LOCATER V6.22                                                      06/02/2018  10:26:57  PAGE 19


?PR?TWINKLE_CONTROL?LCD                          -----    -----
  +--> ?PR?_LCD_EMG?TM1722
  +--> ?PR?RX_STRENGTH_SHOW?LCD
  +--> ?PR?_LCD_NUM1?TM1722
  +--> ?PR?_LCD_NUM2?TM1722
  +--> ?PR?_LCD_SCAN?TM1722
  +--> ?PR?_LCD_DW?TM1722
  +--> ?PR?_LCD_NUM4?TM1722
  +--> ?PR?_LCD_NUM5?TM1722
  +--> ?PR?_LCD_NUM3?TM1722
  +--> ?PR?_LCD_ASQ?TM1722

?PR?CHECK_SCAN?KEYS                              -----    -----
  +--> ?PR?CHANNEL_UP_FUC?MENUEVENT
  +--> ?PR?CHANNEL_DN_FUC?MENUEVENT

?PR?CHECK_DW?KEYS                                0217H    0002H
  +--> ?PR?CHECKTXPOWER?HANDLER
  +--> ?PR?_ISSENDCMDOK?UART
  +--> ?PR?CLOSE_SQ?CB_LINE
  +--> ?PR?SHOWCHANNEL?LCD

?PR?INITBK4815?KB4815                            0217H    0002H
  +--> ?PR?_DELAYUS?SYSTEM
  +--> ?PR?_DELAYMS?SYSTEM
  +--> ?PR?_BK_WRITE_REG?KB4815
  +--> ?PR?BK_RAMP_TABLE_INIT?KB4815
  +--> ?PR?INITREG01_19?KB4815
  +--> ?PR?_BK_READ_REG?KB4815
  +--> ?CO?KB4815
  +--> ?PR?ENTERBK4815RX?KB4815

?PR?BK_RAMP_TABLE_INIT?KB4815                    -----    -----
  +--> ?PR?_BK_WRITE_REG?KB4815

?PR?INITREG01_19?KB4815                          -----    -----
  +--> ?PR?_BK_WRITE_REG?KB4815

?PR?BK_DTMF_RECIVE?KB4815                        0217H    0001H
  +--> ?PR?BK_DTMF_RX_READ?KB4815
  +--> ?PR?_DELAYMS?SYSTEM
  +--> ?PR?_BK_DTMF_TX?KB4815
  +--> ?PR?ENTERBK4815RX?KB4815
  +--> ?PR?BK_TX2RX?KB4815
  +--> ?PR?BK_DTMF_INTERUPT_CLEAR?KB4815

?PR?BK_TX2RX?KB4815                              -----    -----
  +--> ?PR?_BK_WRITE_REG?KB4815

?PR?WIRELESSCHECKREC?CB_LINE                     0217H    0002H
  +--> ?PR?GET4815RSSI?CB_LINE
  +--> ?PR?_LCD_RX?TM1722
  +--> ?PR?ENTERBK4815RX?KB4815
  +--> ?PR?BK_TX2RX?KB4815

?PR?GET4815RSSI?CB_LINE                          0219H    0005H
  +--> ?PR?BK4815RSSIANDSNR?KB4815
BL51 BANKED LINKER/LOCATER V6.22                                                      06/02/2018  10:26:57  PAGE 20


  +--> ?PR?_DELAYUS?SYSTEM

?PR?BK4815RSSIANDSNR?KB4815                      -----    -----
  +--> ?PR?_BK_READ_REG?KB4815



SYMBOL TABLE OF MODULE:  CB589P (MAIN)

  VALUE           TYPE          NAME
  ----------------------------------

  -------         MODULE        MAIN
  C:0000H         SYMBOL        _ICE_DUMMY_
  D:0080H         PUBLIC        P0
  D:0090H         PUBLIC        P1
  D:00A0H         PUBLIC        P2
  D:00B0H         PUBLIC        P3
  C:5D00H         PUBLIC        irq_timer1
  B:00A8H.7       PUBLIC        EA
  C:61DCH         PUBLIC        waitPowerOn
  D:00A8H         PUBLIC        IE
  X:0287H         PUBLIC        sendDtmfT
  D:00C8H         PUBLIC        T2CON1
  C:5B98H         PUBLIC        main
  X:0288H         PUBLIC        timePowOn
  C:72B6H         PUBLIC        INT0_Irq
  C:635CH         PUBLIC        CheckHitPowerPress
  X:028AH         PUBLIC        ButtonToneTime
  B:00A0H.4       PUBLIC        P24
  B:0090H.5       PUBLIC        P15
  B:0090H.6       PUBLIC        P16
  D:008CH         PUBLIC        TH0
  D:008AH         PUBLIC        TL0
  B:0088H.4       PUBLIC        TR0
  D:0098H         PUBLIC        SCON0
  D:00D8H         PUBLIC        ADCON
  D:00C0H         PUBLIC        IIC0CON
  X:028BH         PUBLIC        isScanInrupt
  X:028CH         PUBLIC        isButtonTone
  D:00ACH         PUBLIC        EINTCS0
  -------         PROC          IRQ_TIMER1
  C:5D00H         LINE#         26
  C:5D08H         LINE#         28
  C:5D0EH         LINE#         29
  C:5D11H         LINE#         30
  C:5D11H         LINE#         31
  C:5D16H         LINE#         32
  C:5D1CH         LINE#         33
  C:5D1CH         LINE#         34
  C:5D24H         LINE#         35
  C:5D24H         LINE#         36
  C:5D2AH         LINE#         37
  C:5D2DH         LINE#         38
  C:5D2DH         LINE#         39
  C:5D34H         LINE#         40
  C:5D41H         LINE#         41
BL51 BANKED LINKER/LOCATER V6.22                                                      06/02/2018  10:26:57  PAGE 21


  C:5D41H         LINE#         42
  C:5D43H         LINE#         43
  C:5D43H         LINE#         44
  C:5D48H         LINE#         45
  C:5D48H         LINE#         46
  C:5D48H         LINE#         48
  C:5D58H         LINE#         49
  C:5D58H         LINE#         50
  C:5D61H         LINE#         51
  C:5D61H         LINE#         52
  C:5D64H         LINE#         53
  C:5D64H         LINE#         54
  C:5D64H         LINE#         55
  C:5D66H         LINE#         56
  C:5D69H         LINE#         57
  C:5D6CH         LINE#         58
  C:5D6EH         LINE#         59
  -------         ENDPROC       IRQ_TIMER1
  -------         PROC          WAITPOWERON
  C:61DCH         LINE#         62
  C:61DCH         LINE#         63
  C:61DCH         LINE#         64
  C:61E2H         LINE#         65
  C:61E2H         LINE#         66
  C:61F2H         LINE#         67
  C:61F2H         LINE#         68
  C:6200H         LINE#         69
  C:6207H         LINE#         70
  C:6216H         LINE#         71
  C:6216H         LINE#         72
  C:621CH         LINE#         73
  C:621CH         LINE#         74
  C:621EH         LINE#         76
  C:621EH         LINE#         77
  C:6225H         LINE#         78
  C:6225H         LINE#         79
  C:6227H         LINE#         82
  C:6229H         LINE#         87
  -------         ENDPROC       WAITPOWERON
  -------         PROC          CHECKHITPOWERPRESS
  -------         DO            
  D:0007H         SYMBOL        i
  -------         ENDDO         
  C:635CH         LINE#         89
  C:635CH         LINE#         90
  C:635CH         LINE#         92
  C:6361H         LINE#         93
  C:6366H         LINE#         94
  C:636AH         LINE#         95
  C:636FH         LINE#         96
  C:6374H         LINE#         97
  C:6382H         LINE#         98
  C:6382H         LINE#         99
  C:6385H         LINE#         100
  C:6385H         LINE#         101
  C:6397H         LINE#         102
  C:6397H         LINE#         103
BL51 BANKED LINKER/LOCATER V6.22                                                      06/02/2018  10:26:57  PAGE 22


  C:639FH         LINE#         104
  C:639FH         LINE#         105
  C:63A5H         LINE#         106
  C:63A5H         LINE#         107
  C:63A5H         LINE#         108
  -------         ENDPROC       CHECKHITPOWERPRESS
  -------         PROC          MAIN
  -------         DO            
  X:0210H         SYMBOL        dat
  -------         ENDDO         
  C:5B98H         LINE#         110
  C:5B98H         LINE#         111
  C:5B98H         LINE#         113
  C:5B9BH         LINE#         114
  C:5B9DH         LINE#         115
  C:5BA2H         LINE#         116
  C:5BA5H         LINE#         117
  C:5BAAH         LINE#         118
  C:5BADH         LINE#         119
  C:5BB0H         LINE#         120
  C:5BB3H         LINE#         121
  C:5BB6H         LINE#         122
  C:5BB9H         LINE#         123
  C:5BBCH         LINE#         124
  C:5BBFH         LINE#         125
  C:5BC2H         LINE#         126
  C:5BC4H         LINE#         127
  C:5BD4H         LINE#         128
  C:5BD4H         LINE#         129
  C:5BD4H         LINE#         130
  C:5BD7H         LINE#         131
  C:5BDAH         LINE#         132
  C:5BE9H         LINE#         133
  C:5BE9H         LINE#         134
  C:5BF1H         LINE#         135
  C:5C01H         LINE#         136
  C:5C01H         LINE#         138
  C:5C06H         LINE#         139
  C:5C08H         LINE#         141
  C:5C08H         LINE#         143
  C:5C0DH         LINE#         144
  C:5C0DH         LINE#         145
  C:5C0DH         LINE#         146
  -------         ENDPROC       MAIN
  -------         PROC          INT0_IRQ
  C:72B6H         LINE#         148
  C:72BCH         LINE#         151
  C:72C2H         LINE#         154
  C:72C5H         LINE#         156
  C:72C8H         LINE#         158
  -------         ENDPROC       INT0_IRQ
  -------         ENDMOD        MAIN

  -------         MODULE        SYSTEM
  C:0000H         SYMBOL        _ICE_DUMMY_
  D:0080H         PUBLIC        P0
  D:0090H         PUBLIC        P1
BL51 BANKED LINKER/LOCATER V6.22                                                      06/02/2018  10:26:57  PAGE 23


  D:00A0H         PUBLIC        P2
  D:00B0H         PUBLIC        P3
  D:00AAH         PUBLIC        EIE2
  B:00A8H.7       PUBLIC        EA
  C:2506H         PUBLIC        _Get_AD
  X:00F9H         PUBLIC        mHmSetting
  X:00FEH         PUBLIC        mCbParam
  C:687FH         PUBLIC        IO_Init
  D:0095H         PUBLIC        WPKEY
  C:734AH         PUBLIC        INT1_Init
  C:45A9H         PUBLIC        Get_BATT_AD
  D:00C8H         PUBLIC        T2CON1
  C:731AH         PUBLIC        systemCLK_init
  B:00D8H.2       PUBLIC        ADGO
  C:73D0H         PUBLIC        SystemInit
  D:00DAH         PUBLIC        ADRH
  X:012BH         PUBLIC        mSysParam
  D:00D9H         PUBLIC        ADRL
  D:008EH         PUBLIC        BRCON0
  X:0145H         PUBLIC        mSqParam
  X:0153H         PUBLIC        isPowerOn
  D:008FH         PUBLIC        BRTIM0
  B:0080H.0       PUBLIC        P00
  X:0154H         PUBLIC        mSq
  B:00A0H.2       PUBLIC        P22
  B:0080H.4       PUBLIC        P04
  D:0089H         PUBLIC        TMOD
  B:0090H.5       PUBLIC        P15
  X:0156H         PUBLIC        mMessage
  B:00B0H.4       PUBLIC        P34
  B:00B0H.6       PUBLIC        P36
  B:00A0H.7       PUBLIC        P27
  B:00B0H.7       PUBLIC        P37
  B:0088H.3       PUBLIC        IE1
  D:0091H         PUBLIC        MCKDIV
  D:0092H         PUBLIC        MCKSEL
  B:00A8H.1       PUBLIC        ET0
  D:008CH         PUBLIC        TH0
  B:0088H.2       PUBLIC        IT1
  X:015AH         PUBLIC        mRecive
  D:008AH         PUBLIC        TL0
  C:6E66H         PUBLIC        initBEEP
  B:0088H.4       PUBLIC        TR0
  D:00FCH         PUBLIC        P0MDH
  D:00FDH         PUBLIC        P1MDH
  D:00FEH         PUBLIC        P2MDH
  X:015BH         PUBLIC        mDtmfRecive
  D:00FFH         PUBLIC        P3MDH
  D:00ECH         PUBLIC        P0MDL
  X:0160H         PUBLIC        dtmfNum
  D:00EDH         PUBLIC        P1MDL
  D:00EEH         PUBLIC        P2MDL
  C:742FH         PUBLIC        UART0_Init
  D:0098H         PUBLIC        SCON0
  C:7332H         PUBLIC        UART1_Init
  D:00F1H         PUBLIC        SCON1
  D:00D8H         PUBLIC        ADCON
BL51 BANKED LINKER/LOCATER V6.22                                                      06/02/2018  10:26:57  PAGE 24


  D:00C0H         PUBLIC        IIC0CON
  X:0162H         PUBLIC        mFlag
  C:73BBH         PUBLIC        initTimer0
  D:0093H         PUBLIC        CLKEN
  C:710DH         PUBLIC        _delayms
  X:0165H         PUBLIC        isSendDtmf
  D:00ACH         PUBLIC        EINTCS0
  C:74D3H         PUBLIC        _delayus
  -------         PROC          SYSTEMCLK_INIT
  C:731AH         LINE#         24
  C:731AH         LINE#         25
  C:731AH         LINE#         26
  C:731DH         LINE#         27
  C:7320H         LINE#         28
  C:7323H         LINE#         29
  C:7328H         LINE#         30
  C:732BH         LINE#         31
  C:732EH         LINE#         32
  C:7331H         LINE#         33
  -------         ENDPROC       SYSTEMCLK_INIT
  -------         PROC          INITTIMER0
  C:73BBH         LINE#         39
  C:73BBH         LINE#         40
  C:73BBH         LINE#         42
  C:73C2H         LINE#         43
  C:73C5H         LINE#         44
  C:73C8H         LINE#         45
  C:73CBH         LINE#         46
  C:73CDH         LINE#         47
  C:73CFH         LINE#         48
  -------         ENDPROC       INITTIMER0
  -------         PROC          IO_INIT
  C:687FH         LINE#         54
  C:687FH         LINE#         55
  C:687FH         LINE#         56
  C:6882H         LINE#         57
  C:6885H         LINE#         58
  C:6887H         LINE#         59
  C:6889H         LINE#         61
  C:688CH         LINE#         62
  C:688FH         LINE#         63
  C:6892H         LINE#         65
  C:6894H         LINE#         67
  C:6897H         LINE#         68
  C:689AH         LINE#         69
  C:689CH         LINE#         72
  C:689EH         LINE#         75
  C:68A1H         LINE#         76
  C:68A3H         LINE#         77
  C:68A5H         LINE#         78
  C:68A7H         LINE#         79
  C:68ACH         LINE#         80
  C:68B2H         LINE#         83
  C:68B8H         LINE#         84
  -------         ENDPROC       IO_INIT
  -------         PROC          _DELAYMS
  D:0006H         SYMBOL        i
BL51 BANKED LINKER/LOCATER V6.22                                                      06/02/2018  10:26:57  PAGE 25


  -------         DO            
  D:0004H         SYMBOL        m
  D:0002H         SYMBOL        n
  -------         ENDDO         
  C:710DH         LINE#         93
  C:710DH         LINE#         94
  C:710DH         LINE#         97
  C:7117H         LINE#         98
  C:7117H         LINE#         99
  C:7125H         LINE#         100
  C:712CH         LINE#         101
  -------         ENDPROC       _DELAYMS
  -------         PROC          _DELAYUS
  D:0007H         SYMBOL        i
  C:74D3H         LINE#         107
  C:74D3H         LINE#         108
  C:74D3H         LINE#         109
  C:74D5H         LINE#         110
  -------         ENDPROC       _DELAYUS
  -------         PROC          INITBEEP
  C:6E66H         LINE#         116
  C:6E66H         LINE#         117
  C:6E66H         LINE#         137
  C:6E6DH         LINE#         138
  C:6E74H         LINE#         139
  C:6E7BH         LINE#         140
  C:6E81H         LINE#         141
  C:6E85H         LINE#         142
  C:6E88H         LINE#         143
  C:6E8BH         LINE#         144
  -------         ENDPROC       INITBEEP
  -------         PROC          UART0_INIT
  C:742FH         LINE#         150
  C:742FH         LINE#         151
  C:742FH         LINE#         152
  C:7436H         LINE#         153
  C:7439H         LINE#         154
  C:743CH         LINE#         156
  C:743FH         LINE#         159
  -------         ENDPROC       UART0_INIT
  -------         PROC          UART1_INIT
  C:7332H         LINE#         160
  C:7332H         LINE#         161
  C:7332H         LINE#         162
  C:7339H         LINE#         163
  C:733CH         LINE#         165
  C:7342H         LINE#         166
  C:7346H         LINE#         167
  C:7349H         LINE#         168
  -------         ENDPROC       UART1_INIT
  -------         PROC          INT1_INIT
  C:734AH         LINE#         169
  C:734AH         LINE#         170
  C:734AH         LINE#         171
  C:734CH         LINE#         172
  C:7353H         LINE#         173
  C:7355H         LINE#         174
BL51 BANKED LINKER/LOCATER V6.22                                                      06/02/2018  10:26:57  PAGE 26


  C:7358H         LINE#         175
  C:735AH         LINE#         176
  C:735DH         LINE#         177
  C:7360H         LINE#         179
  -------         ENDPROC       INT1_INIT
  -------         PROC          SYSTEMINIT
  C:73D0H         LINE#         180
  C:73D0H         LINE#         181
  C:73D0H         LINE#         182
  C:73D3H         LINE#         183
  C:73D6H         LINE#         184
  C:73D9H         LINE#         185
  C:73DCH         LINE#         187
  C:73DFH         LINE#         188
  C:73E2H         LINE#         190
  -------         ENDPROC       SYSTEMINIT
  -------         PROC          _GET_AD
  D:0007H         SYMBOL        AD_IO
  -------         DO            
  X:021CH         SYMBOL        i
  D:0002H         SYMBOL        j
  X:021EH         SYMBOL        temp
  X:0222H         SYMBOL        val
  -------         ENDDO         
  C:2506H         LINE#         197
  C:2506H         LINE#         198
  C:2506H         LINE#         203
  C:250EH         LINE#         204
  C:250EH         LINE#         205
  C:250EH         LINE#         206
  C:2514H         LINE#         207
  C:2517H         LINE#         208
  C:2519H         LINE#         209
  C:2519H         LINE#         210
  C:251FH         LINE#         211
  C:2522H         LINE#         212
  C:2522H         LINE#         213
  C:2522H         LINE#         214
  C:2522H         LINE#         215
  C:2522H         LINE#         217
  C:2527H         LINE#         218
  C:252EH         LINE#         219
  C:252EH         LINE#         220
  C:2530H         LINE#         221
  C:2533H         LINE#         222
  C:2556H         LINE#         223
  C:2570H         LINE#         224
  C:2577H         LINE#         225
  C:2577H         LINE#         226
  C:2594H         LINE#         227
  C:2594H         LINE#         228
  C:25BEH         LINE#         229
  C:25BEH         LINE#         230
  C:25DDH         LINE#         231
  C:2602H         LINE#         232
  C:2626H         LINE#         233
  C:2626H         LINE#         234
BL51 BANKED LINKER/LOCATER V6.22                                                      06/02/2018  10:26:57  PAGE 27


  C:262EH         LINE#         235
  C:264BH         LINE#         236
  C:2655H         LINE#         237
  C:265EH         LINE#         238
  C:265EH         LINE#         239
  C:269DH         LINE#         240
  C:26B7H         LINE#         241
  C:26D4H         LINE#         242
  C:270BH         LINE#         243
  C:2743H         LINE#         244
  C:277CH         LINE#         245
  C:27B5H         LINE#         246
  C:27EEH         LINE#         247
  C:2827H         LINE#         248
  C:2829H         LINE#         249
  -------         ENDPROC       _GET_AD
  -------         PROC          GET_BATT_AD
  -------         DO            
  D:0002H         SYMBOL        i
  X:024AH         SYMBOL        j
  D:0006H         SYMBOL        reval
  X:024CH         SYMBOL        temp
  X:0250H         SYMBOL        val
  -------         ENDDO         
  C:45A9H         LINE#         255
  C:45A9H         LINE#         256
  C:45A9H         LINE#         260
  C:45AFH         LINE#         261
  C:45B2H         LINE#         262
  C:45B7H         LINE#         263
  C:45BAH         LINE#         264
  C:45BAH         LINE#         265
  C:45BCH         LINE#         266
  C:45BFH         LINE#         267
  C:45DCH         LINE#         268
  C:45E7H         LINE#         269
  C:45EAH         LINE#         270
  C:45EAH         LINE#         271
  C:460AH         LINE#         272
  C:460AH         LINE#         273
  C:4634H         LINE#         274
  C:4634H         LINE#         275
  C:4659H         LINE#         276
  C:4684H         LINE#         277
  C:46AEH         LINE#         278
  C:46AEH         LINE#         279
  C:46BFH         LINE#         280
  C:46CDH         LINE#         281
  C:46D5H         LINE#         282
  C:46D5H         LINE#         283
  -------         ENDPROC       GET_BATT_AD
  -------         ENDMOD        SYSTEM

  -------         MODULE        TM1722
  C:0000H         SYMBOL        _ICE_DUMMY_
  C:5520H         PUBLIC        NUM2_ADD2
  D:0080H         PUBLIC        P0
BL51 BANKED LINKER/LOCATER V6.22                                                      06/02/2018  10:26:57  PAGE 28


  D:0090H         PUBLIC        P1
  C:5535H         PUBLIC        NUM3_ADD3
  D:00A0H         PUBLIC        P2
  D:00B0H         PUBLIC        P3
  X:01BDH         PUBLIC        PS_ADD6
  C:5551H         PUBLIC        NUM4_ADD4
  C:5568H         PUBLIC        NUM4_ADD5
  X:01BEH         PUBLIC        RX_ADD2
  C:557FH         PUBLIC        NUM5_ADD6
  C:5595H         PUBLIC        NUM5_ADD7
  X:01BFH         PUBLIC        LOCK_ADD7
  X:01C0H         PUBLIC        TX_ADD5
  C:6F8CH         PUBLIC        _LCD_EMG
  X:01C1H         PUBLIC        BATT_ADD8
  C:591DH         PUBLIC        TM1722_SHOW
  D:00C8H         PUBLIC        T2CON1
  C:70C7H         PUBLIC        _LCD_ASQ
  C:66CAH         PUBLIC        LCD_CLEAR
  C:3BDBH         PUBLIC        _LCD_STRENGTH
  C:618CH         PUBLIC        _ShowContry
  C:6FD2H         PUBLIC        _LCD_LOW
  B:0080H.5       PUBLIC        P05
  B:0080H.6       PUBLIC        P06
  B:0080H.7       PUBLIC        P07
  C:6844H         PUBLIC        _TM1722_Write_String
  X:01C2H         PUBLIC        EMG_ADD6
  C:705EH         PUBLIC        _LCD_AM
  C:703BH         PUBLIC        _LCD_FM
  X:01C3H         PUBLIC        ASQ_ADD8
  C:6FF5H         PUBLIC        _LCD_DW
  C:6CAEH         PUBLIC        _TM1722_Write_Byte
  X:01C4H         PUBLIC        LOW_ADD8
  C:73E3H         PUBLIC        _LCD_NUM1
  C:7081H         PUBLIC        _LCD_PS
  C:73F6H         PUBLIC        _LCD_NUM2
  C:7409H         PUBLIC        _LCD_NUM3
  C:6ED8H         PUBLIC        _LCD_NUM4
  X:01C5H         PUBLIC        STRENGTH_LEVEL1_ADD1
  C:6FAFH         PUBLIC        _LCD_SCAN
  C:6EFDH         PUBLIC        _LCD_NUM5
  C:6E8CH         PUBLIC        _TM1722_Write_Word
  C:70A4H         PUBLIC        _LCD_LOCK
  C:6F46H         PUBLIC        _LCD_RX
  C:7018H         PUBLIC        _LCD_BATT
  C:6F69H         PUBLIC        _LCD_TX
  X:01C6H         PUBLIC        STRENGTH_LEVEL2_ADD8
  X:01C7H         PUBLIC        STRENGTH_LEVEL3_ADD8
  X:01C8H         PUBLIC        STRENGTH_LEVEL4_ADD8
  D:0098H         PUBLIC        SCON0
  X:01C9H         PUBLIC        STRENGTH_LEVEL5_ADD8
  C:69CDH         PUBLIC        TM1722_Init
  D:00D8H         PUBLIC        ADCON
  D:00C0H         PUBLIC        IIC0CON
  X:01CAH         PUBLIC        AM_ADD4
  X:01CBH         PUBLIC        FM_ADD3
  X:01CCH         PUBLIC        SC_ADD7
  X:01CDH         PUBLIC        SEGDATA
BL51 BANKED LINKER/LOCATER V6.22                                                      06/02/2018  10:26:57  PAGE 29


  X:01D5H         PUBLIC        country_ecode
  X:020DH         PUBLIC        DW_ADD8
  C:550BH         PUBLIC        NUM1_ADD1
  -------         PROC          _TM1722_WRITE_BYTE
  X:0220H         SYMBOL        dat
  -------         DO            
  D:0007H         SYMBOL        i
  -------         ENDDO         
  C:6CAEH         LINE#         97
  C:6CB3H         LINE#         98
  C:6CB3H         LINE#         100
  C:6CB8H         LINE#         101
  C:6CBAH         LINE#         102
  C:6CBCH         LINE#         103
  C:6CBCH         LINE#         104
  C:6CBEH         LINE#         105
  C:6CC6H         LINE#         106
  C:6CC8H         LINE#         107
  C:6CCCH         LINE#         108
  C:6CD1H         LINE#         109
  C:6CD6H         LINE#         110
  -------         ENDPROC       _TM1722_WRITE_BYTE
  -------         PROC          _TM1722_WRITE_WORD
  X:021EH         SYMBOL        adress
  X:021FH         SYMBOL        dat
  C:6E8CH         LINE#         112
  C:6E94H         LINE#         113
  C:6E94H         LINE#         115
  C:6E96H         LINE#         116
  C:6E9BH         LINE#         117
  C:6E9DH         LINE#         118
  C:6EA7H         LINE#         119
  C:6EAFH         LINE#         120
  C:6EB1H         LINE#         121
  -------         ENDPROC       _TM1722_WRITE_WORD
  -------         PROC          _TM1722_WRITE_STRING
  X:028DH         SYMBOL        addr
  X:028EH         SYMBOL        count
  -------         DO            
  X:028FH         SYMBOL        i
  -------         ENDDO         
  C:6844H         LINE#         122
  C:684CH         LINE#         123
  C:684CH         LINE#         125
  C:684EH         LINE#         126
  C:6853H         LINE#         127
  C:6855H         LINE#         128
  C:685FH         LINE#         129
  C:686FH         LINE#         130
  C:686FH         LINE#         131
  C:6874H         LINE#         133
  C:687CH         LINE#         134
  C:687EH         LINE#         135
  -------         ENDPROC       _TM1722_WRITE_STRING
  -------         PROC          TM1722_INIT
  C:69CDH         LINE#         142
  C:69CDH         LINE#         143
BL51 BANKED LINKER/LOCATER V6.22                                                      06/02/2018  10:26:57  PAGE 30


  C:69CDH         LINE#         144
  C:69D2H         LINE#         145
  C:69D4H         LINE#         146
  C:69D6H         LINE#         147
  C:69D8H         LINE#         149
  C:69DDH         LINE#         150
  C:69DFH         LINE#         151
  C:69E4H         LINE#         152
  C:69E6H         LINE#         154
  C:69ECH         LINE#         155
  C:69EEH         LINE#         156
  C:69F0H         LINE#         157
  C:69F2H         LINE#         158
  C:69F4H         LINE#         159
  C:69F8H         LINE#         160
  C:69FCH         LINE#         161
  C:69FEH         LINE#         163
  C:6A01H         LINE#         164
  -------         ENDPROC       TM1722_INIT
  -------         PROC          _LCD_NUM1
  D:0007H         SYMBOL        i
  C:73E3H         LINE#         172
  C:73E3H         LINE#         173
  C:73E3H         LINE#         174
  C:73EBH         LINE#         175
  C:73F5H         LINE#         178
  -------         ENDPROC       _LCD_NUM1
  -------         PROC          _LCD_NUM2
  D:0007H         SYMBOL        i
  C:73F6H         LINE#         185
  C:73F6H         LINE#         186
  C:73F6H         LINE#         187
  C:73FEH         LINE#         188
  C:7408H         LINE#         190
  -------         ENDPROC       _LCD_NUM2
  -------         PROC          _LCD_NUM3
  D:0007H         SYMBOL        i
  C:7409H         LINE#         197
  C:7409H         LINE#         198
  C:7409H         LINE#         199
  C:7411H         LINE#         200
  C:741BH         LINE#         202
  -------         ENDPROC       _LCD_NUM3
  -------         PROC          _LCD_NUM4
  D:0004H         SYMBOL        i
  C:6ED8H         LINE#         209
  C:6EDAH         LINE#         210
  C:6EDAH         LINE#         211
  C:6EE2H         LINE#         212
  C:6EECH         LINE#         214
  C:6EF2H         LINE#         215
  C:6EFCH         LINE#         217
  -------         ENDPROC       _LCD_NUM4
  -------         PROC          _LCD_NUM5
  D:0004H         SYMBOL        i
  C:6EFDH         LINE#         225
  C:6EFFH         LINE#         226
BL51 BANKED LINKER/LOCATER V6.22                                                      06/02/2018  10:26:57  PAGE 31


  C:6EFFH         LINE#         227
  C:6F07H         LINE#         228
  C:6F11H         LINE#         230
  C:6F17H         LINE#         231
  C:6F21H         LINE#         233
  -------         ENDPROC       _LCD_NUM5
  -------         PROC          _LCD_RX
  D:0007H         SYMBOL        i
  C:6F46H         LINE#         240
  C:6F46H         LINE#         241
  C:6F46H         LINE#         242
  C:6F68H         LINE#         244
  -------         ENDPROC       _LCD_RX
  -------         PROC          _LCD_TX
  D:0007H         SYMBOL        i
  C:6F69H         LINE#         251
  C:6F69H         LINE#         252
  C:6F69H         LINE#         253
  C:6F8BH         LINE#         255
  -------         ENDPROC       _LCD_TX
  -------         PROC          _LCD_EMG
  D:0007H         SYMBOL        i
  C:6F8CH         LINE#         263
  C:6F8CH         LINE#         264
  C:6F8CH         LINE#         265
  C:6FAEH         LINE#         267
  -------         ENDPROC       _LCD_EMG
  -------         PROC          _LCD_SCAN
  D:0007H         SYMBOL        i
  C:6FAFH         LINE#         273
  C:6FAFH         LINE#         274
  C:6FAFH         LINE#         275
  C:6FD1H         LINE#         277
  -------         ENDPROC       _LCD_SCAN
  -------         PROC          _LCD_LOW
  D:0007H         SYMBOL        i
  C:6FD2H         LINE#         284
  C:6FD2H         LINE#         285
  C:6FD2H         LINE#         286
  C:6FF4H         LINE#         288
  -------         ENDPROC       _LCD_LOW
  -------         PROC          _LCD_DW
  D:0007H         SYMBOL        i
  C:6FF5H         LINE#         295
  C:6FF5H         LINE#         296
  C:6FF5H         LINE#         297
  C:7017H         LINE#         299
  -------         ENDPROC       _LCD_DW
  -------         PROC          _LCD_BATT
  D:0007H         SYMBOL        i
  C:7018H         LINE#         305
  C:7018H         LINE#         306
  C:7018H         LINE#         307
  C:703AH         LINE#         308
  -------         ENDPROC       _LCD_BATT
  -------         PROC          _LCD_FM
  D:0007H         SYMBOL        i
BL51 BANKED LINKER/LOCATER V6.22                                                      06/02/2018  10:26:57  PAGE 32


  C:703BH         LINE#         315
  C:703BH         LINE#         316
  C:703BH         LINE#         317
  C:705DH         LINE#         319
  -------         ENDPROC       _LCD_FM
  -------         PROC          _LCD_AM
  D:0007H         SYMBOL        i
  C:705EH         LINE#         326
  C:705EH         LINE#         327
  C:705EH         LINE#         328
  C:7080H         LINE#         330
  -------         ENDPROC       _LCD_AM
  -------         PROC          _LCD_PS
  D:0007H         SYMBOL        i
  C:7081H         LINE#         337
  C:7081H         LINE#         338
  C:7081H         LINE#         339
  C:70A3H         LINE#         341
  -------         ENDPROC       _LCD_PS
  -------         PROC          _LCD_LOCK
  D:0007H         SYMBOL        i
  C:70A4H         LINE#         344
  C:70A4H         LINE#         345
  C:70A4H         LINE#         346
  C:70C6H         LINE#         348
  -------         ENDPROC       _LCD_LOCK
  -------         PROC          _LCD_ASQ
  D:0007H         SYMBOL        i
  C:70C7H         LINE#         354
  C:70C7H         LINE#         355
  C:70C7H         LINE#         356
  C:70E9H         LINE#         358
  -------         ENDPROC       _LCD_ASQ
  -------         PROC          _LCD_STRENGTH
  D:0007H         SYMBOL        i
  C:3BDBH         LINE#         365
  C:3BDBH         LINE#         366
  C:3BDBH         LINE#         367
  C:3BFEH         LINE#         368
  C:3BFEH         LINE#         369
  C:3BFEH         LINE#         370
  C:3C0AH         LINE#         371
  C:3C17H         LINE#         372
  C:3C22H         LINE#         373
  C:3C2DH         LINE#         374
  C:3C37H         LINE#         375
  C:3C38H         LINE#         376
  C:3C38H         LINE#         377
  C:3C48H         LINE#         378
  C:3C55H         LINE#         379
  C:3C60H         LINE#         380
  C:3C6BH         LINE#         381
  C:3C75H         LINE#         382
  C:3C76H         LINE#         383
  C:3C76H         LINE#         384
  C:3C86H         LINE#         385
  C:3C97H         LINE#         386
BL51 BANKED LINKER/LOCATER V6.22                                                      06/02/2018  10:26:57  PAGE 33


  C:3CA2H         LINE#         387
  C:3CADH         LINE#         388
  C:3CB7H         LINE#         389
  C:3CB8H         LINE#         390
  C:3CB8H         LINE#         391
  C:3CC8H         LINE#         392
  C:3CD9H         LINE#         393
  C:3CE3H         LINE#         394
  C:3CEEH         LINE#         395
  C:3CF8H         LINE#         396
  C:3CF9H         LINE#         397
  C:3CF9H         LINE#         398
  C:3D09H         LINE#         399
  C:3D1AH         LINE#         400
  C:3D24H         LINE#         401
  C:3D2EH         LINE#         402
  C:3D38H         LINE#         403
  C:3D39H         LINE#         404
  C:3D39H         LINE#         405
  C:3D49H         LINE#         406
  C:3D5AH         LINE#         407
  C:3D64H         LINE#         408
  C:3D6EH         LINE#         409
  C:3D77H         LINE#         410
  C:3D77H         LINE#         411
  C:3D77H         LINE#         413
  -------         ENDPROC       _LCD_STRENGTH
  -------         PROC          LCD_CLEAR
  -------         DO            
  D:0007H         SYMBOL        i
  -------         ENDDO         
  C:66CAH         LINE#         415
  C:66CAH         LINE#         416
  C:66CAH         LINE#         418
  C:66CCH         LINE#         419
  C:66CCH         LINE#         420
  C:66E9H         LINE#         421
  C:66E9H         LINE#         422
  C:66F6H         LINE#         423
  C:66F8H         LINE#         425
  C:66F8H         LINE#         426
  C:6704H         LINE#         427
  C:6704H         LINE#         428
  C:6709H         LINE#         430
  -------         ENDPROC       LCD_CLEAR
  -------         PROC          _SHOWCONTRY
  D:0007H         SYMBOL        i
  C:618CH         LINE#         432
  C:618CH         LINE#         433
  C:618CH         LINE#         434
  C:619FH         LINE#         435
  C:61B2H         LINE#         436
  C:61C5H         LINE#         437
  C:61D8H         LINE#         438
  C:61DBH         LINE#         439
  -------         ENDPROC       _SHOWCONTRY
  -------         PROC          TM1722_SHOW
BL51 BANKED LINKER/LOCATER V6.22                                                      06/02/2018  10:26:57  PAGE 34


  C:591DH         LINE#         448
  C:591DH         LINE#         449
  C:591DH         LINE#         450
  C:5927H         LINE#         451
  C:592EH         LINE#         453
  C:5938H         LINE#         454
  C:593FH         LINE#         456
  C:5949H         LINE#         457
  C:5950H         LINE#         459
  C:595AH         LINE#         460
  C:5961H         LINE#         462
  C:596BH         LINE#         463
  C:5972H         LINE#         465
  C:597CH         LINE#         466
  C:5983H         LINE#         468
  C:598DH         LINE#         469
  C:5994H         LINE#         471
  C:599EH         LINE#         472
  C:59A5H         LINE#         473
  -------         ENDPROC       TM1722_SHOW
  -------         ENDMOD        TM1722

  -------         MODULE        KEYS
  C:0000H         SYMBOL        _ICE_DUMMY_
  D:0080H         PUBLIC        P0
  D:0090H         PUBLIC        P1
  D:00A0H         PUBLIC        P2
  D:00B0H         PUBLIC        P3
  C:56E3H         PUBLIC        PWR_MUTE_PRESS
  C:3D78H         PUBLIC        IS_KEY1_PRESS
  C:3846H         PUBLIC        IS_KEY2_PRESS
  X:0236H         PUBLIC        scandwPPTPress
  X:0237H         PUBLIC        oldkey
  X:0238H         PUBLIC        mKey
  X:0244H         PUBLIC        inDexMute
  D:00C8H         PUBLIC        T2CON1
  X:0245H         PUBLIC        PPTpress
  X:0246H         PUBLIC        inDex1
  X:0247H         PUBLIC        inDex2
  B:00A0H.4       PUBLIC        P24
  X:0248H         PUBLIC        LONG_UPDN_PRESS
  C:65C6H         PUBLIC        InitKey
  C:4D41H         PUBLIC        Check_Scan
  C:4349H         PUBLIC        Check_DW
  X:0249H         PUBLIC        keydelay
  C:6B55H         PUBLIC        PPT_PRESS
  D:0098H         PUBLIC        SCON0
  D:00D8H         PUBLIC        ADCON
  D:00C0H         PUBLIC        IIC0CON
  C:5777H         PUBLIC        _Check_Key
  -------         PROC          CHECK_SCAN
  C:4D41H         LINE#         37
  C:4D41H         LINE#         38
  C:4D41H         LINE#         39
  C:4D4CH         LINE#         40
  C:4D4CH         LINE#         42
  C:4D4CH         LINE#         43
BL51 BANKED LINKER/LOCATER V6.22                                                      06/02/2018  10:26:57  PAGE 35


  C:4D57H         LINE#         44
  C:4D63H         LINE#         45
  C:4D69H         LINE#         46
  C:4D69H         LINE#         47
  C:4D70H         LINE#         48
  C:4D70H         LINE#         49
  C:4D76H         LINE#         50
  C:4D7BH         LINE#         51
  C:4D7DH         LINE#         53
  C:4D7DH         LINE#         54
[...]
BL51 BANKED LINKER/LOCATER V6.22                                                      06/02/2018  10:26:57  PAGE 131


  C:70F1H         LINE#         1371
  C:70F4H         LINE#         1372
  C:70F7H         LINE#         1373
  C:70F9H         LINE#         1374
  C:70FBH         LINE#         1375
  C:70FDH         LINE#         1376
  C:70FFH         LINE#         1377
  C:7101H         LINE#         1378
  C:7103H         LINE#         1379
  C:7105H         LINE#         1380
  C:7108H         LINE#         1381
  C:710AH         LINE#         1383
  -------         ENDPROC       CHANNEL_LONGPOWER_FUC
  -------         PROC          CHANNEL_LOCK_PRESSOTHER_FUC
  -------         DO            
  X:021BH         SYMBOL        i
  -------         ENDDO         
  C:6AC7H         LINE#         1390
  C:6AC7H         LINE#         1391
  C:6AC7H         LINE#         1393
  C:6ACCH         LINE#         1394
  C:6ACCH         LINE#         1395
  C:6AD1H         LINE#         1396
  C:6AD4H         LINE#         1397
  C:6ADBH         LINE#         1398
  C:6AE0H         LINE#         1399
  C:6AE3H         LINE#         1400
  C:6AEAH         LINE#         1401
  C:6AF6H         LINE#         1402
  -------         ENDPROC       CHANNEL_LOCK_PRESSOTHER_FUC
  -------         PROC          CHANNEL_FAF_DN_FUC
  C:5F7AH         LINE#         1408
  C:5F7AH         LINE#         1409
  C:5F7AH         LINE#         1411
  C:5F89H         LINE#         1412
  C:5F89H         LINE#         1413
  C:5F89H         LINE#         1414
  C:5F97H         LINE#         1415
  C:5F9CH         LINE#         1416
  C:5F9EH         LINE#         1417
  C:5F9EH         LINE#         1418
  C:5FACH         LINE#         1419
  C:5FB1H         LINE#         1420
  C:5FB3H         LINE#         1421
  C:5FB3H         LINE#         1422
  C:5FC1H         LINE#         1423
  C:5FC7H         LINE#         1424
  C:5FC7H         LINE#         1425
  C:5FC7H         LINE#         1427
  C:5FCAH         LINE#         1428
  C:5FD2H         LINE#         1429
  C:5FD9H         LINE#         1430
  -------         ENDPROC       CHANNEL_FAF_DN_FUC
  -------         PROC          CHANNEL_FAF_UP_FUC
  C:5EB8H         LINE#         1436
  C:5EB8H         LINE#         1437
  C:5EB8H         LINE#         1439
BL51 BANKED LINKER/LOCATER V6.22                                                      06/02/2018  10:26:57  PAGE 132


  C:5EC7H         LINE#         1440
  C:5EC7H         LINE#         1441
  C:5EC7H         LINE#         1442
  C:5ED5H         LINE#         1443
  C:5EDBH         LINE#         1444
  C:5EDDH         LINE#         1445
  C:5EDDH         LINE#         1446
  C:5EEBH         LINE#         1447
  C:5EF1H         LINE#         1448
  C:5EF3H         LINE#         1449
  C:5EF3H         LINE#         1450
  C:5F01H         LINE#         1451
  C:5F07H         LINE#         1452
  C:5F07H         LINE#         1453
  C:5F07H         LINE#         1454
  C:5F0AH         LINE#         1455
  C:5F12H         LINE#         1456
  C:5F19H         LINE#         1457
  -------         ENDPROC       CHANNEL_FAF_UP_FUC
  -------         PROC          CHANNEL_FAF_PPT_FUC
  -------         DO            
  X:021BH         SYMBOL        i
  -------         ENDDO         
  C:3F01H         LINE#         1463
  C:3F01H         LINE#         1464
  C:3F01H         LINE#         1466
  C:3F06H         LINE#         1467
  C:3F06H         LINE#         1468
  C:3F08H         LINE#         1469
  C:3F0FH         LINE#         1470
  C:3F11H         LINE#         1471
  C:3F18H         LINE#         1472
  C:3F24H         LINE#         1473
  C:3F36H         LINE#         1478
  C:3F36H         LINE#         1479
  C:3F3BH         LINE#         1480
  C:3F3DH         LINE#         1481
  C:3F43H         LINE#         1482
  C:3F49H         LINE#         1485
  C:3F4FH         LINE#         1486
  C:3F8CH         LINE#         1487
  C:3F8CH         LINE#         1488
  C:3F94H         LINE#         1489
  C:3F9CH         LINE#         1490
  C:3FA4H         LINE#         1491
  C:3FACH         LINE#         1492
  C:3FB4H         LINE#         1493
  C:3FBCH         LINE#         1494
  C:3FC4H         LINE#         1495
  C:3FD2H         LINE#         1496
  C:3FE0H         LINE#         1497
  C:3FE8H         LINE#         1498
  C:3FF0H         LINE#         1499
  C:3FF8H         LINE#         1500
  C:4000H         LINE#         1501
  C:4006H         LINE#         1502
  C:4006H         LINE#         1503
BL51 BANKED LINKER/LOCATER V6.22                                                      06/02/2018  10:26:57  PAGE 133


  C:400DH         LINE#         1504
  C:400DH         LINE#         1505
  C:4013H         LINE#         1506
  C:401BH         LINE#         1508
  C:4021H         LINE#         1509
  C:4029H         LINE#         1511
  C:402FH         LINE#         1512
  C:4037H         LINE#         1514
  C:4039H         LINE#         1516
  C:4039H         LINE#         1517
  C:403FH         LINE#         1518
  C:4047H         LINE#         1520
  C:404DH         LINE#         1521
  C:4055H         LINE#         1523
  C:405BH         LINE#         1524
  C:4063H         LINE#         1526
  C:4063H         LINE#         1527
  C:4066H         LINE#         1528
  C:406EH         LINE#         1529
  C:406EH         LINE#         1530
  C:4071H         LINE#         1531
  C:4074H         LINE#         1532
  C:4077H         LINE#         1533
  C:407AH         LINE#         1534
  C:407FH         LINE#         1535
  C:4081H         LINE#         1536
  C:4084H         LINE#         1537
  C:4089H         LINE#         1538
  -------         ENDPROC       CHANNEL_FAF_PPT_FUC
  -------         PROC          CHANNEL_TABLE_FUC
  C:74CBH         LINE#         1544
  C:74CBH         LINE#         1545
  C:74CBH         LINE#         1546
  C:74CEH         LINE#         1547
  -------         ENDPROC       CHANNEL_TABLE_FUC
  -------         PROC          CHANNEL_FUPAFRFGSCAN_DN_FUC
  C:71CBH         LINE#         1553
  C:71CBH         LINE#         1554
  C:71CBH         LINE#         1555
  C:71D4H         LINE#         1556
  C:71D4H         LINE#         1557
  C:71D7H         LINE#         1558
  C:71D9H         LINE#         1559
  C:71DFH         LINE#         1561
  C:71E2H         LINE#         1562
  C:71E9H         LINE#         1563
  -------         ENDPROC       CHANNEL_FUPAFRFGSCAN_DN_FUC
  -------         PROC          CHANNEL_FUPAFRFGSCAN_UP_FUC
  C:71EAH         LINE#         1569
  C:71EAH         LINE#         1570
  C:71EAH         LINE#         1573
  C:71F3H         LINE#         1574
  C:71F3H         LINE#         1575
  C:71F6H         LINE#         1576
  C:71F8H         LINE#         1577
  C:71FEH         LINE#         1579
  C:7201H         LINE#         1580
BL51 BANKED LINKER/LOCATER V6.22                                                      06/02/2018  10:26:57  PAGE 134


  C:7208H         LINE#         1581
  -------         ENDPROC       CHANNEL_FUPAFRFGSCAN_UP_FUC
  -------         PROC          CHANNEL_SQ_SET_FUC
  C:749FH         LINE#         1587
  C:749FH         LINE#         1588
  C:749FH         LINE#         1589
  C:74A4H         LINE#         1590
  C:74A7H         LINE#         1591
  -------         ENDPROC       CHANNEL_SQ_SET_FUC
  -------         PROC          CHANNEL_SQ_SET_UP_FUC
  -------         DO            
  X:021BH         SYMBOL        temp1_sq
  -------         ENDDO         
  C:4917H         LINE#         1597
  C:4917H         LINE#         1598
  C:4917H         LINE#         1600
  C:492EH         LINE#         1601
  C:492EH         LINE#         1602
  C:492EH         LINE#         1603
  C:4934H         LINE#         1604
  C:4934H         LINE#         1605
  C:493CH         LINE#         1606
  C:4945H         LINE#         1607
  C:4945H         LINE#         1608
  C:4948H         LINE#         1609
  C:4948H         LINE#         1610
  C:4950H         LINE#         1611
  C:4958H         LINE#         1612
  C:4958H         LINE#         1614
  C:4961H         LINE#         1615
  C:4961H         LINE#         1616
  C:4964H         LINE#         1617
  C:4964H         LINE#         1618
  C:496CH         LINE#         1619
  C:496CH         LINE#         1621
  C:496EH         LINE#         1623
  C:496EH         LINE#         1624
  C:4976H         LINE#         1625
  C:497FH         LINE#         1626
  C:497FH         LINE#         1627
  C:4982H         LINE#         1628
  C:4982H         LINE#         1629
  C:498CH         LINE#         1630
  C:4994H         LINE#         1631
  C:4994H         LINE#         1632
  C:499DH         LINE#         1633
  C:499DH         LINE#         1634
  C:49A0H         LINE#         1635
  C:49A0H         LINE#         1636
  C:49A8H         LINE#         1638
  C:49A8H         LINE#         1639
  C:49A8H         LINE#         1640
  C:49ADH         LINE#         1641
  C:49AFH         LINE#         1642
  C:49AFH         LINE#         1643
  C:49B9H         LINE#         1644
  C:49BEH         LINE#         1645
BL51 BANKED LINKER/LOCATER V6.22                                                      06/02/2018  10:26:57  PAGE 135


  C:49C6H         LINE#         1646
  C:49C6H         LINE#         1647
  C:49D0H         LINE#         1648
  C:49D5H         LINE#         1649
  C:49D5H         LINE#         1650
  C:49D7H         LINE#         1651
  C:49D7H         LINE#         1652
  C:49DDH         LINE#         1653
  C:49DDH         LINE#         1654
  C:49E6H         LINE#         1655
  C:49E9H         LINE#         1656
  C:49EBH         LINE#         1658
  C:49EBH         LINE#         1659
  C:49F6H         LINE#         1660
  C:49F9H         LINE#         1661
  C:49F9H         LINE#         1662
  C:4A01H         LINE#         1663
  C:4A01H         LINE#         1664
  C:4A07H         LINE#         1665
  C:4A07H         LINE#         1666
  C:4A10H         LINE#         1667
  C:4A13H         LINE#         1668
  C:4A15H         LINE#         1670
  C:4A15H         LINE#         1671
  C:4A20H         LINE#         1672
  C:4A23H         LINE#         1673
  C:4A23H         LINE#         1674
  C:4A23H         LINE#         1675
  C:4A23H         LINE#         1676
  C:4A23H         LINE#         1677
  C:4A26H         LINE#         1678
  C:4A2DH         LINE#         1679
  -------         ENDPROC       CHANNEL_SQ_SET_UP_FUC
  -------         PROC          CHANNEL_SQ_SET_DN_FUC
  -------         DO            
  X:021BH         SYMBOL        temp1_sq
  -------         ENDDO         
  C:47FAH         LINE#         1685
  C:47FAH         LINE#         1686
  C:47FAH         LINE#         1688
  C:4811H         LINE#         1689
  C:4811H         LINE#         1690
  C:4811H         LINE#         1691
  C:4817H         LINE#         1692
  C:4817H         LINE#         1693
  C:481FH         LINE#         1694
  C:4828H         LINE#         1695
  C:4828H         LINE#         1696
  C:482BH         LINE#         1697
  C:482BH         LINE#         1698
  C:4833H         LINE#         1699
  C:483BH         LINE#         1700
  C:483BH         LINE#         1701
  C:4844H         LINE#         1702
  C:4844H         LINE#         1703
  C:4847H         LINE#         1704
  C:4847H         LINE#         1705
BL51 BANKED LINKER/LOCATER V6.22                                                      06/02/2018  10:26:57  PAGE 136


  C:484FH         LINE#         1706
  C:484FH         LINE#         1707
  C:4854H         LINE#         1708
  C:4857H         LINE#         1710
  C:4857H         LINE#         1711
  C:485FH         LINE#         1712
  C:4868H         LINE#         1713
  C:4868H         LINE#         1714
  C:486BH         LINE#         1715
  C:486BH         LINE#         1716
  C:4875H         LINE#         1717
  C:487DH         LINE#         1718
  C:487DH         LINE#         1719
  C:4886H         LINE#         1720
  C:4886H         LINE#         1721
  C:4889H         LINE#         1722
  C:4889H         LINE#         1723
  C:4891H         LINE#         1724
  C:4891H         LINE#         1725
  C:4896H         LINE#         1726
  C:4896H         LINE#         1727
  C:4898H         LINE#         1728
  C:4898H         LINE#         1729
  C:48A2H         LINE#         1730
  C:48A7H         LINE#         1731
  C:48AFH         LINE#         1732
  C:48AFH         LINE#         1733
  C:48B9H         LINE#         1734
  C:48BEH         LINE#         1735
  C:48BEH         LINE#         1736
  C:48C0H         LINE#         1737
  C:48C0H         LINE#         1738
  C:48C6H         LINE#         1739
  C:48C6H         LINE#         1740
  C:48CFH         LINE#         1741
  C:48D2H         LINE#         1742
  C:48D4H         LINE#         1744
  C:48D4H         LINE#         1745
  C:48DFH         LINE#         1746
  C:48E2H         LINE#         1747
  C:48E2H         LINE#         1748
  C:48EAH         LINE#         1749
  C:48EAH         LINE#         1750
  C:48F0H         LINE#         1751
  C:48F0H         LINE#         1752
  C:48F9H         LINE#         1753
  C:48FCH         LINE#         1754
  C:48FEH         LINE#         1756
  C:48FEH         LINE#         1757
  C:4909H         LINE#         1758
  C:490CH         LINE#         1759
  C:490CH         LINE#         1760
  C:490CH         LINE#         1762
  C:490CH         LINE#         1763
  C:490CH         LINE#         1764
  C:490FH         LINE#         1765
  C:4916H         LINE#         1766
BL51 BANKED LINKER/LOCATER V6.22                                                      06/02/2018  10:26:57  PAGE 137


  -------         ENDPROC       CHANNEL_SQ_SET_DN_FUC
  -------         PROC          CHANNEL_SQ_SET_F_FUC
  C:6E3FH         LINE#         1772
  C:6E3FH         LINE#         1773
  C:6E3FH         LINE#         1774
  C:6E4DH         LINE#         1775
  C:6E4DH         LINE#         1776
  C:6E53H         LINE#         1777
  C:6E55H         LINE#         1778
  C:6E5BH         LINE#         1779
  C:6E5DH         LINE#         1780
  C:6E62H         LINE#         1781
  C:6E62H         LINE#         1782
  C:6E62H         LINE#         1783
  C:6E65H         LINE#         1784
  -------         ENDPROC       CHANNEL_SQ_SET_F_FUC
  -------         PROC          CHANNEL_FRECAL_FUC
  C:74CFH         LINE#         1791
  C:74CFH         LINE#         1792
  C:74CFH         LINE#         1793
  C:74D2H         LINE#         1794
  -------         ENDPROC       CHANNEL_FRECAL_FUC
  -------         PROC          CHANNEL_FRECAL_UP_FUC
  -------         DO            
  X:0297H         SYMBOL        oldfrecal
  -------         ENDDO         
  C:6BB0H         LINE#         1800
  C:6BB0H         LINE#         1801
  C:6BB0H         LINE#         1802
  C:6BB8H         LINE#         1803
  C:6BBDH         LINE#         1804
  C:6BBDH         LINE#         1805
  C:6BC3H         LINE#         1806
  C:6BC3H         LINE#         1807
  C:6BCBH         LINE#         1808
  C:6BCBH         LINE#         1809
  C:6BD3H         LINE#         1810
  C:6BD3H         LINE#         1811
  C:6BDAH         LINE#         1812
  -------         ENDPROC       CHANNEL_FRECAL_UP_FUC
  -------         PROC          CHANNEL_FRECAL_DN_FUC
  -------         DO            
  X:0298H         SYMBOL        oldfrecal
  -------         ENDDO         
  C:6BDBH         LINE#         1818
  C:6BDBH         LINE#         1819
  C:6BDBH         LINE#         1820
  C:6BE3H         LINE#         1821
  C:6BE8H         LINE#         1822
  C:6BE8H         LINE#         1823
  C:6BEEH         LINE#         1824
  C:6BEEH         LINE#         1825
  C:6BF6H         LINE#         1826
  C:6BF6H         LINE#         1827
  C:6BFEH         LINE#         1828
  C:6BFEH         LINE#         1829
  C:6C05H         LINE#         1830
BL51 BANKED LINKER/LOCATER V6.22                                                      06/02/2018  10:26:57  PAGE 138


  -------         ENDPROC       CHANNEL_FRECAL_DN_FUC
  -------         PROC          FACTORY_SETTING_FUC
  C:6541H         LINE#         1837
  C:6541H         LINE#         1838
  C:6541H         LINE#         1840
  C:6546H         LINE#         1841
  C:654AH         LINE#         1842
  C:654EH         LINE#         1843
  C:6552H         LINE#         1844
  C:6556H         LINE#         1845
  C:655BH         LINE#         1846
  C:6560H         LINE#         1848
  C:6564H         LINE#         1849
  C:6567H         LINE#         1850
  C:656AH         LINE#         1851
  C:656DH         LINE#         1852
  C:6570H         LINE#         1853
  C:6573H         LINE#         1854
  C:657BH         LINE#         1855
  C:657BH         LINE#         1857
  C:657DH         LINE#         1858
  C:657FH         LINE#         1859
  C:6581H         LINE#         1860
  C:6583H         LINE#         1862
  C:6583H         LINE#         1863
  -------         ENDPROC       FACTORY_SETTING_FUC
  -------         ENDMOD        MENUEVENT

  -------         MODULE        ?C?FPADD
  C:1447H         PUBLIC        ?C?FPADD
  C:1443H         PUBLIC        ?C?FPSUB
  -------         ENDMOD        ?C?FPADD

  -------         MODULE        ?C?FPMUL
  C:1538H         PUBLIC        ?C?FPMUL
  -------         ENDMOD        ?C?FPMUL

  -------         MODULE        ?C?FPDIV
  C:1641H         PUBLIC        ?C?FPDIV
  -------         ENDMOD        ?C?FPDIV

  -------         MODULE        ?C?FPCMP
  C:16E0H         PUBLIC        ?C?FPCMP
  C:16DEH         PUBLIC        ?C?FPCMP3
  -------         ENDMOD        ?C?FPCMP

  -------         MODULE        ?C?FCAST
  C:1761H         PUBLIC        ?C?FCASTC
  C:175CH         PUBLIC        ?C?FCASTI
  C:1757H         PUBLIC        ?C?FCASTL
  -------         ENDMOD        ?C?FCAST

  -------         MODULE        ?C?CASTF
  C:1795H         PUBLIC        ?C?CASTF
  -------         ENDMOD        ?C?CASTF

  -------         MODULE        ?C?SCDIV
BL51 BANKED LINKER/LOCATER V6.22                                                      06/02/2018  10:26:57  PAGE 139


  C:1816H         PUBLIC        ?C?SCDIV
  -------         ENDMOD        ?C?SCDIV

  -------         MODULE        ?C?CLDPTR
  C:1838H         PUBLIC        ?C?CLDPTR
  -------         ENDMOD        ?C?CLDPTR

  -------         MODULE        ?C?CSTOPTR
  C:1851H         PUBLIC        ?C?CSTOPTR
  -------         ENDMOD        ?C?CSTOPTR

  -------         MODULE        ?C?UIDIV
  C:1873H         PUBLIC        ?C?UIDIV
  -------         ENDMOD        ?C?UIDIV

  -------         MODULE        ?C?ILDIX
  C:18C8H         PUBLIC        ?C?ILDIX
  -------         ENDMOD        ?C?ILDIX

  -------         MODULE        ?C?ULDIV
  C:191AH         PUBLIC        ?C?ULDIV
  -------         ENDMOD        ?C?ULDIV

  -------         MODULE        ?C?LNEG
  C:19ACH         PUBLIC        ?C?LNEG
  -------         ENDMOD        ?C?LNEG

  -------         MODULE        ?C?ULCMP
  C:19BAH         PUBLIC        ?C?ULCMP
  -------         ENDMOD        ?C?ULCMP

  -------         MODULE        ?C?ULSHR
  C:19CBH         PUBLIC        ?C?ULSHR
  -------         ENDMOD        ?C?ULSHR

  -------         MODULE        ?C?LSHL
  C:19DEH         PUBLIC        ?C?LSHL
  -------         ENDMOD        ?C?LSHL

  -------         MODULE        ?C?LSTXDATA
  C:19F1H         PUBLIC        ?C?LSTXDATA
  -------         ENDMOD        ?C?LSTXDATA

  -------         MODULE        ?C?LSTKXDATA
  C:19FDH         PUBLIC        ?C?LSTKXDATA
  -------         ENDMOD        ?C?LSTKXDATA

  -------         MODULE        ?C?CCASE
  C:1A2EH         PUBLIC        ?C?CCASE
  -------         ENDMOD        ?C?CCASE

Program Size: data=9.0 xdata=665 code=29908
LINK/LOCATE RUN COMPLETE.  0 WARNING(S),  0 ERROR(S)
