C51 COMPILER V9.52.0.0   SYSTEM                                                            06/02/2018 10:26:49 PAGE 1   


C51 COMPILER V9.52.0.0, COMPILATION OF MODULE SYSTEM
OBJECT MODULE PLACED IN system.OBJ
COMPILER INVOKED BY: C:\Keil\C51\BIN\C51.EXE system.c LARGE OPTIMIZE(6,SPEED) BROWSE INCDIR(G:\CB589P) DEBUG OBJECTEXTEN
                    -D TABS(2)

line level    source

   1          
   2          #include "system.h"
   3          
   4          u32         mMessage;                 //
   5          tCbParam    mCbParam;                 //–Ë“™∑¢ÀÕµΩCBª˙µƒ ˝æ›
   6          tSqParam    mSqParam;                 //SQƒ£ Ω
   7          tHmSetting  mHmSetting;               // ÷ﬂ‰…œ√Ê–Ë“™…Ë÷√µƒ ˝æ›
   8          
   9          tSysParam   mSysParam;                //
  10          tFlag       mFlag;     
  11          xdata uchar     mRecive;
  12          xdata tDtmfRecive mDtmfRecive;
  13          xdata tSq     mSq;
  14          xdata uchar     mRecive;
  15          xdata uchar   isSendDtmf;
  16          xdata u16  dtmfNum;
  17          xdata u8  isPowerOn;
  18          
  19          /*-------------------------------------------------------------------------
  20          *∫Ø ˝£∫systemCLK_init  œµÕ≥ ±÷”—°‘Ò  Õ‚≤ø16M ±÷”
  21          *≤Œ ˝£∫Œﬁ  
  22          *∑µªÿ÷µ£∫Œﬁ
  23          *-------------------------------------------------------------------------*/
  24          void systemCLK_init()
  25          {
  26   1      WPKEY = 0x37;
  27   1        CLKEN &= 0xFB;                  // P90£¨P91∏¥”√≥…æß’Ò ‰»ÎΩ≈
  28   1        CLKEN |= 0x08;                  // ¥Úø™CRYH
  29   1        while((MCKSEL&0x40) != 0x40);   // ≤Èø¥CRYHŒ»∂®±Í÷æŒª «∑Ò÷√∆
  30   1        WPKEY  = 0x37;
  31   1          MCKSEL = 0x01;                  // «–ªªµΩCRYH
  32   1        MCKDIV = 0x03;  //≤ª∑÷∆µ
  33   1      }
  34          /*-------------------------------------------------------------------------
  35          *∫Ø ˝£∫initTimer0  ∂® ±∆˜≥ı πªØ  50ms∂® ±∆˜
  36          *≤Œ ˝£∫Œﬁ  
  37          *∑µªÿ÷µ£∫Œﬁ
  38          *-------------------------------------------------------------------------*/
  39          void initTimer0(void) //∂® ±50ms
  40          {
  41   1          //≥ı ºªØ∂® ±∆˜
  42   1          xTIMPRS |= 0x07;  //t0: MCLK/32 = 16M/256 = 62.5KHz = 62500Hz
  43   1        TMOD |= 0x01; //t0: 16Œª∂® ±∆˜
  44   1        TH0 = (65535 - 3125) / 256; 
  45   1        TL0 = (65535 - 3125) % 256; //50ms => 0.05S * 62500 = 3125  
  46   1          TR0 = 1;
  47   1        ET0 = 1;
  48   1      }
  49          /*-------------------------------------------------------------------------
  50          *∫Ø ˝£∫IO_Init  IOø⁄≥ı πªØ  
  51          *≤Œ ˝£∫Œﬁ  
  52          *∑µªÿ÷µ£∫Œﬁ
  53          *-------------------------------------------------------------------------*/
  54          void IO_Init()
C51 COMPILER V9.52.0.0   SYSTEM                                                            06/02/2018 10:26:49 PAGE 2   

  55          {
  56   1        P0MDL=0xA6;                 //P0.0Õ∆ÕÏ ‰≥ˆ  P0.1…œ¿≠ ‰»Î   P0.2 Õ∆ÕÏ ‰≥ˆ  P0.3 Õ∆ÕÏ ‰≥ˆ£®‘À––÷–ª·«–ªª≥… ‰
             -»Î£©
  57   1        P0MDH=0xAA;                    //P0.4Õ∆ÕÏ ‰≥ˆ  P0.5Õ∆ÕÏ ‰≥ˆ  P0.6Õ∆ÕÏ ‰≥ˆ  P0.7Õ∆ÕÏ ‰≥ˆ
  58   1        P04=0;
  59   1        P00=1;
  60   1        
  61   1        P1MDL=0xAA;                 //P1.0-P1.3 Õ∆ÕÏ ‰≥ˆ
  62   1        P1MDH=0xAA;                 //P1.4-P1.7 Õ∆ÕÏ ‰≥ˆ
  63   1        P1=0x20;
  64   1        
  65   1        P15=0;
  66   1        //P16=0;
  67   1        P2MDL=0xA0;                 //P2.2  Õ∆ÕÏ ‰≥ˆ
  68   1        P2MDH=0x80;                  //P2.4 …œ¿≠ ‰»Î  P2.7 Õ∆ÕÏ ‰≥ˆ
  69   1        P22=1;
  70   1        
  71   1      
  72   1        P27=0;  
  73   1        
  74   1        
  75   1        P3MDH=0xA2;                 //P3.4 Õ∆ÕÏ ‰≥ˆ  P3.5  ‰»Î  P3.6  ‰≥ˆ£®‘À––÷–“™«–ªª ‰»Î£© P3.7 Õ∆ÕÏ ‰≥ˆ
  76   1        P34=1;  
  77   1        P37=1;
  78   1        P36=1;
  79   1        xP4MDL=0x00;
  80   1        xP4MDH=0x08;                  //P4.0  ‰»Î P4.1  ‰»Î P4.2  ‰»Î  P4.4  ‰»Î P4.5  ‰≥ˆ
  81   1        
  82   1        
  83   1        xADCFG=0x10;                  //ADC∂‘∆Î∑Ω ΩŒ™  µÕ4ŒªADRL ∏ﬂ2ŒªADRH 
  84   1      }
  85          
  86          
  87          
  88          /*-------------------------------------------------------------------------
  89          *∫Ø ˝£∫delayms  —” ±1ms   
  90          *≤Œ ˝£∫Œﬁ  
  91          *∑µªÿ÷µ£∫Œﬁ
  92          *-------------------------------------------------------------------------*/
  93          void delayms(unsigned int i)
  94          {
  95   1        unsigned int m,n;
  96   1        
  97   1        for(m=0;m<i;m++)
  98   1        {
  99   2          for(n=0;n<1188;n++);
 100   2        }
 101   1      }
 102          /*-------------------------------------------------------------------------
 103          *∫Ø ˝£∫delayus  —” ±1.5us 
 104          *≤Œ ˝£∫Œﬁ  
 105          *∑µªÿ÷µ£∫Œﬁ
 106          *-------------------------------------------------------------------------*/
 107          void delayus(u8 i)
 108          {
 109   1          while(--i);
 110   1      }
 111          /*-------------------------------------------------------------------------
 112          *∫Ø ˝£∫initBEEP  PWM  BEEP“Ù≥ı πªØ 
 113          *≤Œ ˝£∫Œﬁ  
 114          *∑µªÿ÷µ£∫Œﬁ
 115          *-------------------------------------------------------------------------*/
C51 COMPILER V9.52.0.0   SYSTEM                                                            06/02/2018 10:26:49 PAGE 3   

 116          void initBEEP(void)
 117          {
 118   1        /*
 119   1        //xSYSCFG |= 0x20;
 120   1        xPWMCN=0x10;            // πƒ‹PWM0
 121   1        xPWMPSC|=0x13;          //PWM‘§∑÷∆µ±»20
 122   1        xIOMUX0 |= 0x02;         //P23Œ™PWM0 ‰≥ˆ 
 123   1        xPWMP=200;              //÷‹∆⁄            P=(xPWMP)*(∂® ±∆˜∑÷∆µ+1)*Tclk= 200*20*(1/4MHz)=1ms  =1kHz
 124   1        xPWM0D=100;             //PWM0’ºø’±»      duty = xPWM0D*(∂® ±∆˜∑÷∆µ+1)*Tclk = 100*20/4 =500us  
 125   1        P2MDL &= 0x3f;
 126   1        P2MDL |=0x80;            //P23◊˜Œ™ ‰≥ˆ
 127   1        */
 128   1        /*
 129   1         xPWMCN = 0X10;          // πƒ‹PWM0
 130   1          xPWMPSC = 0X07;         //PWM‘§∑÷∆µ±» 
 131   1          xPWMP = 0X80;           //÷‹∆⁄ºƒ¥Ê∆˜  P=(xPWMP)*(∂® ±∆˜∑÷∆µ+1)*Tclk= 128*8*(1/4MHz)=256us 
 132   1          xPWM0D = 0X20;          //PWM0’ºø’±»  duty = xPWM0D*(∂® ±∆˜∑÷∆µ+1)*Tclk = 32*8/4 =64us
 133   1          xIOMUX0 = 0X02;         //P23Œ™PWM0 ‰≥ˆ
 134   1          P2MDL |=0X80;            //P23◊˜Œ™ ‰≥ˆ
 135   1        P23=1;
 136   1        */
 137   1        xSYSCFG |= 0x20;
 138   1        xPWMPSC|=0x70;          //PWM‘§∑÷∆µ±»20
 139   1        xIOMUX0 |= 0x02;//En P23 as Pwm0
 140   1        xPWMP = 0X86; //÷‹∆⁄
 141   1        xPWM0D = 0X43;  //’ºø’±»£¨modda
 142   1        P2MDL &= 0x3f;
 143   1        P2MDL |= 0x80;
 144   1      }
 145          /*-------------------------------------------------------------------------
 146          *∫Ø ˝£∫UART0_Init  ¥Æø⁄≥ı πªØ
 147          *≤Œ ˝£∫Œﬁ  
 148          *∑µªÿ÷µ£∫Œﬁ
 149          *-------------------------------------------------------------------------*/
 150          void UART0_Init()
 151          {
 152   1        xIOMUX0 |= 0x01;        //P21/P20∏¥”√◊ˆUART0∂Àø⁄
 153   1        SCON0=0x50;             //π§◊˜ƒ£ Ω1,8Œª“Ï≤Ω£¨≤®Ãÿ¬ ø…µ˜ ‘ –ÌΩ” ’”Î∑¢ÀÕ
 154   1        BRCON0  = 0xE8;         //≤®Ãÿ¬ º∆À„π´ ΩŒ™1/16£®2smod=1£©,≤®Ãÿ¬ ∑¢…˙∆˜ø™∆Ù£¨∏ﬂæ´∂»≤®Ãÿ¬ øÿ÷∆ πƒ‹
 155   1        
 156   1        BRTIM0  = 0x98;          //
 157   1        
 158   1         
 159   1      }
 160          void UART1_Init()
 161          {
 162   1        xIOMUX2 |= 0x01;        //P24/P23∏¥”√◊ˆUART1∂Àø⁄
 163   1        SCON1 |= 0x50;         //π§◊˜ƒ£ Ω1,8Œª“Ï≤Ω£¨≤®Ãÿ¬ ø…µ˜  πƒ‹Ω” ’
 164   1       
 165   1        xBRCON1  = 0XE8;//0x68;         //≤®Ãÿ¬ º∆À„π´ ΩŒ™1/16£®2smod=1£©£¨≤®Ãÿ¬ ∑¢…˙∆˜ø™∆Ù£¨∏ﬂæ´∂»≤®Ãÿ¬ øÿ÷∆ πƒ
             -‹   
 166   1        xBRTIM1  = 0x98;
 167   1        EIE2 |=0X10;                    // πƒ‹ES1÷–∂œ
 168   1      }
 169          void INT1_Init(void)
 170          {
 171   1          EA = 0;
 172   1          xIOMUX2 &= 0xDF;                  //INTΩ≈—°P01
 173   1          IT1 = 1;                          //∏∫±ﬂ—ÿ£®œ¬Ωµ—ÿ£©¥•∑¢÷–∂œ
 174   1          EINTCS0 = 0xA0;                   //bit5=1£¨INT1÷–∂œ πƒ‹–≈∫≈ ,“Ï≤Ω÷–∂œƒ£ Ω
 175   1          IE1 = 0;                          //«ÂINT1œ¬Ωµ—ÿ÷–∂œ±Í÷æ
 176   1          EINTCS0 &= 0xfc;                  //«Â≥˝±Í÷æ £¨À´ª∫≥Âª˙÷∆µƒ÷–∂œ£¨2¥Œ«Â≥˝±Í÷æ
C51 COMPILER V9.52.0.0   SYSTEM                                                            06/02/2018 10:26:49 PAGE 4   

 177   1          EINTCS0 &= 0xfc;                  //«Â≥˝±Í÷æ
 178   1          
 179   1      }
 180          void SystemInit()
 181          {
 182   1        systemCLK_init();
 183   1        IO_Init();  
 184   1        initTimer0();
 185   1        UART0_Init();
 186   1        //UART1_Init();
 187   1        initBEEP(); 
 188   1        INT1_Init();
 189   1        //UART1_Init();
 190   1      }
 191          
 192          /*-------------------------------------------------------------------------
 193          *∫Ø ˝£∫Get_AD  AD÷µ≤…ºØ
 194          *≤Œ ˝£∫Œﬁ  
 195          *∑µªÿ÷µ£∫Œﬁ
 196          *-------------------------------------------------------------------------*/
 197          u8 Get_AD(u8 AD_IO)
 198          {   
 199   1        u16 i,j;
 200   1        u32 temp;
 201   1        u16 val[10];
 202   1        
 203   1        switch(AD_IO) 
 204   1        {   
 205   2          case Key1:
 206   2            xP3AEN=0x04;  //P3.2ƒ£ƒ‚Õ®µ¿ø™∆Ù
 207   2            ADCON=0x28;
 208   2            break;
 209   2          case Key2:
 210   2            xP3AEN=0x08;  //P3.3ƒ£ƒ‚Õ®µ¿ø™∆Ù
 211   2            ADCON=0x38;
 212   2            break;
 213   2          default:
 214   2            break;
 215   2        }
 216   1        
 217   1        delayus(10);
 218   1        for(i=0;i<10;i++)
 219   1        {
 220   2          ADGO=1;
 221   2          while(ADGO==1);
 222   2          val[i]=((ADRH<<8)|ADRL);
 223   2        }
 224   1        for(i=0;i<10;i++)   
 225   1        {
 226   2          for(j=0;j<10-i;j++)
 227   2          {
 228   3            if(val[j]>val[j+1])
 229   3            { 
 230   4              temp = val[j];
 231   4              val[j] = val[j+1];
 232   4              val[j+1] = temp;                 
 233   4            }
 234   3          }
 235   2        }
 236   1        temp=0;
 237   1        for(i=4;i<6;i++)  
 238   1        {
C51 COMPILER V9.52.0.0   SYSTEM                                                            06/02/2018 10:26:49 PAGE 5   

 239   2          temp+=val[i];
 240   2        }
 241   1        temp=temp/2;
 242   1        if((0x0070<temp)&&(temp<0x00ef)) return 0x03;
 243   1        else if((0x0100<temp)&&(temp<0x015f)) return 0x06;
 244   1        else if((0x01f0<temp)&&(temp<0x021f))return 0x0a;
 245   1        else if((0x0230<temp)&&(temp<0x026f)) return 0x0b;
 246   1        else if((0x027f<temp)&&(temp<0x02df)) return 0x0d;
 247   1        else if((0x02ef<temp)&&(temp<0x033f)) return 0x0f;
 248   1        else return 0xff;
 249   1      }
 250          /*-------------------------------------------------------------------------
 251          *∫Ø ˝£∫Get_BATT_AD  AD÷µ≤…ºØ
 252          *≤Œ ˝£∫Œﬁ  
 253          *∑µªÿ÷µ£∫Œﬁ
 254          *-------------------------------------------------------------------------*/
 255          u16 Get_BATT_AD()
 256          {
 257   1        u16 i,j,reval;
 258   1        u32 temp;
 259   1        u16 val[5];
 260   1        xP3AEN=0x01;  //P3.0ƒ£ƒ‚Õ®µ¿ø™∆Ù
 261   1        ADCON=0x08; 
 262   1        delayus(10);
 263   1        for(i=0;i<5;i++)
 264   1        {
 265   2          ADGO=1;
 266   2          while(ADGO==1);
 267   2          val[i]=((ADRH<<8)|ADRL);
 268   2        }
 269   1        for(i=0;i<5;i++)
 270   1        {
 271   2          for(j=0;j<5-i;j++)
 272   2          {
 273   3            if(val[j]>val[j+1])
 274   3            {
 275   4              temp = val[j];
 276   4              val[j] = val[j+1];
 277   4              val[j+1] = temp;
 278   4            }
 279   3          }
 280   2        }
 281   1        reval=val[2];
 282   1        return reval;
 283   1      }


MODULE INFORMATION:   STATIC OVERLAYABLE
   CODE SIZE        =   1364    ----
   CONSTANT SIZE    =   ----    ----
   XDATA SIZE       =    109      42
   PDATA SIZE       =   ----    ----
   DATA SIZE        =   ----    ----
   IDATA SIZE       =   ----    ----
   BIT SIZE         =   ----    ----
END OF MODULE INFORMATION.


C51 COMPILATION COMPLETE.  0 WARNING(S),  0 ERROR(S)
