BL51 BANKED LINKER/LOCATER V6.22                                                        06/01/2018  15:43:52  PAGE 1


BL51 BANKED LINKER/LOCATER V6.22, INVOKED BY:
C:\KEIL\C51\BIN\BL51.EXE main.obj, system.obj, at24c08.obj, KB4815.obj, uart.obj, XN31202.obj, vco.obj, m62429.obj, even
>> t.obj, mode_wireless.obj, memory.obj TO CB589P RAMSIZE (256) DISABLEWARNING (16)


MEMORY MODEL: LARGE WITH FLOATING POINT ARITHMETIC


INPUT MODULES INCLUDED:
  main.obj (MAIN)
  system.obj (SYSTEM)
  at24c08.obj (AT24C08)
  KB4815.obj (KB4815)
  uart.obj (UART)
  XN31202.obj (XN31202)
  vco.obj (VCO)
  m62429.obj (M62429)
  event.obj (EVENT)
  mode_wireless.obj (MODE_WIRELESS)
  memory.obj (MEMORY)
  C:\KEIL\C51\LIB\C51FPL.LIB (?C?FPMUL)
  C:\KEIL\C51\LIB\C51FPL.LIB (?C?FPDIV)
  C:\KEIL\C51\LIB\C51FPL.LIB (?C?FPCMP)
  C:\KEIL\C51\LIB\C51FPL.LIB (?C?FCAST)
  C:\KEIL\C51\LIB\C51FPL.LIB (?C?CASTF)
  C:\KEIL\C51\LIB\C51FPL.LIB (?C?FPGETOPN)
  C:\KEIL\C51\LIB\C51L.LIB (?C_STARTUP)
  C:\KEIL\C51\LIB\C51L.LIB (?C?CLDPTR)
  C:\KEIL\C51\LIB\C51L.LIB (?C?CSTOPTR)
  C:\KEIL\C51\LIB\C51L.LIB (?C?IMUL)
  C:\KEIL\C51\LIB\C51L.LIB (?C?UIDIV)
  C:\KEIL\C51\LIB\C51L.LIB (?C?ILDIX)
  C:\KEIL\C51\LIB\C51L.LIB (?C?LMUL)
  C:\KEIL\C51\LIB\C51L.LIB (?C?ULDIV)
  C:\KEIL\C51\LIB\C51L.LIB (?C?LNEG)
  C:\KEIL\C51\LIB\C51L.LIB (?C?ULCMP)
  C:\KEIL\C51\LIB\C51L.LIB (?C?ULSHR)
  C:\KEIL\C51\LIB\C51L.LIB (?C?LSHL)
  C:\KEIL\C51\LIB\C51L.LIB (?C?LSTXDATA)
  C:\KEIL\C51\LIB\C51L.LIB (?C?LSTKXDATA)
  C:\KEIL\C51\LIB\C51L.LIB (?C_INIT)


LINK MAP OF MODULE:  CB589P (MAIN)


            TYPE    BASE      LENGTH    RELOCATION   SEGMENT NAME
            -----------------------------------------------------

            * * * * * * *   D A T A   M E M O R Y   * * * * * * *
            REG     0000H     0008H     ABSOLUTE     "REG BANK 0"
            IDATA   0008H     0001H     UNIT         ?STACK

            * * * * * * *  X D A T A   M E M O R Y  * * * * * * *
            XDATA   0000H     0132H     UNIT         ?XD?SYSTEM
            XDATA   0132H     00F8H     UNIT         ?XD?KB4815
            XDATA   022AH     004BH     UNIT         _XDATA_GROUP_
            XDATA   0275H     0008H     UNIT         ?XD?_EEPROMREADSEQUENTIAL?AT24C08
BL51 BANKED LINKER/LOCATER V6.22                                                      06/01/2018  15:43:52  PAGE 2


            XDATA   027DH     0008H     UNIT         ?XD?EVENT
            XDATA   0285H     0007H     UNIT         ?XD?_EEPROMWRITEPAGE?AT24C08
            XDATA   028CH     0004H     UNIT         ?XD?MAIN
            XDATA   0290H     0004H     UNIT         ?XD?SAVEDTMF?MEMORY
            XDATA   0294H     0001H     UNIT         ?XD?UART

            * * * * * * *   C O D E   M E M O R Y   * * * * * * *
            CODE    0000H     0003H     ABSOLUTE     
            CODE    0003H     0003H     ABSOLUTE     
            CODE    0006H     0004H     UNIT         ?PR?_SETVOLUMELEVEL?M62429
            CODE    000AH     0001H     UNIT         ?PR?SETSQSET?EVENT
            CODE    000BH     0003H     ABSOLUTE     
            CODE    000EH     0015H     UNIT         ?PR?INITTIMER0?SYSTEM
            CODE    0023H     0003H     ABSOLUTE     
            CODE    0026H     15CAH     UNIT         ?PR?CALCULATEFREQ?VCO
            CODE    15F0H     08ACH     UNIT         ?PR?CHECKRSSI?EVENT
            CODE    1E9CH     0628H     UNIT         ?PR?CHECKCBRADIOREC?MODE_WIRELESS
            CODE    24C4H     0605H     UNIT         ?PR?EVENTHANDLER?EVENT
            CODE    2AC9H     0595H     UNIT         ?PR?CHECKISSQOPEN?EVENT
            CODE    305EH     0564H     UNIT         ?PR?INITBK4815?KB4815
            CODE    35C2H     0535H     UNIT         ?C?LIB_CODE
            CODE    3AF7H     02D3H     UNIT         ?PR?STARTBK4815TX?KB4815
            CODE    3DCAH     026EH     UNIT         ?PR?ENTERBK4815RX?KB4815
            CODE    4038H     0264H     UNIT         ?PR?LOADALLPARAM?MEMORY
            CODE    429CH     01A6H     UNIT         ?CO?EVENT
            CODE    4442H     018EH     UNIT         ?PR?_SENDCOMMAND?UART
            CODE    45D0H     0149H     UNIT         ?C_INITSEG
            CODE    4719H     013CH     UNIT         ?PR?SETMODDA?EVENT
            CODE    4855H     0131H     UNIT         ?PR?UART0?UART
            CODE    4986H     012FH     UNIT         ?PR?SAVEALLPARAM?MEMORY
            CODE    4AB5H     012CH     UNIT         ?PR?CHECKALLPARAM?MEMORY
            CODE    4BE1H     00D6H     UNIT         ?PR?SAVESQSET?MEMORY
            CODE    4CB7H     00AEH     UNIT         ?PR?_EEPROMREADSEQUENTIAL?AT24C08
            CODE    4D65H     00A3H     UNIT         ?PR?SAVEDTMF?MEMORY
            CODE    4E08H     008CH     UNIT         ?C_C51STARTUP
            CODE    4E94H     0088H     UNIT         ?PR?_M62429_VOLUME?M62429
            CODE    4F1CH     0085H     UNIT         ?PR?SETDEFAULTPARAM?MEMORY
            CODE    4FA1H     0080H     UNIT         ?CO?KB4815
            CODE    5021H     007EH     UNIT         ?PR?POWER_ON_RX?MEMORY
            CODE    509FH     007CH     UNIT         ?PR?GET4815RSSI?MODE_WIRELESS
            CODE    511BH     0074H     UNIT         ?PR?WIRELESSCHECKREC?MODE_WIRELESS
            CODE    518FH     0064H     UNIT         ?PR?_EEPROMWRITEPAGE?AT24C08
            CODE    51F3H     0064H     UNIT         ?PR?_BK_DTMF_TX?KB4815
            CODE    5257H     0062H     UNIT         ?PR?_SETRFG?EVENT
            CODE    52B9H     0061H     UNIT         ?PR?MAIN?MAIN
            CODE    531AH     005EH     UNIT         ?PR?_BK_READ_REG?KB4815
            CODE    5378H     005AH     UNIT         ?PR?_SET_XN31202?XN31202
            CODE    53D2H     0058H     UNIT         ?PR?START1TX?EVENT
            CODE    542AH     0056H     UNIT         ?PR?BK_DTMF_RECIVE?KB4815
            CODE    5480H     0055H     UNIT         ?PR?IO_INIT?SYSTEM
            CODE    54D5H     004EH     UNIT         ?PR?_EEPROMREADBYTE?AT24C08
            CODE    5523H     004CH     UNIT         ?PR?AT24C08I2CREADBYTE?AT24C08
            CODE    556FH     0048H     UNIT         ?PR?START1RX?EVENT
            CODE    55B7H     0044H     UNIT         ?PR?AT24C08RXACK?AT24C08
            CODE    55FBH     0044H     UNIT         ?PR?_BK_WRITE_REG?KB4815
            CODE    563FH     003FH     UNIT         ?PR?BK_DTMF_INTERUPT_CLEAR?KB4815
            CODE    567EH     003FH     UNIT         ?PR?ISDTMFSENDOK?KB4815
BL51 BANKED LINKER/LOCATER V6.22                                                      06/01/2018  15:43:52  PAGE 3


            CODE    56BDH     003AH     UNIT         ?PR?_EEPROMWRITEBYTE?AT24C08
            CODE    56F7H     0038H     UNIT         ?PR?_AT24C08I2CWRITEBYTE?AT24C08
            CODE    572FH     0038H     UNIT         ?PR?IRQ_TIMER0?EVENT
            CODE    5767H     0036H     UNIT         ?PR?SYSMODEWIRELESS?MODE_WIRELESS
            CODE    579DH     0035H     UNIT         ?PR?INITPWM?SYSTEM
            CODE    57D2H     0031H     UNIT         ?PR?_SAVEDATA?MEMORY
            CODE    5803H     002EH     UNIT         ?PR?BK_RX2TX?KB4815
            CODE    5831H     0029H     UNIT         ?PR?_LOADDATA?MEMORY
            CODE    585AH     0028H     UNIT         ?PR?_AT24C08TXACK?AT24C08
            CODE    5882H     0026H     UNIT         ?PR?INITAD?SYSTEM
            CODE    58A8H     0021H     UNIT         ?PR?SETVOL?EVENT
            CODE    58C9H     0020H     UNIT         ?PR?_DELAYMS?SYSTEM
            CODE    58E9H     0020H     UNIT         ?PR?_READVOLTAGE?VCO
            CODE    5909H     001FH     UNIT         ?PR?INITREG01_19?KB4815
            CODE    5928H     001FH     UNIT         ?PR?_UART0SENDDATA?UART
            CODE    5947H     001EH     UNIT         ?PR?BK_RAMP_TABLE_INIT?KB4815
            CODE    5965H     001EH     UNIT         ?PR?BK_DTMF_RX_READ?KB4815
            CODE    5983H     001EH     UNIT         ?PR?SETSQ?EVENT
            CODE    59A1H     001DH     UNIT         ?PR?INT0_IRQ?MAIN
            CODE    59BEH     001BH     UNIT         ?PR?BK4815RXAUDIO?KB4815
            CODE    59D9H     001BH     UNIT         ?PR?SETPOWER?EVENT
            CODE    59F4H     001AH     UNIT         ?PR?UART0_INIT?SYSTEM
            CODE    5A0EH     0019H     UNIT         ?PR?BK_ENABLE_TX_INBANDSIGNAL?KB4815
            CODE    5A27H     0019H     UNIT         ?PR?BK_DISABLE_TX_INBANDSIGNAL?KB4815
            CODE    5A40H     0018H     UNIT         ?PR?SYSTEMCLK_INIT?SYSTEM
            CODE    5A58H     0018H     UNIT         ?PR?UART1_INIT?SYSTEM
            CODE    5A70H     0018H     UNIT         ?PR?SYSTEMINIT?SYSTEM
            CODE    5A88H     0018H     UNIT         ?PR?_RESPONSE?UART
            CODE    5AA0H     0018H     UNIT         ?PR?INITSYSMODEWIRELESS?MODE_WIRELESS
            CODE    5AB8H     0017H     UNIT         ?PR?INT0_INIT?SYSTEM
            CODE    5ACFH     0017H     UNIT         ?PR?_UART0SENDSTRING?UART
            CODE    5AE6H     0016H     UNIT         ?PR?AT24C08I2CSTOP?AT24C08
            CODE    5AFCH     0016H     UNIT         ?PR?SETBK4815PRAGRAM?KB4815
            CODE    5B12H     0016H     UNIT         ?PR?_CHANGE_VOLUME?M62429
            CODE    5B28H     0016H     UNIT         ?PR?SETMODULATION?EVENT
            CODE    5B3EH     0014H     UNIT         ?PR?_SETFRQCAL?EVENT
            CODE    5B52H     0014H     UNIT         ?PR?_SETEMISSION?EVENT
            CODE    5B66H     0013H     UNIT         ?PR?AT24C08I2CSTART?AT24C08
            CODE    5B79H     0013H     UNIT         ?PR?BK_TX2RX?KB4815
            CODE    5B8CH     0013H     UNIT         ?PR?INITHANDLER?EVENT
            CODE    5B9FH     0013H     UNIT         ?PR?INITMEMORY?MEMORY
            CODE    5BB2H     0012H     UNIT         ?PR?INITM62429?M62429
            CODE    5BC4H     0010H     UNIT         ?PR?BK4815SLEEP?KB4815
            CODE    5BD4H     000FH     UNIT         ?PR?CLS_MUTE?EVENT
            CODE    5BE3H     000EH     UNIT         ?PR?BK4815RSSIANDSNR?KB4815
            CODE    5BF1H     000EH     UNIT         ?PR?ANALYSECMD?UART
            CODE    5BFFH     000EH     UNIT         ?PR?CLOSESQ?EVENT
            CODE    5C0DH     000BH     UNIT         ?PR?INITAT24C08?AT24C08
            CODE    5C18H     000AH     UNIT         ?PR?INITXN31202?XN31202
            CODE    5C22H     000AH     UNIT         ?PR?_SETFREQ?VCO
            CODE    5C2CH     000AH     UNIT         ?CO?M62429
            CODE    5C36H     0008H     UNIT         ?PR?_UART0SENDBYTE?UART
            CODE    5C3EH     0008H     UNIT         ?PR?SET_MUTE?EVENT
            CODE    5C46H     0007H     UNIT         ?PR?CHECKSQ?EVENT
            CODE    5C4DH     0003H     UNIT         ?PR?_DELAYUS?SYSTEM
            CODE    5C50H     0003H     UNIT         ?PR?_DELAYUUS?UART
            CODE    5C53H     0001H     UNIT         ?PR?LOADTOBK4815?MEMORY
BL51 BANKED LINKER/LOCATER V6.22                                                      06/01/2018  15:43:52  PAGE 4





OVERLAY MAP OF MODULE:   CB589P (MAIN)


SEGMENT                                         XDATA_GROUP
  +--> CALLED SEGMENT                         START    LENGTH
-------------------------------------------------------------
?PR?UART0?UART                                022AH    0002H
  +--> ?PR?ANALYSECMD?UART

?PR?ANALYSECMD?UART                           -----    -----
  +--> ?PR?_RESPONSE?UART

?PR?_RESPONSE?UART                            -----    -----
  +--> ?PR?_UART0SENDDATA?UART

?PR?_UART0SENDDATA?UART                       -----    -----
  +--> ?PR?_UART0SENDBYTE?UART

*** NEW ROOT ***************************************************

?C_C51STARTUP                                 -----    -----
  +--> ?PR?MAIN?MAIN
  +--> ?C_INITSEG

?PR?MAIN?MAIN                                 -----    -----
  +--> ?PR?SYSTEMINIT?SYSTEM
  +--> ?PR?INITM62429?M62429
  +--> ?PR?INITXN31202?XN31202
  +--> ?PR?SETBK4815PRAGRAM?KB4815
  +--> ?PR?INITMEMORY?MEMORY
  +--> ?PR?_DELAYMS?SYSTEM
  +--> ?PR?INITHANDLER?EVENT
  +--> ?PR?EVENTHANDLER?EVENT

?PR?SYSTEMINIT?SYSTEM                         -----    -----
  +--> ?PR?SYSTEMCLK_INIT?SYSTEM
  +--> ?PR?IO_INIT?SYSTEM
  +--> ?PR?INITPWM?SYSTEM
  +--> ?PR?INITAD?SYSTEM
  +--> ?PR?INITTIMER0?SYSTEM
  +--> ?PR?UART0_INIT?SYSTEM
  +--> ?PR?INT0_INIT?SYSTEM

?PR?INITM62429?M62429                         -----    -----
  +--> ?PR?_SETVOLUMELEVEL?M62429

?PR?_SETVOLUMELEVEL?M62429                    -----    -----
  +--> ?PR?_CHANGE_VOLUME?M62429

?PR?_CHANGE_VOLUME?M62429                     -----    -----
  +--> ?CO?M62429
  +--> ?PR?_M62429_VOLUME?M62429

?PR?_M62429_VOLUME?M62429                     0230H    0002H
BL51 BANKED LINKER/LOCATER V6.22                                                      06/01/2018  15:43:52  PAGE 5


  +--> ?PR?_DELAYUS?SYSTEM

?PR?INITMEMORY?MEMORY                         -----    -----
  +--> ?PR?INITAT24C08?AT24C08
  +--> ?PR?SETDEFAULTPARAM?MEMORY
  +--> ?PR?SAVEALLPARAM?MEMORY
  +--> ?PR?SAVESQSET?MEMORY
  +--> ?PR?LOADALLPARAM?MEMORY
  +--> ?PR?POWER_ON_RX?MEMORY

?PR?SAVEALLPARAM?MEMORY                       0232H    0004H
  +--> ?PR?_SAVEDATA?MEMORY

?PR?_SAVEDATA?MEMORY                          -----    -----
  +--> ?PR?_EEPROMWRITEBYTE?AT24C08

?PR?_EEPROMWRITEBYTE?AT24C08                  0236H    0003H
  +--> ?PR?AT24C08I2CSTART?AT24C08
  +--> ?PR?_AT24C08I2CWRITEBYTE?AT24C08
  +--> ?PR?AT24C08RXACK?AT24C08
  +--> ?PR?AT24C08I2CSTOP?AT24C08
  +--> ?PR?_DELAYMS?SYSTEM

?PR?AT24C08I2CSTART?AT24C08                   -----    -----
  +--> ?PR?_DELAYUS?SYSTEM

?PR?_AT24C08I2CWRITEBYTE?AT24C08              0239H    0002H
  +--> ?PR?_DELAYUS?SYSTEM

?PR?AT24C08RXACK?AT24C08                      0239H    0001H
  +--> ?PR?_DELAYUS?SYSTEM
  +--> ?PR?AT24C08I2CSTOP?AT24C08

?PR?AT24C08I2CSTOP?AT24C08                    -----    -----
  +--> ?PR?_DELAYUS?SYSTEM

?PR?SAVESQSET?MEMORY                          0232H    0001H
  +--> ?PR?_SAVEDATA?MEMORY

?PR?LOADALLPARAM?MEMORY                       022CH    0006H
  +--> ?PR?_LOADDATA?MEMORY
  +--> ?PR?SETDEFAULTPARAM?MEMORY
  +--> ?PR?SAVEALLPARAM?MEMORY
  +--> ?PR?SAVESQSET?MEMORY
  +--> ?PR?CHECKALLPARAM?MEMORY

?PR?_LOADDATA?MEMORY                          -----    -----
  +--> ?PR?_EEPROMREADBYTE?AT24C08

?PR?_EEPROMREADBYTE?AT24C08                   0232H    0003H
  +--> ?PR?AT24C08I2CSTART?AT24C08
  +--> ?PR?_AT24C08I2CWRITEBYTE?AT24C08
  +--> ?PR?AT24C08RXACK?AT24C08
  +--> ?PR?AT24C08I2CREADBYTE?AT24C08
  +--> ?PR?_AT24C08TXACK?AT24C08
  +--> ?PR?AT24C08I2CSTOP?AT24C08
  +--> ?PR?_DELAYMS?SYSTEM
BL51 BANKED LINKER/LOCATER V6.22                                                      06/01/2018  15:43:52  PAGE 6



?PR?AT24C08I2CREADBYTE?AT24C08                0235H    0002H
  +--> ?PR?_DELAYUS?SYSTEM

?PR?_AT24C08TXACK?AT24C08                     0235H    0001H
  +--> ?PR?_DELAYUS?SYSTEM

?PR?CHECKALLPARAM?MEMORY                      0232H    0001H

?PR?POWER_ON_RX?MEMORY                        -----    -----
  +--> ?PR?_SET_XN31202?XN31202
  +--> ?PR?CALCULATEFREQ?VCO
  +--> ?PR?_SETFRQCAL?EVENT
  +--> ?PR?SETSQ?EVENT
  +--> ?PR?SETPOWER?EVENT
  +--> ?PR?SETMODULATION?EVENT
  +--> ?PR?SET_MUTE?EVENT
  +--> ?PR?SAVEALLPARAM?MEMORY

?PR?_SET_XN31202?XN31202                      0232H    0005H
  +--> ?PR?_DELAYUS?SYSTEM

?PR?CALCULATEFREQ?VCO                         0230H    000CH
  +--> ?PR?_SETFRQCAL?EVENT

?PR?EVENTHANDLER?EVENT                        022CH    0004H
  +--> ?PR?CALCULATEFREQ?VCO
  +--> ?PR?_SETEMISSION?EVENT
  +--> ?PR?SAVEALLPARAM?MEMORY
  +--> ?PR?INITSYSMODEWIRELESS?MODE_WIRELESS
  +--> ?PR?SYSMODEWIRELESS?MODE_WIRELESS
  +--> ?PR?BK4815SLEEP?KB4815
  +--> ?PR?_DELAYMS?SYSTEM
  +--> ?PR?_SENDCOMMAND?UART
  +--> ?PR?SAVESQSET?MEMORY
  +--> ?PR?SETPOWER?EVENT
  +--> ?PR?SETMODULATION?EVENT
  +--> ?PR?SETSQ?EVENT
  +--> ?PR?CHECKSQ?EVENT
  +--> ?PR?_SETRFG?EVENT
  +--> ?PR?SETVOL?EVENT
  +--> ?PR?_SET_XN31202?XN31202
  +--> ?PR?_SETFRQCAL?EVENT
  +--> ?PR?SET_MUTE?EVENT
  +--> ?PR?CLS_MUTE?EVENT

?PR?_SETEMISSION?EVENT                        -----    -----
  +--> ?PR?START1TX?EVENT
  +--> ?PR?START1RX?EVENT

?PR?START1TX?EVENT                            -----    -----
  +--> ?PR?_SETFREQ?VCO
  +--> ?PR?SETMODDA?EVENT

?PR?_SETFREQ?VCO                              -----    -----
  +--> ?PR?_SET_XN31202?XN31202

BL51 BANKED LINKER/LOCATER V6.22                                                      06/01/2018  15:43:52  PAGE 7


?PR?SETMODDA?EVENT                            0232H    0001H

?PR?START1RX?EVENT                            -----    -----
  +--> ?PR?_SETFREQ?VCO
  +--> ?PR?_SETRFG?EVENT

?PR?INITSYSMODEWIRELESS?MODE_WIRELESS         -----    -----
  +--> ?PR?INITBK4815?KB4815

?PR?INITBK4815?KB4815                         0230H    0003H
  +--> ?PR?_DELAYUS?SYSTEM
  +--> ?PR?_BK_WRITE_REG?KB4815
  +--> ?PR?_DELAYMS?SYSTEM
  +--> ?PR?BK_RAMP_TABLE_INIT?KB4815
  +--> ?PR?INITREG01_19?KB4815
  +--> ?PR?_BK_READ_REG?KB4815
  +--> ?CO?KB4815
  +--> ?PR?ENTERBK4815RX?KB4815

?PR?_BK_WRITE_REG?KB4815                      024EH    0001H

?PR?BK_RAMP_TABLE_INIT?KB4815                 -----    -----
  +--> ?PR?_BK_WRITE_REG?KB4815

?PR?INITREG01_19?KB4815                       -----    -----
  +--> ?PR?_BK_WRITE_REG?KB4815

?PR?_BK_READ_REG?KB4815                       0245H    0002H

?PR?ENTERBK4815RX?KB4815                      0243H    000BH
  +--> ?PR?_BK_WRITE_REG?KB4815
  +--> ?PR?_DELAYMS?SYSTEM

?PR?SYSMODEWIRELESS?MODE_WIRELESS             -----    -----
  +--> ?PR?WIRELESSCHECKREC?MODE_WIRELESS
  +--> ?PR?CHECKCBRADIOREC?MODE_WIRELESS
  +--> ?PR?BK_DTMF_RECIVE?KB4815
  +--> ?PR?_DELAYMS?SYSTEM
  +--> ?PR?BK4815SLEEP?KB4815

?PR?WIRELESSCHECKREC?MODE_WIRELESS            0230H    0002H
  +--> ?PR?BK4815RXAUDIO?KB4815
  +--> ?PR?_SETEMISSION?EVENT
  +--> ?PR?_DELAYMS?SYSTEM
  +--> ?PR?GET4815RSSI?MODE_WIRELESS

?PR?BK4815RXAUDIO?KB4815                      -----    -----
  +--> ?PR?_BK_WRITE_REG?KB4815

?PR?GET4815RSSI?MODE_WIRELESS                 0232H    0007H
  +--> ?PR?BK4815RSSIANDSNR?KB4815
  +--> ?PR?_DELAYUS?SYSTEM

?PR?BK4815RSSIANDSNR?KB4815                   -----    -----
  +--> ?PR?_BK_READ_REG?KB4815

?PR?CHECKCBRADIOREC?MODE_WIRELESS             0230H    0008H
BL51 BANKED LINKER/LOCATER V6.22                                                      06/01/2018  15:43:52  PAGE 8


  +--> ?PR?_READVOLTAGE?VCO
  +--> ?PR?CLS_MUTE?EVENT
  +--> ?PR?STARTBK4815TX?KB4815
  +--> ?PR?_DELAYMS?SYSTEM
  +--> ?CO?EVENT
  +--> ?PR?CLOSESQ?EVENT
  +--> ?PR?ENTERBK4815RX?KB4815

?PR?STARTBK4815TX?KB4815                      0238H    000BH
  +--> ?PR?_BK_WRITE_REG?KB4815
  +--> ?PR?_DELAYMS?SYSTEM
  +--> ?PR?_BK_READ_REG?KB4815
  +--> ?PR?ISDTMFSENDOK?KB4815
  +--> ?PR?BK_RX2TX?KB4815
  +--> ?PR?ENTERBK4815RX?KB4815

?PR?ISDTMFSENDOK?KB4815                       -----    -----
  +--> ?PR?BK_DTMF_INTERUPT_CLEAR?KB4815
  +--> ?PR?_BK_DTMF_TX?KB4815
  +--> ?PR?ENTERBK4815RX?KB4815
  +--> ?PR?_DELAYMS?SYSTEM
  +--> ?PR?BK_DTMF_RX_READ?KB4815

?PR?BK_DTMF_INTERUPT_CLEAR?KB4815             0243H    0002H
  +--> ?PR?_BK_READ_REG?KB4815
  +--> ?PR?_BK_WRITE_REG?KB4815

?PR?_BK_DTMF_TX?KB4815                        -----    -----
  +--> ?PR?_BK_READ_REG?KB4815
  +--> ?PR?_BK_WRITE_REG?KB4815
  +--> ?PR?BK_RX2TX?KB4815
  +--> ?PR?BK_DISABLE_TX_INBANDSIGNAL?KB4815
  +--> ?CO?KB4815
  +--> ?PR?BK_ENABLE_TX_INBANDSIGNAL?KB4815
  +--> ?PR?_DELAYMS?SYSTEM

?PR?BK_RX2TX?KB4815                           -----    -----
  +--> ?PR?_BK_WRITE_REG?KB4815
  +--> ?PR?_BK_READ_REG?KB4815

?PR?BK_DISABLE_TX_INBANDSIGNAL?KB4815         -----    -----
  +--> ?PR?_BK_READ_REG?KB4815
  +--> ?PR?_BK_WRITE_REG?KB4815

?PR?BK_ENABLE_TX_INBANDSIGNAL?KB4815          -----    -----
  +--> ?PR?_BK_READ_REG?KB4815
  +--> ?PR?_BK_WRITE_REG?KB4815

?PR?BK_DTMF_RX_READ?KB4815                    -----    -----
  +--> ?PR?_BK_READ_REG?KB4815

?PR?CLOSESQ?EVENT                             -----    -----
  +--> ?PR?SET_MUTE?EVENT

?PR?BK_DTMF_RECIVE?KB4815                     0230H    0001H
  +--> ?PR?BK_DTMF_RX_READ?KB4815
  +--> ?PR?_DELAYMS?SYSTEM
BL51 BANKED LINKER/LOCATER V6.22                                                      06/01/2018  15:43:52  PAGE 9


  +--> ?PR?_BK_DTMF_TX?KB4815
  +--> ?PR?ENTERBK4815RX?KB4815
  +--> ?PR?BK_TX2RX?KB4815
  +--> ?PR?BK_DTMF_INTERUPT_CLEAR?KB4815

?PR?BK_TX2RX?KB4815                           -----    -----
  +--> ?PR?_BK_WRITE_REG?KB4815

?PR?BK4815SLEEP?KB4815                        -----    -----
  +--> ?PR?_BK_WRITE_REG?KB4815

?PR?_SENDCOMMAND?UART                         0232H    0002H
  +--> ?PR?_UART0SENDDATA?UART

?PR?CHECKSQ?EVENT                             -----    -----
  +--> ?PR?CHECKRSSI?EVENT
  +--> ?PR?CHECKISSQOPEN?EVENT

?PR?CHECKRSSI?EVENT                           0230H    0045H
  +--> ?PR?_READVOLTAGE?VCO
  +--> ?PR?_SETRFG?EVENT
  +--> ?CO?EVENT

?PR?CHECKISSQOPEN?EVENT                       0230H    0002H
  +--> ?PR?CLS_MUTE?EVENT
  +--> ?CO?EVENT
  +--> ?PR?_SETEMISSION?EVENT
  +--> ?PR?CLOSESQ?EVENT
  +--> ?PR?_SENDCOMMAND?UART

?PR?SETVOL?EVENT                              -----    -----
  +--> ?PR?SET_MUTE?EVENT
  +--> ?PR?_SETVOLUMELEVEL?M62429
  +--> ?PR?CLS_MUTE?EVENT



SYMBOL TABLE OF MODULE:  CB589P (MAIN)

  VALUE           TYPE          NAME
  ----------------------------------

  -------         MODULE        MAIN
  C:0000H         SYMBOL        _ICE_DUMMY_
  D:0080H         PUBLIC        P0
  D:0090H         PUBLIC        P1
  D:00A0H         PUBLIC        P2
  D:00B0H         PUBLIC        P3
  D:00C8H         PUBLIC        T2CON1
  C:52B9H         PUBLIC        main
  X:028CH         PUBLIC        timePowOn
  C:59A1H         PUBLIC        INT0_Irq
  X:028EH         PUBLIC        isPowerOn
  B:0080H.0       PUBLIC        P00
  B:00B0H.4       PUBLIC        P34
  B:0090H.7       PUBLIC        P17
  X:028FH         PUBLIC        ini
BL51 BANKED LINKER/LOCATER V6.22                                                      06/01/2018  15:43:52  PAGE 10


  D:00E0H         PUBLIC        ACC
  D:0098H         PUBLIC        SCON0
  D:00C0H         PUBLIC        IIC0CON
  D:00ACH         PUBLIC        EINTCS0
  -------         PROC          MAIN
  C:52B9H         LINE#         17
  C:52B9H         LINE#         18
  C:52B9H         LINE#         19
  C:52BCH         LINE#         20
  C:52C4H         LINE#         21
  C:52C7H         LINE#         22
  C:52CAH         LINE#         23
  C:52CDH         LINE#         24
  C:52D0H         LINE#         25
  C:52D6H         LINE#         26
  C:52D6H         LINE#         27
  C:52DCH         LINE#         28
  C:52DCH         LINE#         29
  C:52EAH         LINE#         30
  C:52F1H         LINE#         31
  C:5300H         LINE#         32
  C:5300H         LINE#         33
  C:5306H         LINE#         34
  C:5306H         LINE#         35
  C:5308H         LINE#         37
  C:5308H         LINE#         38
  C:530FH         LINE#         39
  C:530FH         LINE#         40
  C:5311H         LINE#         41
  C:5311H         LINE#         42
  C:5311H         LINE#         43
  C:5314H         LINE#         45
  C:5317H         LINE#         47
  -------         ENDPROC       MAIN
  -------         PROC          INT0_IRQ
  C:59A1H         LINE#         50
  C:59A7H         LINE#         53
  C:59ADH         LINE#         56
  C:59AFH         LINE#         57
  C:59B2H         LINE#         58
  C:59B4H         LINE#         59
  C:59B7H         LINE#         61
  -------         ENDPROC       INT0_IRQ
  -------         ENDMOD        MAIN

  -------         MODULE        SYSTEM
  C:0000H         SYMBOL        _ICE_DUMMY_
  D:0080H         PUBLIC        P0
  D:0090H         PUBLIC        P1
  X:0000H         PUBLIC        mLastOpenSqDbLevel
  D:00A0H         PUBLIC        P2
  D:00B0H         PUBLIC        P3
  D:00AAH         PUBLIC        EIE2
  B:00A8H.7       PUBLIC        EA
  X:0001H         PUBLIC        mCbParam
  D:00A8H         PUBLIC        IE
  C:5480H         PUBLIC        IO_Init
BL51 BANKED LINKER/LOCATER V6.22                                                      06/01/2018  15:43:52  PAGE 11


  X:002AH         PUBLIC        mRssi
  D:0095H         PUBLIC        WPKEY
  C:5AB8H         PUBLIC        INT0_Init
  X:002BH         PUBLIC        mReferenceFreq
  X:002FH         PUBLIC        mDebugSqLevel
  D:00C8H         PUBLIC        T2CON1
  C:5A40H         PUBLIC        systemCLK_init
  C:5A70H         PUBLIC        SystemInit
  X:0030H         PUBLIC        mUartCmd
  X:0031H         PUBLIC        mTimer0
  D:008EH         PUBLIC        BRCON0
  X:0037H         PUBLIC        mSqParam
  X:007EH         PUBLIC        mLastRssi
  C:579DH         PUBLIC        initPWM
  D:008FH         PUBLIC        BRTIM0
  X:007FH         PUBLIC        mSq
  X:0081H         PUBLIC        mAgcaVoltage
  B:00A0H.2       PUBLIC        P22
  B:0090H.3       PUBLIC        P13
  B:0080H.4       PUBLIC        P04
  B:0090H.4       PUBLIC        P14
  D:0089H         PUBLIC        TMOD
  X:0083H         PUBLIC        mXn31202Ch1_Rx
  X:0087H         PUBLIC        mMessage
  B:0090H.6       PUBLIC        P16
  X:0089H         PUBLIC        mXn31202Ch1_Tx
  B:00B0H.6       PUBLIC        P36
  B:00A0H.7       PUBLIC        P27
  X:008DH         PUBLIC        mChannelBaseFreq
  B:00B0H.7       PUBLIC        P37
  B:0088H.1       PUBLIC        IE0
  D:0091H         PUBLIC        MCKDIV
  D:0092H         PUBLIC        MCKSEL
  B:00A8H.1       PUBLIC        ET0
  D:008CH         PUBLIC        TH0
  B:0088H.0       PUBLIC        IT0
  X:0091H         PUBLIC        mRecive
  D:008AH         PUBLIC        TL0
  X:0092H         PUBLIC        mUkReferenceFreq
  B:0088H.4       PUBLIC        TR0
  D:00FCH         PUBLIC        P0MDH
  D:00FDH         PUBLIC        P1MDH
  C:5882H         PUBLIC        initAd
  D:00FEH         PUBLIC        P2MDH
  X:00E2H         PUBLIC        mDtmfRecive
  D:00FFH         PUBLIC        P3MDH
  D:00ECH         PUBLIC        P0MDL
  D:00EDH         PUBLIC        P1MDL
  D:00EEH         PUBLIC        P2MDL
  D:00EFH         PUBLIC        P3MDL
  C:59F4H         PUBLIC        UART0_Init
  D:0098H         PUBLIC        SCON0
  C:5A58H         PUBLIC        UART1_Init
  D:00F1H         PUBLIC        SCON1
  X:00E6H         PUBLIC        mCurrentFreq
  X:00EAH         PUBLIC        mReceivePackage
  D:00C0H         PUBLIC        IIC0CON
BL51 BANKED LINKER/LOCATER V6.22                                                      06/01/2018  15:43:52  PAGE 12


  X:012CH         PUBLIC        mRssiVoltage
  X:012EH         PUBLIC        mFlag
  X:012FH         PUBLIC        mOpenSqDbLevel
  C:000EH         PUBLIC        initTimer0
  X:0130H         PUBLIC        mAsqVoltage
  D:0093H         PUBLIC        CLKEN
  C:58C9H         PUBLIC        _delayms
  D:00ACH         PUBLIC        EINTCS0
  C:5C4DH         PUBLIC        _delayus
  -------         PROC          SYSTEMCLK_INIT
  C:5A40H         LINE#         45
  C:5A40H         LINE#         46
  C:5A40H         LINE#         47
  C:5A43H         LINE#         48
  C:5A46H         LINE#         49
  C:5A49H         LINE#         50
  C:5A4EH         LINE#         51
  C:5A51H         LINE#         52
  C:5A54H         LINE#         53
  C:5A57H         LINE#         54
  -------         ENDPROC       SYSTEMCLK_INIT
  -------         PROC          INITTIMER0
  C:000EH         LINE#         56
  C:000EH         LINE#         57
  C:000EH         LINE#         59
  C:0015H         LINE#         60
  C:0018H         LINE#         61
  C:001BH         LINE#         62
  C:001EH         LINE#         63
  C:0020H         LINE#         64
  C:0022H         LINE#         65
  -------         ENDPROC       INITTIMER0
  -------         PROC          IO_INIT
  C:5480H         LINE#         68
  C:5480H         LINE#         69
  C:5480H         LINE#         70
  C:5483H         LINE#         71
  C:5486H         LINE#         72
  C:5488H         LINE#         75
  C:548BH         LINE#         76
  C:548EH         LINE#         77
  C:5491H         LINE#         78
  C:5493H         LINE#         79
  C:5495H         LINE#         80
  C:5497H         LINE#         81
  C:549AH         LINE#         82
  C:549DH         LINE#         83
  C:549FH         LINE#         86
  C:54A1H         LINE#         88
  C:54A4H         LINE#         89
  C:54A7H         LINE#         90
  C:54AEH         LINE#         91
  C:54B0H         LINE#         92
  C:54B2H         LINE#         94
  C:54B8H         LINE#         95
  C:54BCH         LINE#         97
  C:54C3H         LINE#         98
BL51 BANKED LINKER/LOCATER V6.22                                                      06/01/2018  15:43:52  PAGE 13


  C:54C7H         LINE#         99
  C:54CEH         LINE#         101
  C:54D4H         LINE#         102
  -------         ENDPROC       IO_INIT
  -------         PROC          INT0_INIT
  C:5AB8H         LINE#         103
  C:5AB8H         LINE#         104
  C:5AB8H         LINE#         105
  C:5ABAH         LINE#         106
  C:5AC1H         LINE#         107
  C:5AC3H         LINE#         108
  C:5AC6H         LINE#         109
  C:5AC8H         LINE#         110
  C:5ACBH         LINE#         111
  C:5ACEH         LINE#         113
  -------         ENDPROC       INT0_INIT
  -------         PROC          INITAD
  C:5882H         LINE#         114
  C:5882H         LINE#         115
  C:5882H         LINE#         116
  C:5885H         LINE#         117
  C:5888H         LINE#         118
  C:588FH         LINE#         120
  C:5896H         LINE#         121
  C:589AH         LINE#         122
  C:58A1H         LINE#         124
  C:58A7H         LINE#         127
  -------         ENDPROC       INITAD
  -------         PROC          INITPWM
  C:579DH         LINE#         129
  C:579DH         LINE#         130
  C:579DH         LINE#         131
  C:57A4H         LINE#         132
  C:57ABH         LINE#         133
  C:57B2H         LINE#         134
  C:57B8H         LINE#         135
  C:57BCH         LINE#         136
  C:57C0H         LINE#         137
  C:57C3H         LINE#         138
  C:57C6H         LINE#         140
  C:57CDH         LINE#         141
  C:57D1H         LINE#         142
  -------         ENDPROC       INITPWM
  -------         PROC          _DELAYMS
  D:0006H         SYMBOL        i
  -------         DO            
  D:0004H         SYMBOL        m
  D:0002H         SYMBOL        n
  -------         ENDDO         
  C:58C9H         LINE#         144
  C:58C9H         LINE#         145
  C:58C9H         LINE#         148
  C:58D3H         LINE#         149
  C:58D3H         LINE#         150
  C:58E1H         LINE#         151
  C:58E8H         LINE#         152
  -------         ENDPROC       _DELAYMS
BL51 BANKED LINKER/LOCATER V6.22                                                      06/01/2018  15:43:52  PAGE 14


  -------         PROC          _DELAYUS
  D:0007H         SYMBOL        i
  C:5C4DH         LINE#         153
  C:5C4DH         LINE#         154
  C:5C4DH         LINE#         155
  C:5C4FH         LINE#         156
  -------         ENDPROC       _DELAYUS
  -------         PROC          UART0_INIT
  C:59F4H         LINE#         159
  C:59F4H         LINE#         160
  C:59F4H         LINE#         161
  C:59FBH         LINE#         162
  C:59FEH         LINE#         163
  C:5A01H         LINE#         164
  C:5A04H         LINE#         165
  C:5A07H         LINE#         168
  C:5A0DH         LINE#         169
  -------         ENDPROC       UART0_INIT
  -------         PROC          UART1_INIT
  C:5A58H         LINE#         170
  C:5A58H         LINE#         171
  C:5A58H         LINE#         172
  C:5A5FH         LINE#         173
  C:5A62H         LINE#         175
  C:5A68H         LINE#         176
  C:5A6CH         LINE#         177
  C:5A6FH         LINE#         178
  -------         ENDPROC       UART1_INIT
  -------         PROC          SYSTEMINIT
  C:5A70H         LINE#         179
  C:5A70H         LINE#         180
  C:5A70H         LINE#         181
  C:5A73H         LINE#         182
  C:5A76H         LINE#         183
  C:5A79H         LINE#         184
  C:5A7CH         LINE#         185
  C:5A7FH         LINE#         186
  C:5A82H         LINE#         187
  C:5A85H         LINE#         188
  C:5A87H         LINE#         192
  -------         ENDPROC       SYSTEMINIT
  -------         ENDMOD        SYSTEM

  -------         MODULE        AT24C08
  C:0000H         SYMBOL        _ICE_DUMMY_
  C:5523H         PUBLIC        at24c08I2cReadByte
  D:0080H         PUBLIC        P0
  D:0090H         PUBLIC        P1
  D:00A0H         PUBLIC        P2
  D:00B0H         PUBLIC        P3
  C:56F7H         PUBLIC        _at24c08I2cWriteByte
  C:5AE6H         PUBLIC        at24c08I2cStop
  D:00C8H         PUBLIC        T2CON1
  C:518FH         PUBLIC        _eepromWritePage
  C:5C0DH         PUBLIC        initAt24c08
  C:54D5H         PUBLIC        _eepromReadByte
  C:4CB7H         PUBLIC        _eepromReadSequential
BL51 BANKED LINKER/LOCATER V6.22                                                      06/01/2018  15:43:52  PAGE 15


  C:56BDH         PUBLIC        _eepromWriteByte
  B:0080H.2       PUBLIC        P02
  B:0080H.3       PUBLIC        P03
  D:00ECH         PUBLIC        P0MDL
  D:0098H         PUBLIC        SCON0
  C:55B7H         PUBLIC        at24c08RxAck
  C:585AH         PUBLIC        _at24c08TxAck
  D:00C0H         PUBLIC        IIC0CON
  C:5B66H         PUBLIC        at24c08I2cStart
  -------         PROC          INITAT24C08
  C:5C0DH         LINE#         9
  C:5C0DH         LINE#         10
  C:5C0DH         LINE#         12
  C:5C10H         LINE#         13
  C:5C13H         LINE#         14
  C:5C15H         LINE#         15
  C:5C17H         LINE#         16
  -------         ENDPROC       INITAT24C08
  -------         PROC          AT24C08I2CSTART
  C:5B66H         LINE#         22
  C:5B66H         LINE#         23
  C:5B66H         LINE#         24
  C:5B68H         LINE#         25
  C:5B6AH         LINE#         26
  C:5B6FH         LINE#         27
  C:5B71H         LINE#         28
  C:5B76H         LINE#         29
  C:5B78H         LINE#         30
  -------         ENDPROC       AT24C08I2CSTART
  -------         PROC          AT24C08I2CSTOP
  C:5AE6H         LINE#         36
  C:5AE6H         LINE#         37
  C:5AE6H         LINE#         38
  C:5AE8H         LINE#         39
  C:5AEDH         LINE#         40
  C:5AEFH         LINE#         41
  C:5AF4H         LINE#         42
  C:5AF6H         LINE#         43
  C:5AFBH         LINE#         44
  -------         ENDPROC       AT24C08I2CSTOP
  -------         PROC          AT24C08RXACK
  -------         DO            
  X:0239H         SYMBOL        tempTime
  -------         ENDDO         
  C:55B7H         LINE#         50
  C:55B7H         LINE#         51
  C:55B7H         LINE#         53
  C:55BCH         LINE#         54
  C:55BEH         LINE#         55
  C:55C3H         LINE#         56
  C:55C9H         LINE#         58
  C:55CBH         LINE#         59
  C:55D0H         LINE#         60
  C:55D3H         LINE#         61
  C:55D3H         LINE#         62
  C:55D9H         LINE#         63
  C:55DFH         LINE#         64
BL51 BANKED LINKER/LOCATER V6.22                                                      06/01/2018  15:43:52  PAGE 16


  C:55DFH         LINE#         65
  C:55E2H         LINE#         66
  C:55E8H         LINE#         67
  C:55EBH         LINE#         68
  C:55EBH         LINE#         69
  C:55EBH         LINE#         71
  C:55EDH         LINE#         72
  C:55F3H         LINE#         73
  C:55F8H         LINE#         74
  C:55FAH         LINE#         75
  -------         ENDPROC       AT24C08RXACK
  -------         PROC          _AT24C08TXACK
  X:0235H         SYMBOL        ACK
  C:585AH         LINE#         81
  C:585FH         LINE#         82
  C:585FH         LINE#         83
  C:5861H         LINE#         84
  C:5866H         LINE#         85
  C:586EH         LINE#         86
  C:5873H         LINE#         87
  C:5875H         LINE#         88
  C:587AH         LINE#         89
  C:587CH         LINE#         90
  C:5881H         LINE#         91
  -------         ENDPROC       _AT24C08TXACK
  -------         PROC          _AT24C08I2CWRITEBYTE
  X:0239H         SYMBOL        value
  -------         DO            
  X:023AH         SYMBOL        i
  -------         ENDDO         
  C:56F7H         LINE#         97
  C:56FCH         LINE#         98
  C:56FCH         LINE#         101
  C:56FEH         LINE#         102
  C:5701H         LINE#         103
  C:5701H         LINE#         104
  C:5708H         LINE#         105
  C:5708H         LINE#         106
  C:570AH         LINE#         107
  C:570CH         LINE#         109
  C:570CH         LINE#         110
  C:570EH         LINE#         111
  C:570EH         LINE#         112
  C:5713H         LINE#         113
  C:5715H         LINE#         114
  C:571AH         LINE#         115
  C:571CH         LINE#         116
  C:5724H         LINE#         117
  C:572EH         LINE#         118
  -------         ENDPROC       _AT24C08I2CWRITEBYTE
  -------         PROC          AT24C08I2CREADBYTE
  -------         DO            
  X:0235H         SYMBOL        i
  X:0236H         SYMBOL        temp
  -------         ENDDO         
  C:5523H         LINE#         124
  C:5523H         LINE#         125
BL51 BANKED LINKER/LOCATER V6.22                                                      06/01/2018  15:43:52  PAGE 17


  C:5523H         LINE#         128
  C:5525H         LINE#         129
  C:552AH         LINE#         130
  C:5530H         LINE#         131
  C:5535H         LINE#         132
  C:553AH         LINE#         133
  C:553AH         LINE#         134
  C:5542H         LINE#         135
  C:5545H         LINE#         136
  C:5545H         LINE#         137
  C:5549H         LINE#         138
  C:5549H         LINE#         139
  C:554EH         LINE#         140
  C:5550H         LINE#         141
  C:5555H         LINE#         142
  C:5557H         LINE#         143
  C:5563H         LINE#         144
  C:5569H         LINE#         145
  C:556EH         LINE#         146
  -------         ENDPROC       AT24C08I2CREADBYTE
  -------         PROC          _EEPROMWRITEBYTE
  X:0236H         SYMBOL        page
  X:0237H         SYMBOL        addr
  X:0238H         SYMBOL        value
  C:56BDH         LINE#         152
  C:56C8H         LINE#         153
  C:56C8H         LINE#         154
  C:56CBH         LINE#         155
  C:56D3H         LINE#         156
  C:56D6H         LINE#         157
  C:56DEH         LINE#         158
  C:56E1H         LINE#         159
  C:56E9H         LINE#         160
  C:56ECH         LINE#         161
  C:56EFH         LINE#         162
  C:56F6H         LINE#         163
  -------         ENDPROC       _EEPROMWRITEBYTE
  -------         PROC          _EEPROMWRITEPAGE
  X:0285H         SYMBOL        page
  X:0286H         SYMBOL        p_value
  X:0289H         SYMBOL        addr
  X:028AH         SYMBOL        len
  -------         DO            
  X:028BH         SYMBOL        i
  -------         ENDDO         
  C:518FH         LINE#         169
  C:519DH         LINE#         170
  C:519DH         LINE#         172
  C:51A0H         LINE#         173
  C:51A8H         LINE#         174
  C:51ABH         LINE#         175
  C:51B3H         LINE#         176
  C:51B6H         LINE#         178
  C:51C6H         LINE#         179
  C:51C6H         LINE#         180
  C:51DDH         LINE#         181
  C:51E0H         LINE#         183
BL51 BANKED LINKER/LOCATER V6.22                                                      06/01/2018  15:43:52  PAGE 18


  C:51E8H         LINE#         184
  C:51EBH         LINE#         185
  C:51F2H         LINE#         186
  -------         ENDPROC       _EEPROMWRITEPAGE
  -------         PROC          _EEPROMREADBYTE
  X:0232H         SYMBOL        page
  X:0233H         SYMBOL        addr
  -------         DO            
  X:0234H         SYMBOL        value
  -------         ENDDO         
  C:54D5H         LINE#         192
  C:54DDH         LINE#         193
  C:54DDH         LINE#         196
  C:54E0H         LINE#         197
  C:54E8H         LINE#         198
  C:54EBH         LINE#         199
  C:54F3H         LINE#         200
  C:54F6H         LINE#         201
  C:54F9H         LINE#         202
  C:5503H         LINE#         203
  C:5506H         LINE#         204
  C:550EH         LINE#         205
  C:5513H         LINE#         206
  C:5516H         LINE#         207
  C:551DH         LINE#         208
  C:5522H         LINE#         209
  -------         ENDPROC       _EEPROMREADBYTE
  -------         PROC          _EEPROMREADSEQUENTIAL
  X:0275H         SYMBOL        page
  X:0276H         SYMBOL        p_data
  X:0279H         SYMBOL        addr
  X:027AH         SYMBOL        length
  -------         DO            
  X:027BH         SYMBOL        i
  -------         ENDDO         
  C:4CB7H         LINE#         215
  C:4CC5H         LINE#         216
  C:4CC5H         LINE#         219
  C:4CC8H         LINE#         220
  C:4CD0H         LINE#         221
  C:4CD3H         LINE#         222
  C:4CDBH         LINE#         223
  C:4CDEH         LINE#         224
  C:4CE1H         LINE#         225
  C:4CEBH         LINE#         226
  C:4CEEH         LINE#         227
  C:4D0DH         LINE#         228
  C:4D0DH         LINE#         229
  C:4D2AH         LINE#         230
  C:4D2FH         LINE#         231
  C:4D3FH         LINE#         232
  C:4D5CH         LINE#         233
  C:4D61H         LINE#         235
  C:4D64H         LINE#         236
  -------         ENDPROC       _EEPROMREADSEQUENTIAL
  -------         ENDMOD        AT24C08

BL51 BANKED LINKER/LOCATER V6.22                                                      06/01/2018  15:43:52  PAGE 19


  -------         MODULE        KB4815
  C:0000H         SYMBOL        _ICE_DUMMY_
  D:0080H         PUBLIC        P0
  D:0090H         PUBLIC        P1
  D:00A0H         PUBLIC        P2
  C:5909H         PUBLIC        initReg01_19
  D:00B0H         PUBLIC        P3
  X:0132H         PUBLIC        g_reg0_15_buff
  C:5965H         PUBLIC        BK_DTMF_RX_Read
  C:3DCAH         PUBLIC        EnterBK4815RX
  C:567EH         PUBLIC        isDtmfSendOK
  C:305EH         PUBLIC        initBK4815
  D:00C8H         PUBLIC        T2CON1
  X:0152H         PUBLIC        ramp_table
  X:01D2H         PUBLIC        rexci
  X:01E6H         PUBLIC        recivecode
  C:3AF7H         PUBLIC        StartBK4815TX
  C:59BEH         PUBLIC        BK4815RxAudio
  C:51F3H         PUBLIC        _BK_DTMF_TX
  B:00A0H.2       PUBLIC        P22
  B:0090H.4       PUBLIC        P14
  B:00B0H.5       PUBLIC        P35
  B:00B0H.6       PUBLIC        P36
  B:00A0H.7       PUBLIC        P27
  X:01E7H         PUBLIC        reg0_19
  B:00B0H.7       PUBLIC        P37
  C:542AH         PUBLIC        BK_DTMF_RECIVE
  C:5947H         PUBLIC        BK_Ramp_Table_Init
  C:563FH         PUBLIC        BK_DTMF_INTERUPT_CLEAR
  C:5001H         PUBLIC        SendDtmfHighArr
  C:5A27H         PUBLIC        BK_Disable_TX_InbandSignal
  C:4FC1H         PUBLIC        RecvDtmfHighArr
  B:00A8H.0       PUBLIC        EX0
  C:5BE3H         PUBLIC        BK4815RssiAndSnr
  C:5A0EH         PUBLIC        BK_Enable_TX_InbandSignal
  X:020DH         PUBLIC        channel
  C:5BC4H         PUBLIC        BK4815Sleep
  D:00FFH         PUBLIC        P3MDH
  C:5AFCH         PUBLIC        SetBK4815Pragram
  D:0098H         PUBLIC        SCON0
  D:00C0H         PUBLIC        IIC0CON
  X:0229H         PUBLIC        reccount
  C:531AH         PUBLIC        _BK_Read_Reg
  C:4FE1H         PUBLIC        SendDtmfLowArr
  C:5803H         PUBLIC        BK_RX2TX
  C:5B79H         PUBLIC        BK_TX2RX
  C:55FBH         PUBLIC        _BK_Write_Reg
  C:4FA1H         PUBLIC        RecvDtmfLowArr
  -------         PROC          SETBK4815PRAGRAM
  C:5AFCH         LINE#         56
  C:5AFCH         LINE#         57
  C:5AFCH         LINE#         58
  C:5B02H         LINE#         59
  C:5B04H         LINE#         60
  C:5B08H         LINE#         63
  C:5B0DH         LINE#         64
  C:5B11H         LINE#         65
BL51 BANKED LINKER/LOCATER V6.22                                                      06/01/2018  15:43:52  PAGE 20


  -------         ENDPROC       SETBK4815PRAGRAM
  -------         PROC          _BK_READ_REG
  D:0007H         SYMBOL        reg
  -------         DO            
  D:0005H         SYMBOL        i
  X:0245H         SYMBOL        dat
  -------         ENDDO         
  C:531AH         LINE#         72
  C:531AH         LINE#         73
  C:531AH         LINE#         76
  C:531EH         LINE#         77
  C:5321H         LINE#         78
  C:5323H         LINE#         79
  C:5325H         LINE#         80
  C:5327H         LINE#         81
  C:5327H         LINE#         82
  C:532FH         LINE#         83
  C:5331H         LINE#         84
  C:5333H         LINE#         85
  C:5335H         LINE#         86
  C:5339H         LINE#         87
  C:533EH         LINE#         88
  C:5344H         LINE#         89
  C:5346H         LINE#         90
  C:5346H         LINE#         91
  C:5353H         LINE#         92
  C:535EH         LINE#         93
  C:5360H         LINE#         94
  C:5362H         LINE#         95
  C:5367H         LINE#         97
  C:5369H         LINE#         98
  C:536FH         LINE#         99
  C:5377H         LINE#         100
  -------         ENDPROC       _BK_READ_REG
  -------         PROC          _BK_WRITE_REG
  D:0007H         SYMBOL        reg
  D:0004H         SYMBOL        dat
  -------         DO            
  D:0003H         SYMBOL        i
  X:024EH         SYMBOL        va
  -------         ENDDO         
  C:55FBH         LINE#         106
  C:55FBH         LINE#         107
  C:55FBH         LINE#         109
  C:5600H         LINE#         110
  C:5603H         LINE#         112
  C:5605H         LINE#         113
  C:5607H         LINE#         115
  C:5609H         LINE#         116
  C:5609H         LINE#         117
  C:5611H         LINE#         118
  C:5613H         LINE#         119
  C:5615H         LINE#         120
  C:5617H         LINE#         121
  C:561BH         LINE#         122
  C:5620H         LINE#         123
  C:5622H         LINE#         124
BL51 BANKED LINKER/LOCATER V6.22                                                      06/01/2018  15:43:52  PAGE 21


  C:5622H         LINE#         125
  C:562AH         LINE#         126
  C:562CH         LINE#         127
  C:562EH         LINE#         128
  C:5630H         LINE#         129
  C:5637H         LINE#         130
  C:563CH         LINE#         131
  C:563EH         LINE#         132
  -------         ENDPROC       _BK_WRITE_REG
  -------         PROC          BK_RAMP_TABLE_INIT
  -------         DO            
  D:0006H         SYMBOL        i
  -------         ENDDO         
  C:5947H         LINE#         133
  C:5947H         LINE#         134
  C:5947H         LINE#         136
  C:5949H         LINE#         137
  C:5964H         LINE#         138
  -------         ENDPROC       BK_RAMP_TABLE_INIT
  -------         PROC          INITREG01_19
  -------         DO            
  D:0006H         SYMBOL        i
  -------         ENDDO         
  C:5909H         LINE#         139
  C:5909H         LINE#         140
  C:5909H         LINE#         142
  C:590BH         LINE#         143
  C:590BH         LINE#         144
  C:5922H         LINE#         145
  C:5927H         LINE#         146
  -------         ENDPROC       INITREG01_19
  -------         PROC          INITBK4815
  -------         DO            
  D:0002H         SYMBOL        i
  X:0230H         SYMBOL        val
  X:0232H         SYMBOL        freqband
  -------         ENDDO         
  C:305EH         LINE#         153
  C:305EH         LINE#         154
  C:305EH         LINE#         157
  C:3065H         LINE#         159
  C:3067H         LINE#         160
  C:3069H         LINE#         161
  C:306EH         LINE#         162
  C:3070H         LINE#         163
  C:3075H         LINE#         164
  C:307AH         LINE#         165
  C:307EH         LINE#         166
  C:3087H         LINE#         167
  C:308BH         LINE#         168
  C:3092H         LINE#         169
  C:309BH         LINE#         171
  C:30A4H         LINE#         173
  C:30ACH         LINE#         174
  C:30AEH         LINE#         175
  C:30AEH         LINE#         176
  C:30D0H         LINE#         177
BL51 BANKED LINKER/LOCATER V6.22                                                      06/01/2018  15:43:52  PAGE 22


  C:30E6H         LINE#         178
  C:30EBH         LINE#         181
  C:30EEH         LINE#         183
  C:30F1H         LINE#         184
  C:30FAH         LINE#         185
  C:3103H         LINE#         186
  C:310CH         LINE#         187
  C:3115H         LINE#         188
  C:311DH         LINE#         190
  C:3126H         LINE#         191
  C:312FH         LINE#         193
  C:3138H         LINE#         194
  C:3141H         LINE#         195
  C:3149H         LINE#         197
  C:3151H         LINE#         198
  C:3159H         LINE#         199
  C:3161H         LINE#         201
  C:3169H         LINE#         202
  C:3171H         LINE#         203
  C:3179H         LINE#         204
  C:3182H         LINE#         205
  C:318AH         LINE#         206
  C:3193H         LINE#         207
  C:319CH         LINE#         208
  C:31A5H         LINE#         209
  C:31AEH         LINE#         210
  C:31B7H         LINE#         212
  C:31C0H         LINE#         214
  C:31C9H         LINE#         215
  C:31D2H         LINE#         216
  C:31DBH         LINE#         217
  C:31E3H         LINE#         218
  C:31EBH         LINE#         220
  C:31F4H         LINE#         221
  C:31FDH         LINE#         222
  C:3206H         LINE#         223
  C:320FH         LINE#         224
  C:3218H         LINE#         225
  C:3221H         LINE#         226
  C:322AH         LINE#         227
  C:3233H         LINE#         228
  C:323CH         LINE#         229
  C:3245H         LINE#         230
  C:324EH         LINE#         231
  C:3257H         LINE#         232
  C:3260H         LINE#         233
  C:3269H         LINE#         234
  C:3272H         LINE#         235
  C:327AH         LINE#         240
  C:3283H         LINE#         241
  C:328CH         LINE#         242
  C:3295H         LINE#         243
  C:329EH         LINE#         244
  C:32A7H         LINE#         245
  C:32B0H         LINE#         246
  C:32B9H         LINE#         248
  C:32C2H         LINE#         249
BL51 BANKED LINKER/LOCATER V6.22                                                      06/01/2018  15:43:52  PAGE 23


  C:32CBH         LINE#         250
  C:32D4H         LINE#         251
  C:32DCH         LINE#         252
  C:32E5H         LINE#         253
  C:32EEH         LINE#         254
  C:32F6H         LINE#         255
  C:32FEH         LINE#         256
  C:3306H         LINE#         257
  C:330EH         LINE#         259
  C:3317H         LINE#         260
  C:331FH         LINE#         261
  C:3328H         LINE#         262
  C:3331H         LINE#         263
  C:333AH         LINE#         264
  C:3342H         LINE#         265
  C:334AH         LINE#         266
  C:3352H         LINE#         267
  C:335BH         LINE#         268
  C:3364H         LINE#         270
  C:336CH         LINE#         271
  C:3374H         LINE#         272
  C:337CH         LINE#         273
  C:3385H         LINE#         274
  C:338EH         LINE#         275
  C:3397H         LINE#         276
  C:339FH         LINE#         277
  C:33A8H         LINE#         278
  C:33B0H         LINE#         279
  C:33B9H         LINE#         281
  C:33C1H         LINE#         282
  C:33C9H         LINE#         283
  C:33D2H         LINE#         284
  C:33DAH         LINE#         285
  C:33E2H         LINE#         286
  C:33EBH         LINE#         287
  C:33F4H         LINE#         288
  C:33FDH         LINE#         289
  C:3406H         LINE#         290
  C:340EH         LINE#         292
  C:3416H         LINE#         293
  C:341FH         LINE#         294
  C:3428H         LINE#         295
  C:3431H         LINE#         298
  C:343AH         LINE#         300
  C:3443H         LINE#         301
  C:344CH         LINE#         303
  C:3455H         LINE#         304
  C:345EH         LINE#         305
  C:3467H         LINE#         306
  C:3470H         LINE#         307
  C:3479H         LINE#         308
  C:3482H         LINE#         309
  C:348BH         LINE#         313
  C:3498H         LINE#         314
  C:34A2H         LINE#         315
  C:34B2H         LINE#         316
  C:34BFH         LINE#         319
BL51 BANKED LINKER/LOCATER V6.22                                                      06/01/2018  15:43:52  PAGE 24


  C:34C7H         LINE#         320
  C:34C7H         LINE#         321
  C:34CDH         LINE#         322
  C:34D6H         LINE#         323
  C:34EAH         LINE#         324
  C:3504H         LINE#         325
  C:3509H         LINE#         326
  C:3509H         LINE#         330
  C:350BH         LINE#         332
  C:3518H         LINE#         333
  C:3525H         LINE#         334
  C:352AH         LINE#         336
  C:3537H         LINE#         337
  C:3544H         LINE#         338
  C:3555H         LINE#         339
  C:355AH         LINE#         341
  C:3567H         LINE#         342
  C:3574H         LINE#         343
  C:3579H         LINE#         345
  C:357BH         LINE#         346
  C:357BH         LINE#         347
  C:359BH         LINE#         351
  C:35B9H         LINE#         353
  C:35BEH         LINE#         355
  C:35C1H         LINE#         356
  -------         ENDPROC       INITBK4815
  -------         PROC          BK4815SLEEP
  C:5BC4H         LINE#         363
  C:5BC4H         LINE#         364
  C:5BC4H         LINE#         365
  C:5BCDH         LINE#         366
  C:5BCFH         LINE#         367
  C:5BD3H         LINE#         368
  -------         ENDPROC       BK4815SLEEP
  -------         PROC          BK4815RXAUDIO
  C:59BEH         LINE#         374
  C:59BEH         LINE#         375
  C:59BEH         LINE#         376
  C:59C7H         LINE#         377
  C:59CFH         LINE#         378
  C:59D8H         LINE#         380
  -------         ENDPROC       BK4815RXAUDIO
  -------         PROC          BK4815RSSIANDSNR
  C:5BE3H         LINE#         386
  C:5BE3H         LINE#         387
  C:5BE3H         LINE#         388
  C:5BF0H         LINE#         389
  -------         ENDPROC       BK4815RSSIANDSNR
  -------         PROC          BK_ENABLE_TX_INBANDSIGNAL
  -------         DO            
  D:0002H         SYMBOL        val
  -------         ENDDO         
  C:5A0EH         LINE#         396
  C:5A0EH         LINE#         397
  C:5A0EH         LINE#         398
  C:5A11H         LINE#         399
  C:5A1AH         LINE#         400
BL51 BANKED LINKER/LOCATER V6.22                                                      06/01/2018  15:43:52  PAGE 25


  C:5A1EH         LINE#         402
  C:5A26H         LINE#         403
  -------         ENDPROC       BK_ENABLE_TX_INBANDSIGNAL
  -------         PROC          BK_DISABLE_TX_INBANDSIGNAL
  -------         DO            
  D:0002H         SYMBOL        val
  -------         ENDDO         
  C:5A27H         LINE#         409
  C:5A27H         LINE#         410
  C:5A27H         LINE#         411
  C:5A2AH         LINE#         412
  C:5A33H         LINE#         413
  C:5A37H         LINE#         414
  C:5A3FH         LINE#         415
  -------         ENDPROC       BK_DISABLE_TX_INBANDSIGNAL
  -------         PROC          BK_RX2TX
  -------         DO            
  D:0006H         SYMBOL        val
  -------         ENDDO         
  C:5803H         LINE#         421
  C:5803H         LINE#         422
  C:5803H         LINE#         426
  C:580DH         LINE#         427
  C:5815H         LINE#         428
  C:581AH         LINE#         429
  C:581EH         LINE#         430
  C:5827H         LINE#         431
  C:5830H         LINE#         433
  -------         ENDPROC       BK_RX2TX
  -------         PROC          BK_TX2RX
  C:5B79H         LINE#         439
  C:5B79H         LINE#         440
  C:5B79H         LINE#         441
  C:5B82H         LINE#         442
  C:5B8BH         LINE#         443
  -------         ENDPROC       BK_TX2RX
  -------         PROC          BK_DTMF_INTERUPT_CLEAR
  -------         DO            
  X:0243H         SYMBOL        val
  -------         ENDDO         
  C:563FH         LINE#         445
  C:563FH         LINE#         446
  C:563FH         LINE#         448
  C:564CH         LINE#         449
  C:5659H         LINE#         450
  C:565EH         LINE#         451
  C:566BH         LINE#         452
  C:5678H         LINE#         453
  C:567DH         LINE#         454
  -------         ENDPROC       BK_DTMF_INTERUPT_CLEAR
  -------         PROC          BK_DTMF_RX_READ
  -------         DO            
  D:0004H         SYMBOL        dtmf_addr
  D:0002H         SYMBOL        val
  -------         ENDDO         
  C:5965H         LINE#         461
  C:5965H         LINE#         462
BL51 BANKED LINKER/LOCATER V6.22                                                      06/01/2018  15:43:52  PAGE 26


  C:5965H         LINE#         463
  C:5967H         LINE#         464
  C:5969H         LINE#         465
  C:5972H         LINE#         466
  C:5981H         LINE#         467
  C:5982H         LINE#         468
  -------         ENDPROC       BK_DTMF_RX_READ
  -------         PROC          _BK_DTMF_TX
  D:0001H         SYMBOL        buf
  -------         DO            
  D:0006H         SYMBOL        val
  -------         ENDDO         
  C:51F3H         LINE#         474
  C:51F5H         LINE#         475
  C:51F5H         LINE#         476
  C:51F5H         LINE#         477
  C:51F9H         LINE#         478
  C:51FDH         LINE#         481
  C:5202H         LINE#         482
  C:5206H         LINE#         483
  C:5209H         LINE#         484
  C:5211H         LINE#         485
  C:5214H         LINE#         486
  C:5217H         LINE#         487
  C:5219H         LINE#         489
  C:5231H         LINE#         490
  C:5249H         LINE#         492
  C:524CH         LINE#         494
  C:5253H         LINE#         495
  C:5256H         LINE#         498
  -------         ENDPROC       _BK_DTMF_TX
  -------         PROC          ISDTMFSENDOK
  -------         DO            
  D:0007H         SYMBOL        dat
  -------         ENDDO         
  C:567EH         LINE#         499
  C:567EH         LINE#         500
  C:567EH         LINE#         502
  C:5683H         LINE#         503
  C:5685H         LINE#         504
  C:5688H         LINE#         505
  C:5696H         LINE#         506
  C:5698H         LINE#         507
  C:569BH         LINE#         508
  C:56A2H         LINE#         509
  C:56A5H         LINE#         510
  C:56B5H         LINE#         511
  C:56B5H         LINE#         512
  C:56B7H         LINE#         513
  C:56BAH         LINE#         514
  C:56BAH         LINE#         516
  C:56BAH         LINE#         517
  C:56BCH         LINE#         518
  C:56BCH         LINE#         519
  -------         ENDPROC       ISDTMFSENDOK
  -------         PROC          STARTBK4815TX
  -------         DO            
BL51 BANKED LINKER/LOCATER V6.22                                                      06/01/2018  15:43:52  PAGE 27


  X:0238H         SYMBOL        val
  X:023AH         SYMBOL        if_h
  X:023CH         SYMBOL        if_l
  X:023EH         SYMBOL        val1
  X:0242H         SYMBOL        freqband
  -------         ENDDO         
  C:3AF7H         LINE#         525
  C:3AF7H         LINE#         526
  C:3AF7H         LINE#         527
  C:3AFEH         LINE#         528
  C:3B02H         LINE#         529
  C:3B06H         LINE#         531
  C:3B0AH         LINE#         532
  C:3B0CH         LINE#         533
  C:3B10H         LINE#         535
  C:3B14H         LINE#         537
  C:3B1BH         LINE#         538
  C:3B74H         LINE#         539
  C:3BD1H         LINE#         540
  C:3C2BH         LINE#         541
  C:3C87H         LINE#         542
  C:3C94H         LINE#         544
  C:3CC2H         LINE#         546
  C:3CE2H         LINE#         547
  C:3CFBH         LINE#         548
  C:3D04H         LINE#         549
  C:3D11H         LINE#         550
  C:3D1EH         LINE#         553
  C:3D25H         LINE#         556
  C:3D32H         LINE#         557
  C:3D3DH         LINE#         558
  C:3D4AH         LINE#         559
  C:3D4FH         LINE#         561
  C:3D58H         LINE#         562
  C:3D61H         LINE#         563
  C:3D6AH         LINE#         564
  C:3D73H         LINE#         565
  C:3D79H         LINE#         566
  C:3D79H         LINE#         568
  C:3D82H         LINE#         569
  C:3D8BH         LINE#         570
  C:3D98H         LINE#         571
  C:3DA3H         LINE#         572
  C:3DB0H         LINE#         573
  C:3DB5H         LINE#         575
  C:3DB8H         LINE#         576
  C:3DBCH         LINE#         577
  C:3DBEH         LINE#         578
  C:3DC5H         LINE#         580
  C:3DC6H         LINE#         582
  C:3DC6H         LINE#         583
  C:3DC9H         LINE#         584
  C:3DC9H         LINE#         587
  -------         ENDPROC       STARTBK4815TX
  -------         PROC          ENTERBK4815RX
  -------         DO            
  X:0243H         SYMBOL        val
BL51 BANKED LINKER/LOCATER V6.22                                                      06/01/2018  15:43:52  PAGE 28


  X:0245H         SYMBOL        if_h
  X:0247H         SYMBOL        if_l
  X:0249H         SYMBOL        val1
  X:024DH         SYMBOL        freqband
  -------         ENDDO         
  C:3DCAH         LINE#         596
  C:3DCAH         LINE#         597
  C:3DCAH         LINE#         598
  C:3DD1H         LINE#         599
  C:3DD5H         LINE#         600
  C:3DD9H         LINE#         602
  C:3DDDH         LINE#         603
  C:3DDFH         LINE#         604
  C:3DE3H         LINE#         605
  C:3DE7H         LINE#         607
  C:3DEEH         LINE#         608
  C:3E47H         LINE#         609
  C:3EA4H         LINE#         610
  C:3EFEH         LINE#         611
  C:3F5AH         LINE#         612
  C:3F67H         LINE#         614
  C:3F95H         LINE#         616
  C:3FB5H         LINE#         617
  C:3FCEH         LINE#         618
  C:3FD7H         LINE#         619
  C:3FE4H         LINE#         620
  C:3FF1H         LINE#         623
  C:3FF8H         LINE#         624
  C:4001H         LINE#         625
  C:400AH         LINE#         626
  C:4013H         LINE#         627
  C:401CH         LINE#         628
  C:4025H         LINE#         629
  C:402EH         LINE#         631
  C:4037H         LINE#         633
  -------         ENDPROC       ENTERBK4815RX
  -------         PROC          BK_DTMF_RECIVE
  -------         DO            
  D:0001H         SYMBOL        dat
  X:0230H         SYMBOL        i
  -------         ENDDO         
  C:542AH         LINE#         635
  C:542AH         LINE#         636
  C:542AH         LINE#         637
  C:542CH         LINE#         638
  C:5430H         LINE#         640
  C:5435H         LINE#         641
  C:5444H         LINE#         645
  C:5451H         LINE#         646
  C:5451H         LINE#         647
  C:5458H         LINE#         648
  C:5462H         LINE#         649
  C:5468H         LINE#         650
  C:546BH         LINE#         651
  C:546EH         LINE#         652
  C:5475H         LINE#         653
  C:5477H         LINE#         655
BL51 BANKED LINKER/LOCATER V6.22                                                      06/01/2018  15:43:52  PAGE 29


  C:5477H         LINE#         656
  C:547CH         LINE#         657
  C:547CH         LINE#         658
  C:547FH         LINE#         659
  -------         ENDPROC       BK_DTMF_RECIVE
  -------         ENDMOD        KB4815

  -------         MODULE        UART
  C:0000H         SYMBOL        _ICE_DUMMY_
  D:0080H         PUBLIC        P0
  D:0090H         PUBLIC        P1
  D:00A0H         PUBLIC        P2
  D:00B0H         PUBLIC        P3
  C:5C36H         PUBLIC        _uart0SendByte
  X:0294H         PUBLIC        cTxLength
  B:00A8H.4       PUBLIC        ES
  D:00C8H         PUBLIC        T2CON1
  B:0098H.0       PUBLIC        RI
  B:0098H.1       PUBLIC        TI
  B:0090H.7       PUBLIC        P17
  C:5BF1H         PUBLIC        analyseCMD
  C:4855H         PUBLIC        Uart0
  D:0099H         PUBLIC        SBUF0
  D:0098H         PUBLIC        SCON0
  D:00C0H         PUBLIC        IIC0CON
  C:4442H         PUBLIC        _sendCommand
  C:5C50H         PUBLIC        _delayuus
  C:5A88H         PUBLIC        _response
  C:5ACFH         PUBLIC        _uart0SendString
  C:5928H         PUBLIC        _uart0SendData
  -------         PROC          _DELAYUUS
  D:0007H         SYMBOL        i
  C:5C50H         LINE#         7
  C:5C50H         LINE#         8
  C:5C50H         LINE#         9
  C:5C52H         LINE#         10
  -------         ENDPROC       _DELAYUUS
  -------         PROC          _UART0SENDBYTE
  D:0007H         SYMBOL        dat
  C:5C36H         LINE#         11
  C:5C36H         LINE#         12
  C:5C36H         LINE#         13
  C:5C38H         LINE#         14
  C:5C3BH         LINE#         15
  C:5C3DH         LINE#         16
  -------         ENDPROC       _UART0SENDBYTE
  -------         PROC          _UART0SENDSTRING
  D:0001H         SYMBOL        p
  C:5ACFH         LINE#         22
  C:5ACFH         LINE#         23
  C:5ACFH         LINE#         24
  C:5AD1H         LINE#         25
  C:5AD7H         LINE#         26
  C:5AD7H         LINE#         27
  C:5ADAH         LINE#         28
  C:5AE1H         LINE#         29
  C:5AE3H         LINE#         30
BL51 BANKED LINKER/LOCATER V6.22                                                      06/01/2018  15:43:52  PAGE 30


  C:5AE5H         LINE#         31
  -------         ENDPROC       _UART0SENDSTRING
  -------         PROC          _UART0SENDDATA
  D:0001H         SYMBOL        p
  C:5928H         LINE#         37
  C:5928H         LINE#         38
  C:5928H         LINE#         39
  C:592AH         LINE#         40
  C:5934H         LINE#         41
  C:5934H         LINE#         42
  C:593BH         LINE#         43
  C:5942H         LINE#         44
  C:5944H         LINE#         45
  C:5946H         LINE#         46
  -------         ENDPROC       _UART0SENDDATA
  -------         PROC          _RESPONSE
  D:0007H         SYMBOL        ack
  C:5A88H         LINE#         52
  C:5A88H         LINE#         53
  C:5A88H         LINE#         54
  C:5A8DH         LINE#         55
  C:5A90H         LINE#         56
  C:5A96H         LINE#         57
  C:5A9FH         LINE#         58
  -------         ENDPROC       _RESPONSE
  -------         PROC          _SENDCOMMAND
  D:0007H         SYMBOL        cmd
  -------         DO            
  X:0232H         SYMBOL        rssi
  X:0233H         SYMBOL        i
  -------         ENDDO         
  C:4442H         LINE#         65
  C:4442H         LINE#         66
  C:4442H         LINE#         69
  C:4447H         LINE#         70
  C:444DH         LINE#         71
  C:4459H         LINE#         72
  C:4459H         LINE#         74
  C:4459H         LINE#         75
  C:446CH         LINE#         76
  C:4474H         LINE#         77
  C:447AH         LINE#         78
  C:4482H         LINE#         79
  C:4484H         LINE#         81
  C:448AH         LINE#         82
  C:448DH         LINE#         84
  C:448DH         LINE#         85
  C:4496H         LINE#         86
  C:4496H         LINE#         87
  C:449CH         LINE#         88
  C:44B2H         LINE#         89
  C:44B2H         LINE#         90
  C:44B7H         LINE#         91
  C:44B9H         LINE#         93
  C:44B9H         LINE#         94
  C:44C2H         LINE#         96
  C:44C2H         LINE#         97
BL51 BANKED LINKER/LOCATER V6.22                                                      06/01/2018  15:43:52  PAGE 31


  C:44D8H         LINE#         98
  C:44D8H         LINE#         100
  C:44DDH         LINE#         101
  C:44DFH         LINE#         103
  C:44DFH         LINE#         104
  C:44E8H         LINE#         105
  C:44E8H         LINE#         107
  C:44EDH         LINE#         108
  C:44FDH         LINE#         109
  C:44FDH         LINE#         110
  C:4514H         LINE#         111
  C:451CH         LINE#         112
  C:4523H         LINE#         113
  C:4529H         LINE#         114
  C:452CH         LINE#         116
  C:452CH         LINE#         117
  C:4532H         LINE#         118
  C:4548H         LINE#         119
  C:4548H         LINE#         120
  C:454DH         LINE#         121
  C:454FH         LINE#         123
  C:454FH         LINE#         124
  C:4558H         LINE#         126
  C:4558H         LINE#         127
  C:456EH         LINE#         128
  C:456EH         LINE#         130
  C:4573H         LINE#         131
  C:4575H         LINE#         133
  C:4575H         LINE#         134
  C:457EH         LINE#         135
  C:457EH         LINE#         137
  C:4583H         LINE#         138
  C:4593H         LINE#         139
  C:4593H         LINE#         140
  C:45AAH         LINE#         141
  C:45B2H         LINE#         142
  C:45B9H         LINE#         143
  C:45BFH         LINE#         144
  C:45BFH         LINE#         145
  C:45C1H         LINE#         146
  C:45C1H         LINE#         147
  C:45C6H         LINE#         148
  C:45C6H         LINE#         149
  C:45C6H         LINE#         150
  C:45CFH         LINE#         151
  -------         ENDPROC       _SENDCOMMAND
  -------         PROC          ANALYSECMD
  C:5BF1H         LINE#         157
  C:5BF1H         LINE#         158
  C:5BF1H         LINE#         160
  C:5BF9H         LINE#         162
  C:5BFEH         LINE#         163
  -------         ENDPROC       ANALYSECMD
  -------         PROC          UART0
  -------         DO            
  X:022AH         SYMBOL        dat
  X:022BH         SYMBOL        i
BL51 BANKED LINKER/LOCATER V6.22                                                      06/01/2018  15:43:52  PAGE 32


  -------         ENDDO         
  C:4855H         LINE#         167
  C:486EH         LINE#         169
  C:4873H         LINE#         170
  C:4875H         LINE#         171
  C:487BH         LINE#         172
  C:4881H         LINE#         173
  C:4883H         LINE#         177
  C:4889H         LINE#         179
  C:488EH         LINE#         180
  C:488EH         LINE#         181
  C:4894H         LINE#         182
  C:4897H         LINE#         183
  C:4897H         LINE#         185
  C:48A5H         LINE#         186
  C:48A5H         LINE#         187
  C:48A5H         LINE#         188
  C:48B5H         LINE#         189
  C:48B9H         LINE#         190
  C:48B9H         LINE#         191
  C:48BFH         LINE#         192
  C:48BFH         LINE#         193
  C:48C2H         LINE#         194
  C:48C7H         LINE#         195
  C:48C9H         LINE#         197
  C:48C9H         LINE#         198
  C:48CFH         LINE#         199
  C:48CFH         LINE#         200
  C:48CFH         LINE#         201
  C:48D5H         LINE#         202
  C:48D8H         LINE#         203
  C:48D8H         LINE#         204
  C:48EDH         LINE#         205
  C:48F1H         LINE#         206
  C:48F1H         LINE#         207
  C:48FCH         LINE#         208
  C:48FCH         LINE#         209
  C:490AH         LINE#         210
  C:490AH         LINE#         211
  C:490FH         LINE#         212
  C:492DH         LINE#         213
  C:492DH         LINE#         214
  C:4944H         LINE#         215
  C:494AH         LINE#         216
  C:4952H         LINE#         217
  C:4961H         LINE#         218
  C:4961H         LINE#         219
  C:4964H         LINE#         220
  C:4969H         LINE#         221
  C:4969H         LINE#         222
  C:4969H         LINE#         224
  C:496FH         LINE#         225
  C:496FH         LINE#         226
  C:496FH         LINE#         228
  -------         ENDPROC       UART0
  -------         ENDMOD        UART

BL51 BANKED LINKER/LOCATER V6.22                                                      06/01/2018  15:43:52  PAGE 33


  -------         MODULE        XN31202
  C:0000H         SYMBOL        _ICE_DUMMY_
  D:0080H         PUBLIC        P0
  D:0090H         PUBLIC        P1
  D:00A0H         PUBLIC        P2
  D:00B0H         PUBLIC        P3
  D:00C8H         PUBLIC        T2CON1
  C:5378H         PUBLIC        _Set_XN31202
  B:0080H.4       PUBLIC        P04
  B:0080H.5       PUBLIC        P05
  B:0080H.6       PUBLIC        P06
  C:5C18H         PUBLIC        initXN31202
  D:00FCH         PUBLIC        P0MDH
  D:0098H         PUBLIC        SCON0
  D:00C0H         PUBLIC        IIC0CON
  -------         PROC          _SET_XN31202
  X:0232H         SYMBOL        dat
  X:0236H         SYMBOL        len
  -------         DO            
  D:0003H         SYMBOL        i
  -------         ENDDO         
  C:5378H         LINE#         9
  C:537EH         LINE#         10
  C:537EH         LINE#         12
  C:5380H         LINE#         13
  C:5385H         LINE#         14
  C:5391H         LINE#         15
  C:5391H         LINE#         16
  C:5393H         LINE#         17
  C:53ACH         LINE#         18
  C:53AEH         LINE#         19
  C:53C7H         LINE#         20
  C:53CAH         LINE#         21
  C:53CFH         LINE#         22
  C:53D1H         LINE#         23
  -------         ENDPROC       _SET_XN31202
  -------         PROC          INITXN31202
  C:5C18H         LINE#         29
  C:5C18H         LINE#         30
  C:5C18H         LINE#         38
  C:5C1BH         LINE#         40
  C:5C1DH         LINE#         41
  C:5C1FH         LINE#         42
  C:5C21H         LINE#         43
  -------         ENDPROC       INITXN31202
  -------         ENDMOD        XN31202

  -------         MODULE        VCO
  C:0000H         SYMBOL        _ICE_DUMMY_
  D:0080H         PUBLIC        P0
  D:0090H         PUBLIC        P1
  D:00A0H         PUBLIC        P2
  D:00B0H         PUBLIC        P3
  D:00C8H         PUBLIC        T2CON1
  D:00DAH         PUBLIC        ADRH
  D:00D9H         PUBLIC        ADRL
  C:0026H         PUBLIC        calculateFreq
BL51 BANKED LINKER/LOCATER V6.22                                                      06/01/2018  15:43:52  PAGE 34


  C:5C22H         PUBLIC        _setFreq
  D:0098H         PUBLIC        SCON0
  D:00D8H         PUBLIC        ADCON
  D:00C0H         PUBLIC        IIC0CON
  C:58E9H         PUBLIC        _readVoltage
  -------         PROC          CALCULATEFREQ
  -------         DO            
  X:0230H         SYMBOL        counter_a
  X:0234H         SYMBOL        counter_b
  X:0238H         SYMBOL        temp
  -------         ENDDO         
  C:0026H         LINE#         12
  C:0026H         LINE#         13
  C:0026H         LINE#         19
  C:0063H         LINE#         20
  C:0063H         LINE#         22
  C:0063H         LINE#         23
  C:0078H         LINE#         24
  C:0081H         LINE#         25
  C:0081H         LINE#         26
  C:009CH         LINE#         27
  C:009CH         LINE#         28
  C:00C3H         LINE#         29
  C:00C6H         LINE#         30
  C:00F0H         LINE#         31
  C:00F3H         LINE#         32
  C:011DH         LINE#         33
  C:0120H         LINE#         34
  C:014AH         LINE#         35
  C:014DH         LINE#         36
  C:014DH         LINE#         37
  C:014DH         LINE#         38
  C:014DH         LINE#         39
  C:0150H         LINE#         40
  C:0165H         LINE#         41
  C:0176H         LINE#         42
  C:018BH         LINE#         43
  C:01A6H         LINE#         44
  C:01A9H         LINE#         45
  C:01A9H         LINE#         46
  C:01BEH         LINE#         47
  C:01C7H         LINE#         48
  C:01C7H         LINE#         49
  C:01E2H         LINE#         50
  C:01E2H         LINE#         51
  C:0209H         LINE#         52
  C:020CH         LINE#         53
  C:0236H         LINE#         54
  C:0239H         LINE#         55
  C:0263H         LINE#         56
  C:0266H         LINE#         57
  C:0290H         LINE#         58
  C:0293H         LINE#         59
  C:0293H         LINE#         60
  C:0296H         LINE#         61
  C:02ABH         LINE#         62
  C:02BCH         LINE#         63
BL51 BANKED LINKER/LOCATER V6.22                                                      06/01/2018  15:43:52  PAGE 35


  C:02D1H         LINE#         64
  C:02ECH         LINE#         65
  C:02EFH         LINE#         66
  C:02EFH         LINE#         67
  C:030DH         LINE#         68
  C:0310H         LINE#         69
  C:0310H         LINE#         70
  C:0325H         LINE#         71
  C:032EH         LINE#         72
  C:032EH         LINE#         73
  C:0349H         LINE#         74
  C:0349H         LINE#         75
  C:0370H         LINE#         76
  C:0373H         LINE#         77
  C:039DH         LINE#         78
  C:03A0H         LINE#         79
  C:03CAH         LINE#         80
  C:03CDH         LINE#         81
  C:03F7H         LINE#         82
  C:03FAH         LINE#         83
  C:03FAH         LINE#         84
  C:03FDH         LINE#         85
  C:0412H         LINE#         86
  C:0423H         LINE#         87
  C:0438H         LINE#         88
  C:0453H         LINE#         89
  C:0456H         LINE#         90
  C:0456H         LINE#         91
  C:046BH         LINE#         92
  C:0474H         LINE#         93
  C:0474H         LINE#         94
  C:048FH         LINE#         95
  C:048FH         LINE#         96
  C:04B6H         LINE#         97
  C:04B9H         LINE#         98
  C:04E3H         LINE#         99
  C:04E6H         LINE#         100
  C:0510H         LINE#         101
  C:0513H         LINE#         102
  C:053DH         LINE#         103
  C:0540H         LINE#         104
  C:0540H         LINE#         105
  C:0543H         LINE#         106
  C:0558H         LINE#         107
  C:0569H         LINE#         108
  C:057EH         LINE#         109
  C:05A5H         LINE#         110
  C:05A8H         LINE#         111
  C:05A8H         LINE#         112
  C:05BDH         LINE#         113
  C:05C6H         LINE#         114
  C:05C6H         LINE#         115
  C:05E1H         LINE#         116
  C:05E1H         LINE#         117
  C:0608H         LINE#         118
  C:060BH         LINE#         119
  C:0635H         LINE#         120
BL51 BANKED LINKER/LOCATER V6.22                                                      06/01/2018  15:43:52  PAGE 36


  C:0638H         LINE#         121
  C:0662H         LINE#         122
  C:0665H         LINE#         123
[...]
  C:2065H         LINE#         167
  C:206DH         LINE#         168
  C:2075H         LINE#         169
  C:207BH         LINE#         170
  C:207BH         LINE#         171
  C:207BH         LINE#         172
  C:207BH         LINE#         173
  C:208EH         LINE#         174
  C:2097H         LINE#         176
  C:20C5H         LINE#         177
BL51 BANKED LINKER/LOCATER V6.22                                                      06/01/2018  15:43:52  PAGE 59


  C:20C5H         LINE#         178
  C:20C8H         LINE#         179
  C:20CBH         LINE#         180
  C:20CCH         LINE#         181
  C:20E3H         LINE#         183
  C:20E3H         LINE#         184
  C:20F6H         LINE#         185
  C:20F6H         LINE#         186
  C:20F6H         LINE#         187
  C:20F7H         LINE#         189
  C:20F7H         LINE#         190
  C:2167H         LINE#         191
  C:2167H         LINE#         192
  C:2170H         LINE#         193
  C:2179H         LINE#         194
  C:2182H         LINE#         195
  C:218BH         LINE#         196
  C:2194H         LINE#         197
  C:219DH         LINE#         198
  C:21A6H         LINE#         199
  C:21AFH         LINE#         200
  C:21B8H         LINE#         201
  C:21C1H         LINE#         202
  C:21CAH         LINE#         203
  C:21D2H         LINE#         204
  C:21DAH         LINE#         205
  C:21E2H         LINE#         206
  C:21EAH         LINE#         207
  C:21F2H         LINE#         208
  C:21FAH         LINE#         209
  C:2202H         LINE#         210
  C:220AH         LINE#         211
  C:2212H         LINE#         212
  C:221AH         LINE#         213
  C:2222H         LINE#         214
  C:222AH         LINE#         215
  C:2232H         LINE#         216
  C:223AH         LINE#         217
  C:2242H         LINE#         218
  C:224AH         LINE#         219
  C:2250H         LINE#         220
  C:2250H         LINE#         221
  C:2250H         LINE#         222
  C:2250H         LINE#         223
  C:2263H         LINE#         224
  C:226EH         LINE#         225
  C:227CH         LINE#         227
  C:2283H         LINE#         228
  C:2283H         LINE#         230
  C:22B4H         LINE#         231
  C:22B4H         LINE#         234
  C:22B7H         LINE#         235
  C:22BFH         LINE#         236
  C:22CAH         LINE#         237
  C:22CAH         LINE#         238
  C:22D7H         LINE#         239
  C:22DEH         LINE#         240
BL51 BANKED LINKER/LOCATER V6.22                                                      06/01/2018  15:43:52  PAGE 60


  C:22DEH         LINE#         241
  C:22DEH         LINE#         242
  C:22DFH         LINE#         244
  C:22DFH         LINE#         245
  C:234EH         LINE#         246
  C:234EH         LINE#         247
  C:2357H         LINE#         248
  C:2360H         LINE#         249
  C:2369H         LINE#         250
  C:2372H         LINE#         251
  C:237BH         LINE#         252
  C:2384H         LINE#         253
  C:238DH         LINE#         254
  C:2396H         LINE#         255
  C:239FH         LINE#         256
  C:23A8H         LINE#         257
  C:23B1H         LINE#         258
  C:23B9H         LINE#         259
  C:23C1H         LINE#         260
  C:23C9H         LINE#         261
  C:23D1H         LINE#         262
  C:23D9H         LINE#         263
  C:23E1H         LINE#         264
  C:23E9H         LINE#         265
  C:23F1H         LINE#         266
  C:23F9H         LINE#         267
  C:2401H         LINE#         268
  C:2409H         LINE#         269
  C:2411H         LINE#         270
  C:2419H         LINE#         271
  C:2421H         LINE#         272
  C:2429H         LINE#         273
  C:2431H         LINE#         274
  C:2437H         LINE#         275
  C:2437H         LINE#         276
  C:2437H         LINE#         277
  C:2437H         LINE#         278
  C:244DH         LINE#         279
  C:2458H         LINE#         280
  C:2466H         LINE#         282
  C:2487H         LINE#         283
  C:2495H         LINE#         284
  C:2495H         LINE#         286
  C:249BH         LINE#         287
  C:249BH         LINE#         288
  C:249EH         LINE#         289
  C:24A1H         LINE#         290
  C:24A1H         LINE#         291
  C:24A2H         LINE#         292
  C:24B9H         LINE#         294
  C:24B9H         LINE#         295
  C:24C3H         LINE#         296
  C:24C3H         LINE#         297
  C:24C3H         LINE#         298
  C:24C3H         LINE#         301
  -------         ENDPROC       CHECKCBRADIOREC
  -------         PROC          SYSMODEWIRELESS
BL51 BANKED LINKER/LOCATER V6.22                                                      06/01/2018  15:43:52  PAGE 61


  C:5767H         LINE#         307
  C:5767H         LINE#         308
  C:5767H         LINE#         310
  C:576DH         LINE#         311
  C:576DH         LINE#         313
  C:5774H         LINE#         314
  C:5774H         LINE#         315
  C:5777H         LINE#         316
  C:5777H         LINE#         318
  C:577EH         LINE#         319
  C:577EH         LINE#         320
  C:5781H         LINE#         321
  C:5781H         LINE#         322
  C:5788H         LINE#         323
  C:5788H         LINE#         324
  C:578BH         LINE#         325
  C:5790H         LINE#         326
  C:5790H         LINE#         327
  C:5792H         LINE#         328
  C:5799H         LINE#         329
  C:579CH         LINE#         330
  -------         ENDPROC       SYSMODEWIRELESS
  -------         ENDMOD        MODE_WIRELESS

  -------         MODULE        MEMORY
  C:0000H         SYMBOL        _ICE_DUMMY_
  D:0080H         PUBLIC        P0
  D:0090H         PUBLIC        P1
  D:00A0H         PUBLIC        P2
  D:00B0H         PUBLIC        P3
  C:4BE1H         PUBLIC        saveSQSet
  B:00A8H.7       PUBLIC        EA
  C:4F1CH         PUBLIC        setDefaultParam
  C:4AB5H         PUBLIC        checkAllParam
  D:00C8H         PUBLIC        T2CON1
  C:5831H         PUBLIC        _loadData
  C:57D2H         PUBLIC        _saveData
  C:4038H         PUBLIC        loadAllParam
  C:5B9FH         PUBLIC        initMemory
  C:4D65H         PUBLIC        saveDtmf
  C:4986H         PUBLIC        saveAllParam
  C:5C53H         PUBLIC        loadToBK4815
  C:5021H         PUBLIC        Power_On_Rx
  D:0098H         PUBLIC        SCON0
  D:00C0H         PUBLIC        IIC0CON
  -------         PROC          _SAVEDATA
  D:0002H         SYMBOL        addr
  D:0001H         SYMBOL        dat
  -------         DO            
  D:0007H         SYMBOL        page
  -------         ENDDO         
  C:57D2H         LINE#         26
  C:57D8H         LINE#         27
  C:57D8H         LINE#         30
  C:57DAH         LINE#         31
  C:57E7H         LINE#         32
  C:57E7H         LINE#         33
BL51 BANKED LINKER/LOCATER V6.22                                                      06/01/2018  15:43:52  PAGE 62


  C:57EBH         LINE#         34
  C:57EFH         LINE#         35
  C:57F3H         LINE#         36
  C:57F5H         LINE#         37
  C:57F5H         LINE#         39
  C:57F7H         LINE#         40
  C:5800H         LINE#         41
  C:5802H         LINE#         42
  -------         ENDPROC       _SAVEDATA
  -------         PROC          _LOADDATA
  D:0004H         SYMBOL        addr
  -------         DO            
  D:0007H         SYMBOL        dat
  D:0007H         SYMBOL        page
  -------         ENDDO         
  C:5831H         LINE#         49
  C:5835H         LINE#         50
  C:5835H         LINE#         53
  C:5837H         LINE#         54
  C:5844H         LINE#         55
  C:5844H         LINE#         56
  C:5848H         LINE#         57
  C:584CH         LINE#         58
  C:5850H         LINE#         59
  C:5852H         LINE#         60
  C:5852H         LINE#         62
  C:5854H         LINE#         63
  C:5857H         LINE#         64
  C:5859H         LINE#         65
  C:5859H         LINE#         66
  -------         ENDPROC       _LOADDATA
  -------         PROC          SAVEALLPARAM
  -------         DO            
  X:0232H         SYMBOL        fre
  -------         ENDDO         
  C:4986H         LINE#         74
  C:4986H         LINE#         75
  C:4986H         LINE#         76
  C:49A7H         LINE#         77
  C:49AFH         LINE#         78
  C:49BBH         LINE#         79
  C:49C7H         LINE#         80
  C:49D3H         LINE#         81
  C:49DFH         LINE#         82
  C:49EBH         LINE#         83
  C:49F7H         LINE#         84
  C:4A03H         LINE#         85
  C:4A0FH         LINE#         87
  C:4A1BH         LINE#         88
  C:4A27H         LINE#         89
  C:4A33H         LINE#         90
  C:4A3FH         LINE#         91
  C:4A5BH         LINE#         92
  C:4A7CH         LINE#         93
  C:4A9DH         LINE#         94
  C:4AB4H         LINE#         97
  -------         ENDPROC       SAVEALLPARAM
BL51 BANKED LINKER/LOCATER V6.22                                                      06/01/2018  15:43:52  PAGE 63


  -------         PROC          SAVESQSET
  -------         DO            
  X:0232H         SYMBOL        i
  -------         ENDDO         
  C:4BE1H         LINE#         98
  C:4BE1H         LINE#         99
  C:4BE1H         LINE#         101
  C:4BE6H         LINE#         102
  C:4BE6H         LINE#         103
  C:4C00H         LINE#         104
  C:4C1AH         LINE#         105
  C:4C26H         LINE#         107
  C:4C32H         LINE#         108
  C:4C3EH         LINE#         109
  C:4C4AH         LINE#         110
  C:4C56H         LINE#         111
  C:4C62H         LINE#         112
  C:4C6EH         LINE#         114
  C:4C7AH         LINE#         115
  C:4C86H         LINE#         116
  C:4C92H         LINE#         117
  C:4C9EH         LINE#         118
  C:4CAAH         LINE#         119
  C:4CB6H         LINE#         121
  -------         ENDPROC       SAVESQSET
  -------         PROC          SAVEDTMF
  -------         DO            
  X:0290H         SYMBOL        fre
  -------         ENDDO         
  C:4D65H         LINE#         124
  C:4D65H         LINE#         125
  C:4D65H         LINE#         126
  C:4D86H         LINE#         127
  C:4D92H         LINE#         128
  C:4DAEH         LINE#         129
  C:4DCFH         LINE#         130
  C:4DF0H         LINE#         131
  C:4E07H         LINE#         134
  -------         ENDPROC       SAVEDTMF
  -------         PROC          LOADTOBK4815
  C:5C53H         LINE#         135
  C:5C53H         LINE#         136
  C:5C53H         LINE#         138
  -------         ENDPROC       LOADTOBK4815
  -------         PROC          CHECKALLPARAM
  -------         DO            
  D:0007H         SYMBOL        i
  X:0232H         SYMBOL        go_flag
  -------         ENDDO         
  C:4AB5H         LINE#         144
  C:4AB5H         LINE#         145
  C:4AB5H         LINE#         147
  C:4ABBH         LINE#         148
  C:4AC7H         LINE#         150
  C:4AD3H         LINE#         151
  C:4AE1H         LINE#         153
  C:4AEDH         LINE#         154
BL51 BANKED LINKER/LOCATER V6.22                                                      06/01/2018  15:43:52  PAGE 64


  C:4AFAH         LINE#         155
  C:4B06H         LINE#         156
  C:4B12H         LINE#         157
  C:4B22H         LINE#         158
  C:4B2AH         LINE#         161
  C:4B30H         LINE#         162
  C:4B36H         LINE#         163
  C:4B38H         LINE#         164
  C:4B38H         LINE#         165
  C:4B53H         LINE#         166
  C:4B53H         LINE#         167
  C:4B5FH         LINE#         168
  C:4B5FH         LINE#         169
  C:4B7AH         LINE#         170
  C:4B7AH         LINE#         171
  C:4B86H         LINE#         172
  C:4B86H         LINE#         174
  C:4B8BH         LINE#         175
  C:4B8DH         LINE#         176
  C:4B8DH         LINE#         177
  C:4BA8H         LINE#         178
  C:4BA8H         LINE#         179
  C:4BB4H         LINE#         180
  C:4BB4H         LINE#         181
  C:4BCFH         LINE#         182
  C:4BCFH         LINE#         183
  C:4BDBH         LINE#         184
  C:4BDBH         LINE#         186
  C:4BE0H         LINE#         188
  -------         ENDPROC       CHECKALLPARAM
  -------         PROC          SETDEFAULTPARAM
  -------         DO            
  D:0007H         SYMBOL        i
  -------         ENDDO         
  C:4F1CH         LINE#         196
  C:4F1CH         LINE#         197
  C:4F1CH         LINE#         201
  C:4F21H         LINE#         202
  C:4F23H         LINE#         203
  C:4F29H         LINE#         204
  C:4F2FH         LINE#         205
  C:4F34H         LINE#         206
  C:4F39H         LINE#         207
  C:4F3FH         LINE#         208
  C:4F49H         LINE#         209
  C:4F4EH         LINE#         210
  C:4F52H         LINE#         211
  C:4F56H         LINE#         212
  C:4F62H         LINE#         213
  C:4F68H         LINE#         216
  C:4F6AH         LINE#         217
  C:4F6AH         LINE#         218
  C:4F76H         LINE#         219
  C:4F82H         LINE#         220
  C:4F87H         LINE#         222
  C:4F8CH         LINE#         223
  C:4F8EH         LINE#         224
BL51 BANKED LINKER/LOCATER V6.22                                                      06/01/2018  15:43:52  PAGE 65


  C:4F90H         LINE#         225
  C:4F92H         LINE#         226
  C:4F94H         LINE#         227
  C:4F98H         LINE#         228
  C:4F9AH         LINE#         229
  C:4F9CH         LINE#         230
  C:4F9EH         LINE#         231
  C:4FA0H         LINE#         234
  -------         ENDPROC       SETDEFAULTPARAM
  -------         PROC          LOADALLPARAM
  -------         DO            
  X:022CH         SYMBOL        i
  X:022DH         SYMBOL        fre
  X:0231H         SYMBOL        ddt
  -------         ENDDO         
  C:4038H         LINE#         242
  C:4038H         LINE#         243
  C:4038H         LINE#         246
  C:4042H         LINE#         247
  C:404DH         LINE#         248
  C:4058H         LINE#         249
  C:4058H         LINE#         250
  C:405BH         LINE#         251
  C:405EH         LINE#         252
  C:4061H         LINE#         253
  C:4064H         LINE#         255
  C:4064H         LINE#         257
  C:4070H         LINE#         259
  C:407CH         LINE#         260
  C:4088H         LINE#         261
  C:4094H         LINE#         262
  C:40A0H         LINE#         263
  C:40ACH         LINE#         264
  C:40B8H         LINE#         265
  C:40C4H         LINE#         267
  C:40D0H         LINE#         268
  C:40DCH         LINE#         269
  C:40E8H         LINE#         270
  C:40F9H         LINE#         271
  C:4101H         LINE#         272
  C:410DH         LINE#         274
  C:419CH         LINE#         275
  C:41BEH         LINE#         277
  C:41CDH         LINE#         278
  C:41CDH         LINE#         279
  C:41E7H         LINE#         280
  C:4200H         LINE#         281
  C:4208H         LINE#         283
  C:4214H         LINE#         284
  C:4220H         LINE#         285
  C:422CH         LINE#         286
  C:4238H         LINE#         287
  C:4244H         LINE#         288
  C:4250H         LINE#         290
  C:425CH         LINE#         291
  C:4268H         LINE#         292
  C:4274H         LINE#         293
BL51 BANKED LINKER/LOCATER V6.22                                                      06/01/2018  15:43:52  PAGE 66


  C:4280H         LINE#         294
  C:428CH         LINE#         295
  C:4298H         LINE#         297
  C:4298H         LINE#         298
  C:429BH         LINE#         300
  -------         ENDPROC       LOADALLPARAM
  -------         PROC          POWER_ON_RX
  C:5021H         LINE#         302
  C:5021H         LINE#         303
  C:5021H         LINE#         305
  C:5032H         LINE#         306
  C:506AH         LINE#         307
  C:5071H         LINE#         308
  C:5074H         LINE#         309
  C:507BH         LINE#         310
  C:507BH         LINE#         311
  C:5085H         LINE#         312
  C:5087H         LINE#         314
  C:5087H         LINE#         315
  C:508FH         LINE#         316
  C:508FH         LINE#         317
  C:5092H         LINE#         319
  C:5095H         LINE#         320
  C:5098H         LINE#         321
  C:509BH         LINE#         323
  C:509EH         LINE#         324
  -------         ENDPROC       POWER_ON_RX
  -------         PROC          INITMEMORY
  C:5B9FH         LINE#         330
  C:5B9FH         LINE#         331
  C:5B9FH         LINE#         332
  C:5BA2H         LINE#         334
  C:5BA5H         LINE#         335
  C:5BA8H         LINE#         336
  C:5BABH         LINE#         338
  C:5BAEH         LINE#         339
  C:5BB1H         LINE#         340
  -------         ENDPROC       INITMEMORY
  -------         ENDMOD        MEMORY

  -------         MODULE        ?C?FPMUL
  C:35C2H         PUBLIC        ?C?FPMUL
  -------         ENDMOD        ?C?FPMUL

  -------         MODULE        ?C?FPDIV
  C:36CBH         PUBLIC        ?C?FPDIV
  -------         ENDMOD        ?C?FPDIV

  -------         MODULE        ?C?FPCMP
  C:376AH         PUBLIC        ?C?FPCMP
  C:3768H         PUBLIC        ?C?FPCMP3
  -------         ENDMOD        ?C?FPCMP

  -------         MODULE        ?C?FCAST
  C:37EBH         PUBLIC        ?C?FCASTC
  C:37E6H         PUBLIC        ?C?FCASTI
  C:37E1H         PUBLIC        ?C?FCASTL
BL51 BANKED LINKER/LOCATER V6.22                                                      06/01/2018  15:43:52  PAGE 67


  -------         ENDMOD        ?C?FCAST

  -------         MODULE        ?C?CASTF
  C:381FH         PUBLIC        ?C?CASTF
  -------         ENDMOD        ?C?CASTF

  -------         MODULE        ?C?CLDPTR
  C:38A0H         PUBLIC        ?C?CLDPTR
  -------         ENDMOD        ?C?CLDPTR

  -------         MODULE        ?C?CSTOPTR
  C:38B9H         PUBLIC        ?C?CSTOPTR
  -------         ENDMOD        ?C?CSTOPTR

  -------         MODULE        ?C?IMUL
  C:38DBH         PUBLIC        ?C?IMUL
  -------         ENDMOD        ?C?IMUL

  -------         MODULE        ?C?UIDIV
  C:38EDH         PUBLIC        ?C?UIDIV
  -------         ENDMOD        ?C?UIDIV

  -------         MODULE        ?C?ILDIX
  C:3942H         PUBLIC        ?C?ILDIX
  -------         ENDMOD        ?C?ILDIX

  -------         MODULE        ?C?LMUL
  C:3958H         PUBLIC        ?C?LMUL
  -------         ENDMOD        ?C?LMUL

  -------         MODULE        ?C?ULDIV
  C:39E3H         PUBLIC        ?C?ULDIV
  -------         ENDMOD        ?C?ULDIV

  -------         MODULE        ?C?LNEG
  C:3A75H         PUBLIC        ?C?LNEG
  -------         ENDMOD        ?C?LNEG

  -------         MODULE        ?C?ULCMP
  C:3A83H         PUBLIC        ?C?ULCMP
  -------         ENDMOD        ?C?ULCMP

  -------         MODULE        ?C?ULSHR
  C:3A94H         PUBLIC        ?C?ULSHR
  -------         ENDMOD        ?C?ULSHR

  -------         MODULE        ?C?LSHL
  C:3AA7H         PUBLIC        ?C?LSHL
  -------         ENDMOD        ?C?LSHL

  -------         MODULE        ?C?LSTXDATA
  C:3ABAH         PUBLIC        ?C?LSTXDATA
  -------         ENDMOD        ?C?LSTXDATA

  -------         MODULE        ?C?LSTKXDATA
  C:3AC6H         PUBLIC        ?C?LSTKXDATA
  -------         ENDMOD        ?C?LSTKXDATA
BL51 BANKED LINKER/LOCATER V6.22                                                      06/01/2018  15:43:52  PAGE 68



Program Size: data=9.0 xdata=661 code=23636
LINK/LOCATE RUN COMPLETE.  0 WARNING(S),  0 ERROR(S)
