C51 COMPILER V9.52.0.0   VCO                                                               06/01/2018 15:43:49 PAGE 1   


C51 COMPILER V9.52.0.0, COMPILATION OF MODULE VCO
OBJECT MODULE PLACED IN vco.OBJ
COMPILER INVOKED BY: C:\Keil\C51\BIN\C51.EXE vco.c LARGE OPTIMIZE(6,SPEED) BROWSE INCDIR(G:\CB589P) DEBUG OBJECTEXTEND T
                    -ABS(2)

line level    source

   1          #include "system.h"
   2          #include "vco.h"
   3          #include "XN31202.h"
   4          #include "event.h"
   5          
   6          
   7          /*-------------------------------------------------------------------------
   8          *函数：calculateFreq  计算发射 接收频率  保存到  mXn31202Ch1_Rx  和 mXn31202Ch1_Tx
   9          *参数：mCbParam.Channel   信道号     mCbParam.Country 国家制式  cFreqStep 步进  
  10          *返回值：无
  11          *-------------------------------------------------------------------------*/
  12          void calculateFreq(void)
  13          {
  14   1        u32 counter_a;
  15   1        u32 counter_b;
  16   1        u32 temp;
  17   1      
  18   1        //
  19   1        switch(mCbParam.Country)
  20   1        {
  21   2          /*-----------table1------------*/
  22   2          case COUNTRY_EU:
  23   2            if(mCbParam.Channel==1) mCurrentFreq= 26965;
  24   2            else if(mCbParam.Channel<=22)
  25   2            {
  26   3              switch((mCbParam.Channel-1)%4)
  27   3              {
  28   4                case 0:mCurrentFreq=26965 +(mCbParam.Channel-1)/4*50;
  29   4                  break;
  30   4                case 1:mCurrentFreq=26965 +(mCbParam.Channel-1)/4*50+10;
  31   4                  break;
  32   4                case 2:mCurrentFreq=26965 +(mCbParam.Channel-1)/4*50+20;
  33   4                  break;
  34   4                case 3:mCurrentFreq=26965 +(mCbParam.Channel-1)/4*50+40;
  35   4                  break;    
  36   4                default:
  37   4                  break;
  38   4              }       
  39   3            }
  40   2            else if(mCbParam.Channel==23) mCurrentFreq=27255 ;
  41   2            else if(mCbParam.Channel==24) mCurrentFreq=27235 ;
  42   2            else if(mCbParam.Channel==25) mCurrentFreq=27245 ;
  43   2            else mCurrentFreq=27265 +(mCbParam.Channel-26)*10;   
  44   2            break;
  45   2          case COUNTRY_CE:
  46   2            if(mCbParam.Channel==1) mCurrentFreq= 26965;
  47   2            else if(mCbParam.Channel<=22)
  48   2            {
  49   3              switch((mCbParam.Channel-1)%4)
  50   3              {
  51   4                case 0:mCurrentFreq=26965 +(mCbParam.Channel-1)/4*50;
  52   4                  break;
  53   4                case 1:mCurrentFreq=26965 +(mCbParam.Channel-1)/4*50+10;
  54   4                  break;
C51 COMPILER V9.52.0.0   VCO                                                               06/01/2018 15:43:49 PAGE 2   

  55   4                case 2:mCurrentFreq=26965 +(mCbParam.Channel-1)/4*50+20;
  56   4                  break;
  57   4                case 3:mCurrentFreq=26965 +(mCbParam.Channel-1)/4*50+40;
  58   4                  break;          
  59   4              }       
  60   3            }     
  61   2            else if(mCbParam.Channel==23) mCurrentFreq=27255 ;
  62   2            else if(mCbParam.Channel==24) mCurrentFreq=27235 ;
  63   2            else if(mCbParam.Channel==25) mCurrentFreq=27245 ;
  64   2            else mCurrentFreq=27265 +(mCbParam.Channel-26)*10;  
  65   2            break;
  66   2          case COUNTRY_UK:
  67   2            mCurrentFreq=27601+(mCbParam.Channel-1)*10;
  68   2            break;
  69   2          case COUNTRY_PL:
  70   2            if(mCbParam.Channel==1) mCurrentFreq= 26960;
  71   2            else if(mCbParam.Channel<=22)
  72   2            {
  73   3              switch((mCbParam.Channel-1)%4)
  74   3              {
  75   4                case 0:mCurrentFreq=26960 +(mCbParam.Channel-1)/4*50;
  76   4                  break;
  77   4                case 1:mCurrentFreq=26960 +(mCbParam.Channel-1)/4*50+10;
  78   4                  break;
  79   4                case 2:mCurrentFreq=26960 +(mCbParam.Channel-1)/4*50+20;
  80   4                  break;
  81   4                case 3:mCurrentFreq=26960 +(mCbParam.Channel-1)/4*50+40;
  82   4                  break;          
  83   4              }       
  84   3            }     
  85   2            else if(mCbParam.Channel==23) mCurrentFreq=27250 ;
  86   2            else if(mCbParam.Channel==24) mCurrentFreq=27230 ;
  87   2            else if(mCbParam.Channel==25) mCurrentFreq=27240 ;
  88   2            else mCurrentFreq=27260 +(mCbParam.Channel-26)*10;    
  89   2            break;
  90   2          case COUNTRY_I0:
  91   2            if(mCbParam.Channel==1) mCurrentFreq= 26965;
  92   2            else if(mCbParam.Channel<=22)
  93   2            {
  94   3              switch((mCbParam.Channel-1)%4)
  95   3              {
  96   4                case 0:mCurrentFreq=26965 +(mCbParam.Channel-1)/4*50;
  97   4                  break;
  98   4                case 1:mCurrentFreq=26965 +(mCbParam.Channel-1)/4*50+10;
  99   4                  break;
 100   4                case 2:mCurrentFreq=26965 +(mCbParam.Channel-1)/4*50+20;
 101   4                  break;
 102   4                case 3:mCurrentFreq=26965 +(mCbParam.Channel-1)/4*50+40;
 103   4                  break;          
 104   4              }       
 105   3            }     
 106   2            else if(mCbParam.Channel==23) mCurrentFreq=27255;
 107   2            else if(mCbParam.Channel==24) mCurrentFreq=27235;
 108   2            else if(mCbParam.Channel==25) mCurrentFreq=27245;
 109   2            else if(mCbParam.Channel<=40) mCurrentFreq=27265+(mCbParam.Channel-26)*10;
 110   2            break;
 111   2          case COUNTRY_I2:
 112   2            if(mCbParam.Channel==1) mCurrentFreq= 26965;
 113   2            else if(mCbParam.Channel<=22)
 114   2            {
 115   3              switch((mCbParam.Channel-1)%4)
 116   3              {
C51 COMPILER V9.52.0.0   VCO                                                               06/01/2018 15:43:49 PAGE 3   

 117   4                case 0:mCurrentFreq=26965 +(mCbParam.Channel-1)/4*50;
 118   4                  break;
 119   4                case 1:mCurrentFreq=26965 +(mCbParam.Channel-1)/4*50+10;
 120   4                  break;
 121   4                case 2:mCurrentFreq=26965 +(mCbParam.Channel-1)/4*50+20;
 122   4                  break;
 123   4                case 3:mCurrentFreq=26965 +(mCbParam.Channel-1)/4*50+40;
 124   4                  break;          
 125   4              }       
 126   3            }       
 127   2            else if(mCbParam.Channel==23) mCurrentFreq=27255;
 128   2            else if(mCbParam.Channel==24) mCurrentFreq=27245;
 129   2            else if(mCbParam.Channel<=34) mCurrentFreq=26865+ (mCbParam.Channel-25)*10;
 130   2            else if(mCbParam.Channel==35) mCurrentFreq=26855;
 131   2            else if(mCbParam.Channel==36) mCurrentFreq=26865;
 132   2            break;
 133   2          case COUNTRY_DE:
 134   2            if(mCbParam.Channel==1) mCurrentFreq= 26965;
 135   2            else if(mCbParam.Channel<=22)
 136   2            {
 137   3              switch((mCbParam.Channel-1)%4)
 138   3              {
 139   4                case 0:mCurrentFreq=26965 +(mCbParam.Channel-1)/4*50;
 140   4                  break;
 141   4                case 1:mCurrentFreq=26965 +(mCbParam.Channel-1)/4*50+10;
 142   4                  break;
 143   4                case 2:mCurrentFreq=26965 +(mCbParam.Channel-1)/4*50+20;
 144   4                  break;
 145   4                case 3:mCurrentFreq=26965 +(mCbParam.Channel-1)/4*50+40;
 146   4                  break;          
 147   4              }       
 148   3            }       
 149   2            else if(mCbParam.Channel==23) mCurrentFreq=27255;
 150   2            else if(mCbParam.Channel==24) mCurrentFreq=27235;
 151   2            else if(mCbParam.Channel==25) mCurrentFreq=27245;
 152   2            else if(mCbParam.Channel<=40) mCurrentFreq=27265+(mCbParam.Channel-26)*10;
 153   2            else mCurrentFreq=26565+(mCbParam.Channel-41)*10;
 154   2            break;
 155   2          case COUNTRY_IN:
 156   2            if(mCbParam.Channel==1) mCurrentFreq= 26965;
 157   2            else if(mCbParam.Channel<=22)
 158   2            {
 159   3              switch((mCbParam.Channel-1)%4)
 160   3              {
 161   4                case 0:mCurrentFreq=26965 +(mCbParam.Channel-1)/4*50;
 162   4                  break;
 163   4                case 1:mCurrentFreq=26965 +(mCbParam.Channel-1)/4*50+10;
 164   4                  break;
 165   4                case 2:mCurrentFreq=26965 +(mCbParam.Channel-1)/4*50+20;
 166   4                  break;
 167   4                case 3:mCurrentFreq=26965 +(mCbParam.Channel-1)/4*50+40;
 168   4                  break;          
 169   4              }       
 170   3            }       
 171   2            else if(mCbParam.Channel==23) mCurrentFreq=27255;
 172   2            else if(mCbParam.Channel==24) mCurrentFreq=27235;
 173   2            else if(mCbParam.Channel==25) mCurrentFreq=27245;
 174   2            else if(mCbParam.Channel==26) mCurrentFreq=27265;
 175   2            else if(mCbParam.Channel==27) mCurrentFreq=27275;
 176   2            break;
 177   2          /*-----------table2-----------*/
 178   2          case COUNTRY_RU:
C51 COMPILER V9.52.0.0   VCO                                                               06/01/2018 15:43:49 PAGE 4   

 179   2            if(mCbParam.Channel==1) mCurrentFreq= mCbParam.Band*450+25615;
 180   2            else if(mCbParam.Channel<=22)
 181   2            {
 182   3              switch((mCbParam.Channel-1)%4)
 183   3              {
 184   4                case 0:mCurrentFreq=25615 +(mCbParam.Channel-1)/4*50+mCbParam.Band*450;
 185   4                  break;
 186   4                case 1:mCurrentFreq=25615 +(mCbParam.Channel-1)/4*50+10+ mCbParam.Band*450;
 187   4                  break;
 188   4                case 2:mCurrentFreq=25615 +(mCbParam.Channel-1)/4*50+20+ mCbParam.Band*450;
 189   4                  break;
 190   4                case 3:mCurrentFreq=25615 +(mCbParam.Channel-1)/4*50+40+ mCbParam.Band*450;
 191   4                  break;          
 192   4              }       
 193   3            }     
 194   2            else if(mCbParam.Channel==23) mCurrentFreq=25905+ mCbParam.Band*450 ;
 195   2            else if(mCbParam.Channel==24) mCurrentFreq=25885+ mCbParam.Band*450 ;
 196   2            else if(mCbParam.Channel==25) mCurrentFreq=25895+ mCbParam.Band*450 ;
 197   2            else mCurrentFreq=25915+ mCbParam.Band*450 +(mCbParam.Channel-26)*10; 
 198   2           
 199   2            break;
 200   2          case COUNTRY_PC:
 201   2            switch(mCbParam.Channel)
 202   2            {
 203   3              case 1:mCurrentFreq=25645;break;
 204   3              case 2:mCurrentFreq=25695;break;
 205   3              case 3:mCurrentFreq=25745;break;
 206   3              case 4:mCurrentFreq=25795;break;
 207   3              case 5:mCurrentFreq=25845;break;
 208   3              case 6:mCurrentFreq=26095;break;
 209   3              case 7:mCurrentFreq=26145;break;
 210   3              case 8:mCurrentFreq=26195;break;
 211   3              case 9:mCurrentFreq=26245;break;
 212   3              case 10:mCurrentFreq=26295;break;
 213   3              case 11:mCurrentFreq=26545;break;
 214   3              case 12:mCurrentFreq=26595;break;
 215   3              case 13:mCurrentFreq=26645;break;
 216   3              case 14:mCurrentFreq=26695;break;
 217   3              case 15:mCurrentFreq=26745;break;
 218   3              case 16:mCurrentFreq=26995;break;
 219   3              case 17:mCurrentFreq=27045;break;
 220   3              case 18:mCurrentFreq=27095;break;
 221   3              case 19:mCurrentFreq=27145;break;
 222   3              case 20:mCurrentFreq=27195;break;
 223   3              case 21:mCurrentFreq=27445;break;
 224   3              case 22:mCurrentFreq=27495;break;
 225   3              case 23:mCurrentFreq=27545;break;
 226   3              case 24:mCurrentFreq=27595;break;
 227   3              case 25:mCurrentFreq=27645;break;
 228   3              case 26:mCurrentFreq=27895;break;
 229   3              case 27:mCurrentFreq=27945;break;
 230   3              case 28:mCurrentFreq=27995;break;
 231   3              case 29:mCurrentFreq=28045;break;
 232   3              case 30:mCurrentFreq=28095;break;
 233   3              case 31:mCurrentFreq=28345;break;
 234   3              case 32:mCurrentFreq=28395;break;
 235   3              case 33:mCurrentFreq=28445;break;
 236   3              case 34:mCurrentFreq=28495;break;
 237   3              case 35:mCurrentFreq=28545;break;
 238   3              case 36:mCurrentFreq=28795;break;
 239   3              case 37:mCurrentFreq=28845;break;
 240   3              case 38:mCurrentFreq=28895;break;
C51 COMPILER V9.52.0.0   VCO                                                               06/01/2018 15:43:49 PAGE 5   

 241   3              case 39:mCurrentFreq=28945;break;
 242   3              case 40:mCurrentFreq=28995;break;
 243   3              case 41:mCurrentFreq=29245;break;
 244   3              case 42:mCurrentFreq=29295;break;
 245   3              case 43:mCurrentFreq=29345;break;
 246   3              case 44:mCurrentFreq=29395;break;
 247   3              case 45:mCurrentFreq=29445;break;
 248   3              case 46:mCurrentFreq=29695;break;
 249   3              case 47:mCurrentFreq=29745;break;
 250   3              case 48:mCurrentFreq=29795;break;
 251   3              case 49:mCurrentFreq=29845;break;
 252   3              case 50:mCurrentFreq=29895;break;
 253   3              default:
 254   3                break;
 255   3            }
 256   2            break;
 257   2          case COUNTRY_PX:
 258   2            if(mCbParam.Channel==1) mCurrentFreq=mCbParam.Band*450+ 25610;
 259   2          
 260   2            else if(mCbParam.Channel<=22)
 261   2            {
 262   3              switch((mCbParam.Channel-1)%4)
 263   3              {
 264   4                case 0:mCurrentFreq=25610 +(mCbParam.Channel-1)/4*50+ mCbParam.Band*450;
 265   4                  break;
 266   4                case 1:mCurrentFreq=25610 +(mCbParam.Channel-1)/4*50+10+ mCbParam.Band*450;
 267   4                  break;
 268   4                case 2:mCurrentFreq=25610 +(mCbParam.Channel-1)/4*50+20+ mCbParam.Band*450;
 269   4                  break;
 270   4                case 3:mCurrentFreq=25610 +(mCbParam.Channel-1)/4*50+40+ mCbParam.Band*450;
 271   4                  break;          
 272   4              }       
 273   3            }       
 274   2            else if(mCbParam.Channel==23) mCurrentFreq=25900+ mCbParam.Band*450 ;
 275   2            else if(mCbParam.Channel==24) mCurrentFreq=25880+ mCbParam.Band*450 ;
 276   2            else if(mCbParam.Channel==25) mCurrentFreq=25890+ mCbParam.Band*450 ;
 277   2            else mCurrentFreq=25910+ mCbParam.Band*450 +(mCbParam.Channel-26)*10; 
 278   2          
 279   2            break;
 280   2          /*----------table3-----------*/
 281   2          case COUNTRY_AU:
 282   2            
 283   2            if(mCbParam.Channel==1) mCurrentFreq= 26965;
 284   2            else if(mCbParam.Channel<=22)
 285   2            {
 286   3              switch((mCbParam.Channel-1)%4)
 287   3              {
 288   4                case 0:mCurrentFreq=26965 +(mCbParam.Channel-1)/4*50;
 289   4                  break;
 290   4                case 1:mCurrentFreq=26965 +(mCbParam.Channel-1)/4*50+10;
 291   4                  break;
 292   4                case 2:mCurrentFreq=26965 +(mCbParam.Channel-1)/4*50+20;
 293   4                  break;
 294   4                case 3:mCurrentFreq=26965 +(mCbParam.Channel-1)/4*50+40;
 295   4                  break;          
 296   4              }       
 297   3            }   
 298   2            else if(mCbParam.Channel>=26) mCurrentFreq=27265+(mCbParam.Channel-26)*10;    
 299   2            else if(mCbParam.Channel==23) mCurrentFreq=27255;     
 300   2            else if(mCbParam.Channel==24) mCurrentFreq=27235;
 301   2            else if(mCbParam.Channel==25) mCurrentFreq=27245;     
 302   2            break;
C51 COMPILER V9.52.0.0   VCO                                                               06/01/2018 15:43:49 PAGE 6   

 303   2          case COUNTRY_NL:
 304   2            if(mCbParam.Channel==1) mCurrentFreq= 26330;
 305   2            else if(mCbParam.Channel<=22)
 306   2            {
 307   3              switch((mCbParam.Channel-1)%4)
 308   3              {
 309   4                case 0:mCurrentFreq=26330 +(mCbParam.Channel-1)/4*50;
 310   4                  break;
 311   4                case 1:mCurrentFreq=26330 +(mCbParam.Channel-1)/4*50+10;
 312   4                  break;
 313   4                case 2:mCurrentFreq=26330 +(mCbParam.Channel-1)/4*50+20;
 314   4                  break;
 315   4                case 3:mCurrentFreq=26330 +(mCbParam.Channel-1)/4*50+40;
 316   4                  break;          
 317   4              }       
 318   3            }   
 319   2            else if(mCbParam.Channel>=26) mCurrentFreq=26630+(mCbParam.Channel-26)*10;    
 320   2            else if(mCbParam.Channel==23) mCurrentFreq=26620;   
 321   2            else if(mCbParam.Channel==24) mCurrentFreq=26600;
 322   2            else if(mCbParam.Channel==25) mCurrentFreq=26610;     
 323   2            break;
 324   2          case COUNTRY_AM:
 325   2            switch(mCbParam.Channel)
 326   2            {
 327   3              case 1:mCurrentFreq=27680;
 328   3                break;
 329   3              case 2:mCurrentFreq=27720;
 330   3                break;
 331   3              case 3:mCurrentFreq=27820;
 332   3                break;
 333   3              case 4:mCurrentFreq=27860;
 334   3                break;
 335   3              case 5:mCurrentFreq=27880;
 336   3                break;
 337   3              case 6:mCurrentFreq=27900;
 338   3                break;
 339   3              case 7:mCurrentFreq=27910;
 340   3                break;
 341   3              case 8:mCurrentFreq=27940;
 342   3                break;
 343   3              case 9:mCurrentFreq=27960;
 344   3                break;
 345   3              case 10:mCurrentFreq=27980;
 346   3                break;
 347   3              default:
 348   3                break;          
 349   3            }
 350   2            break;
 351   2          default:
 352   2            break;
 353   2        }
 354   1        
 355   1        
 356   1        mCurrentFreq*=1000; 
 357   1        if(mCbParam.Country==COUNTRY_UK) 
 358   1        {
 359   2          setFrqCal(mCbParam.FreqCal+170);    
 360   2        }
 361   1        else
 362   1        {
 363   2          setFrqCal(mCbParam.FreqCal);    
 364   2        }
C51 COMPILER V9.52.0.0   VCO                                                               06/01/2018 15:43:49 PAGE 7   

 365   1        temp = mCurrentFreq / mReferenceFreq / 2;
 366   1        
 367   1        counter_b = temp / 32;
 368   1        counter_a = temp % 32;
 369   1        mXn31202Ch1_Tx = CH1_REGISTER + (counter_b<<5) + counter_a;
 370   1        
 371   1        //mCurrentFreq += IF;
 372   1        temp = (mCurrentFreq + IF) / mReferenceFreq / 2;
 373   1        counter_b = temp / 32;
 374   1        counter_a = temp % 32;
 375   1        mXn31202Ch1_Rx = CH1_REGISTER + (counter_b<<5) + counter_a;
 376   1      }
 377          
 378          /*-------------------------------------------------------------------------
 379          *函数：setFreq  设置频率
 380          *参数：freq    频率  
 381          *返回值：无
 382          *-------------------------------------------------------------------------*/
 383          void setFreq(ulong freq)
 384          {
 385   1        Set_XN31202(freq,CH1_REGISTER_LEN);
 386   1      }
 387          /*-------------------------------------------------------------------------
 388          *函数：readVoltage  读音量
 389          *参数：freq    频率  
 390          *返回值：无
 391          *-------------------------------------------------------------------------*/
 392          uint readVoltage(uchar pin)
 393          { 
 394   1        u16 voltage;
 395   1        ADCON = pin;
 396   1        ADCON |= ADC_START;
 397   1        while(ADCON & ADC_START);  //等待转换结束
 398   1        voltage = ADRH; 
 399   1        voltage *= 256;
 400   1        voltage += ADRL;
 401   1        
 402   1        return (u16)voltage;  //取整  
 403   1      }


MODULE INFORMATION:   STATIC OVERLAYABLE
   CODE SIZE        =   5620    ----
   CONSTANT SIZE    =   ----    ----
   XDATA SIZE       =   ----      12
   PDATA SIZE       =   ----    ----
   DATA SIZE        =   ----    ----
   IDATA SIZE       =   ----    ----
   BIT SIZE         =   ----    ----
END OF MODULE INFORMATION.


C51 COMPILATION COMPLETE.  0 WARNING(S),  0 ERROR(S)
